Archive member included to satisfy reference by file (symbol)

C:/devkitPro/libnds/lib\libnds9.a(keys.o)
                              template.o (scanKeys)
C:/devkitPro/libnds/lib\libnds9.a(sprite_alloc.o)
                              template.o (oamAllocateGfx)
C:/devkitPro/libnds/lib\libnds9.a(sprite.o)
                              template.o (oamInit)
C:/devkitPro/libnds/lib\libnds9.a(trig.o)
                              C:/devkitPro/libnds/lib\libnds9.a(sprite.o) (sinLerp)
C:/devkitPro/calico/lib\libcalico_ds9.a(thread_cold.o)
                              template.o (threadIrqWait)
C:/devkitPro/calico/lib\libcalico_ds9.a(thread_hot.32.o)
                              C:/devkitPro/calico/lib\libcalico_ds9.a(thread_cold.o) (__sched_state)
C:/devkitPro/calico/lib\libcalico_ds9.a(arm-copy-fill.32.o)
                              C:/devkitPro/calico/lib\libcalico_ds9.a(thread_cold.o) (armCopyMem32)
C:/devkitPro/calico/lib\libcalico_ds9.a(arm-context.32.o)
                              C:/devkitPro/calico/lib\libcalico_ds9.a(thread_cold.o) (armContextSave)
C:/devkitPro/calico/lib\libcalico_ds9.a(arm-shims.32.o)
                              C:/devkitPro/calico/lib\libcalico_ds9.a(thread_cold.o) (armWaitForIrq)
C:/devkitPro/calico/lib\libcalico_ds9.a(arm-cache.32.o)
                              C:/devkitPro/libnds/lib\libnds9.a(sprite.o) (armDCacheFlush)
C:/devkitPro/calico/lib\libcalico_ds9.a(keypad.o)
                              C:/devkitPro/libnds/lib\libnds9.a(keys.o) (keypadGetState)
C:/devkitPro/calico/lib\libcalico_ds9.a(pm.o)
                              template.o (pmMainLoop)
C:/devkitPro/calico/lib\libcalico_ds9.a(bootstub_arm9.o)
                              (__ds9_bootstub)
C:/devkitPro/calico/lib\libcalico_ds9.a(excpt_handler.32.o)
                              C:/devkitPro/calico/lib\libcalico_ds9.a(bootstub_arm9.o) (__arm_excpt_rst)
C:/devkitPro/calico/lib\libcalico_ds9.a(touch.o)
                              template.o (touchRead)
C:/devkitPro/calico/lib\libcalico_ds9.a(tick.o)
                              C:/devkitPro/calico/lib\libcalico_ds9.a(thread_cold.o) (tickTaskStart)
C:/devkitPro/calico/lib\libcalico_ds9.a(mailbox.o)
                              C:/devkitPro/calico/lib\libcalico_ds9.a(pm.o) (mailboxRecv)
C:/devkitPro/calico/lib\libcalico_ds9.a(newlib_syscalls.o)
                              C:/devkitPro/calico/lib\libcalico_ds9.a(bootstub_arm9.o) (__newlib_syscalls)
C:/devkitPro/calico/lib\libcalico_ds9.a(startup.crt0.o)
                              C:/devkitPro/calico/lib\libcalico_ds9.a(bootstub_arm9.o) (crt0Startup)
C:/devkitPro/calico/lib\libcalico_ds9.a(utils.crt0.o)
                              C:/devkitPro/calico/lib\libcalico_ds9.a(startup.crt0.o) (crt0CopyMem32)
C:/devkitPro/calico/lib\libcalico_ds9.a(irq_handler.32.o)
                              C:/devkitPro/calico/lib\libcalico_ds9.a(bootstub_arm9.o) (__arm_excpt_irq)
C:/devkitPro/calico/lib\libcalico_ds9.a(pxi.o)
                              C:/devkitPro/calico/lib\libcalico_ds9.a(startup.crt0.o) (_pxiInit)
C:/devkitPro/calico/lib\libcalico_ds9.a(mpu_setup.crt0.o)
                              C:/devkitPro/calico/lib\libcalico_ds9.a(startup.crt0.o) (crt0SetupMPU)
C:/devkitPro/calico/lib\libcalico_ds9.a(sys_startup.o)
                              C:/devkitPro/calico/lib\libcalico_ds9.a(startup.crt0.o) (systemStartup)
C:/devkitPro/calico/lib\libcalico_ds9.a(irq.o)
                              C:/devkitPro/calico/lib\libcalico_ds9.a(tick.o) (irqSet)
C:/devkitPro/calico/lib\libcalico_ds9.a(mutex.o)
                              C:/devkitPro/calico/lib\libcalico_ds9.a(newlib_syscalls.o) (mutexLock)
C:/devkitPro/devkitARM/bin/../lib/gcc/arm-none-eabi/14.2.0/thumb\libgcc.a(_aeabi_uldivmod.o)
                              C:/devkitPro/calico/lib\libcalico_ds9.a(newlib_syscalls.o) (__aeabi_uldivmod)
C:/devkitPro/devkitARM/bin/../lib/gcc/arm-none-eabi/14.2.0/thumb\libgcc.a(_sync_none.o)
                              (__sync_synchronize_none)
C:/devkitPro/devkitARM/bin/../lib/gcc/arm-none-eabi/14.2.0/thumb\libgcc.a(_udivmoddi4.o)
                              C:/devkitPro/devkitARM/bin/../lib/gcc/arm-none-eabi/14.2.0/thumb\libgcc.a(_aeabi_uldivmod.o) (__udivmoddi4)
C:/devkitPro/devkitARM/bin/../lib/gcc/arm-none-eabi/14.2.0/thumb\libgcc.a(_dvmd_tls.o)
                              C:/devkitPro/devkitARM/bin/../lib/gcc/arm-none-eabi/14.2.0/thumb\libgcc.a(_aeabi_uldivmod.o) (__aeabi_ldiv0)
C:/devkitPro/devkitARM/bin/../lib/gcc/arm-none-eabi/14.2.0/thumb\libgcc.a(_clzdi2.o)
                              C:/devkitPro/devkitARM/bin/../lib/gcc/arm-none-eabi/14.2.0/thumb\libgcc.a(_udivmoddi4.o) (__clzdi2)
C:/devkitPro/devkitARM/bin/../lib/gcc/arm-none-eabi/14.2.0/thumb\libgcc.a(_clzsi2.o)
                              C:/devkitPro/devkitARM/bin/../lib/gcc/arm-none-eabi/14.2.0/thumb\libgcc.a(_clzdi2.o) (__clzsi2)
[...]
Memory Configuration

Name             Origin             Length             Attributes
lma9             0x02004000         0x0027c000
lma9i            0x02400000         0x00280000
vectors          0x00000000         0x00000020
itcm             0x01ff8020         0x00007fe0
main             0x02001000         0x00f7f000
dtcm             0x02ff0000         0x00003e80
dldi             0x0380b000         0x00004000
stub             0x0e000000         0x00004000
tls              0x00000000         0x00000400
*default*        0x00000000         0xffffffff

Linker script and memory map

                0x00000000                        __sync_synchronize = __sync_synchronize_none
LOAD C:/devkitPro/devkitARM/bin/../lib/gcc/arm-none-eabi/14.2.0/thumb/crti.o
LOAD C:/devkitPro/devkitARM/bin/../lib/gcc/arm-none-eabi/14.2.0/thumb/crtbegin.o
LOAD template.o
LOAD C:/devkitPro/libnds/lib\libnds9.a
LOAD C:/devkitPro/calico/lib\libcalico_ds9.a
START GROUP
LOAD C:/devkitPro/devkitARM/bin/../lib/gcc/arm-none-eabi/14.2.0/thumb\libgcc.a
LOAD C:/devkitPro/devkitARM/bin/../lib/gcc/arm-none-eabi/14.2.0/../../../../arm-none-eabi/lib/thumb\libg.a
LOAD C:/devkitPro/devkitARM/bin/../lib/gcc/arm-none-eabi/14.2.0/../../../../arm-none-eabi/lib/thumb\libc.a
LOAD C:/devkitPro/devkitARM/bin/../lib/gcc/arm-none-eabi/14.2.0/../../../../arm-none-eabi/lib/thumb\libsysbase.a
END GROUP
LOAD C:/devkitPro/devkitARM/bin/../lib/gcc/arm-none-eabi/14.2.0/thumb/crtend.o
LOAD C:/devkitPro/devkitARM/bin/../lib/gcc/arm-none-eabi/14.2.0/thumb/crtn.o
                0x02ff3e80                        PROVIDE (__sp_usr = (ORIGIN (dtcm) + LENGTH (dtcm)))
                0x02ff3f80                        PROVIDE (__sp_irq = (__sp_usr + 0x100))
                0x02ff3fc0                        PROVIDE (__sp_svc = (__sp_irq + 0x40))
                0x02ff3ff8                        PROVIDE (__irq_flags = (__sp_svc + 0x38))
                [!provide]                        PROVIDE (__irq_vector = (__sp_svc + 0x3c))
                [!provide]                        PROVIDE (__arm_excpt_rst = 0xffff0000)
                [!provide]                        PROVIDE (__arm_excpt_und = 0xffff0004)
                0xffff0008                        PROVIDE (__arm_excpt_svc = 0xffff0008)
                [!provide]                        PROVIDE (__arm_excpt_pabt = 0xffff000c)
                [!provide]                        PROVIDE (__arm_excpt_dabt = 0xffff0010)
                [!provide]                        PROVIDE (__arm_excpt_irq = 0xffff0018)
                [!provide]                        PROVIDE (__arm_excpt_fiq = 0xffff001c)
                0x00000000                        PROVIDE (__end__ = 0x0)

.secure         0x0e000000      0x800 load address 0x02004000
                0x0e0007fc                        . = (. + 0x7fc)
 *fill*         0x0e000000      0x7fc 00000000
                0x0e0007fc        0x4 LONG 0x0

.bootstub       0x0e000800      0x190 load address 0x02004800
 *(.bootstub .bootstub.*)
 .bootstub.__ds9_bootstub
                0x0e000800      0x190 C:/devkitPro/calico/lib\libcalico_ds9.a(bootstub_arm9.o)
                0x0e000800                __ds9_bootstub
                0x0e000990                        . = ALIGN (0x4)

.crt0           0x02001000      0x360 load address 0x02004990
 *(.crt0 .crt0.*)
 .crt0.__ds9_bootstub_trampoline
                0x02001000       0x20 C:/devkitPro/calico/lib\libcalico_ds9.a(bootstub_arm9.o)
 *.crt0.*(.text .stub .text.* .gnu.linkonce.t.*)
 .text.crt0ProcessLoadList
                0x02001020       0x74 C:/devkitPro/calico/lib\libcalico_ds9.a(startup.crt0.o)
                0x02001020                crt0ProcessLoadList
 .text.crt0Startup
                0x02001094      0x150 C:/devkitPro/calico/lib\libcalico_ds9.a(startup.crt0.o)
                0x02001094                crt0Startup
 .text.crt0CopyMem32
                0x020011e4       0x4c C:/devkitPro/calico/lib\libcalico_ds9.a(utils.crt0.o)
                0x020011e4                crt0CopyMem32
 .text.crt0FillMem32
                0x02001230       0x58 C:/devkitPro/calico/lib\libcalico_ds9.a(utils.crt0.o)
                0x02001230                crt0FillMem32
 .text.crt0SetupMPU
                0x02001288       0xb4 C:/devkitPro/calico/lib\libcalico_ds9.a(mpu_setup.crt0.o)
                0x02001288                crt0SetupMPU
 *fill*         0x0200133c        0x4 ff
 .text.crt0SetupMPU.__stub
                0x02001340        0x8 linker stubs
 *.crt0.*(.glue_7t .glue_7 .vfp11_veneer .v4_bx)
 *.crt0.*(.rodata .rodata.* .gnu.linkonce.r.*)
 *.crt0.*(.rodata1)
                0x02001360                        . = ALIGN (0x20)
 *fill*         0x02001348       0x18 ff
                0x02004990                        PROVIDE (__crt0_lma = LOADADDR (.crt0))
                0x02001000                        PROVIDE (__crt0_start = ADDR (.crt0))
                0x02001360                        PROVIDE (__crt0_end = (ADDR (.crt0) + SIZEOF (.crt0)))
                0x00000001                        ASSERT (((__crt0_end <= LOADADDR (.bootstub)) || (__crt0_start >= (LOADADDR (.bootstub) + SIZEOF (.bootstub)))), Error: crt0 section overlaps initial bootstrap)

.dldi           0x0380b000        0x0 load address 0x02004cf0
 *(.dldi)
                0x00000000                        PROVIDE (__dldi_lma = SIZEOF (.dldi)?LOADADDR (.dldi):0x0)

.vectors        0x00000000       0x20 load address 0x02004cf0
 *(.vectors)
 .vectors       0x00000000       0x20 C:/devkitPro/calico/lib\libcalico_ds9.a(bootstub_arm9.o)

.itcm           0x01ff8020      0x6a8 load address 0x02004d10
 *(.itcm .itcm.*)
 .itcm          0x01ff8020       0x30 C:/devkitPro/calico/lib\libcalico_ds9.a(bootstub_arm9.o)
                0x01ff8038                __excpt_vectors
 *.itcm.*(.text .stub .text.* .gnu.linkonce.t.*)
 *.32.o(.text .stub .text.* .gnu.linkonce.t.*)
 .text.threadReschedule
                0x01ff8050       0x88 C:/devkitPro/calico/lib\libcalico_ds9.a(thread_hot.32.o)
 .text.threadBlock
                0x01ff80d8       0xd4 C:/devkitPro/calico/lib\libcalico_ds9.a(thread_hot.32.o)
                0x01ff80d8                threadBlock
 .text.threadUnblockOneByValue
                0x01ff81ac       0xc0 C:/devkitPro/calico/lib\libcalico_ds9.a(thread_hot.32.o)
                0x01ff81ac                threadUnblockOneByValue
 .text.threadUnblockAllByValue
                0x01ff826c      0x144 C:/devkitPro/calico/lib\libcalico_ds9.a(thread_hot.32.o)
                0x01ff826c                threadUnblockAllByValue
 .text.threadUnblockAllByMask
                0x01ff83b0      0x134 C:/devkitPro/calico/lib\libcalico_ds9.a(thread_hot.32.o)
                0x01ff83b0                threadUnblockAllByMask
 .text.armContextSave
                0x01ff84e4       0x2c C:/devkitPro/calico/lib\libcalico_ds9.a(arm-context.32.o)
                0x01ff84e4                armContextSave
 .text.armContextLoad
                0x01ff8510       0x20 C:/devkitPro/calico/lib\libcalico_ds9.a(arm-context.32.o)
                0x01ff8510                armContextLoad
                0x01ff8514                armContextLoadFromSvc
 .text.armWaitForIrq
                0x01ff8530        0x8 C:/devkitPro/calico/lib\libcalico_ds9.a(arm-shims.32.o)
                0x01ff8530                armWaitForIrq
 .text.armDrainWriteBuffer
                0x01ff8538        0xc C:/devkitPro/calico/lib\libcalico_ds9.a(arm-cache.32.o)
                0x01ff8538                armDrainWriteBuffer
 .text.armDCacheFlushAll
                0x01ff8544       0x28 C:/devkitPro/calico/lib\libcalico_ds9.a(arm-cache.32.o)
                0x01ff8544                armDCacheFlushAll
 .text.armDCacheFlush
                0x01ff856c       0x1c C:/devkitPro/calico/lib\libcalico_ds9.a(arm-cache.32.o)
                0x01ff856c                armDCacheFlush
 .text.armICacheInvalidateAll
                0x01ff8588        0xc C:/devkitPro/calico/lib\libcalico_ds9.a(arm-cache.32.o)
                0x01ff8588                armICacheInvalidateAll
 .text.__excpt_entry
                0x01ff8594       0x50 C:/devkitPro/calico/lib\libcalico_ds9.a(excpt_handler.32.o)
                0x01ff8594                __arm_excpt_rst
                0x01ff8598                __arm_excpt_pabt
                0x01ff859c                __arm_excpt_und
                0x01ff85a8                __arm_excpt_dabt
 .text.__arm_excpt_irq
                0x01ff85e4       0xe4 C:/devkitPro/calico/lib\libcalico_ds9.a(irq_handler.32.o)
                0x01ff85e4                __arm_excpt_irq
 *.itcm.*(.glue_7t .glue_7 .vfp11_veneer .v4_bx)
 *.32.o(.glue_7t .glue_7 .vfp11_veneer .v4_bx)
 *.itcm.*(.rodata .rodata.* .gnu.linkonce.r.*)
 *.32.o(.rodata .rodata.* .gnu.linkonce.r.*)
 *.itcm.*(.rodata1)
 *.32.o(.rodata1)
                0x01ff86c8                        . = ALIGN (0x4)
                0x02004cf0                        PROVIDE (__itcm_lma = LOADADDR (.vectors))
                0x01ff8000                        PROVIDE (__itcm_start = (ADDR (.itcm) - SIZEOF (.vectors)))
                0x01ff86c8                        PROVIDE (__itcm_end = (ADDR (.itcm) + SIZEOF (.itcm)))
                0x00000001                        ASSERT (((__itcm_lma + SIZEOF (.vectors)) == LOADADDR (.itcm)), Error: gap between vectors and itcm)

.dtcm           0x02ff0000        0x0 load address 0x020053b8
 *(.dtcm .dtcm.*)
 *.32.o(.data .data.* .gnu.linkonce.d.*)
 *.32.o(.data1)
                0x02ff0000                        . = ALIGN (0x4)
                [!provide]                        PROVIDE (__dtcm_lma = LOADADDR (.dtcm))
                0x02ff0000                        PROVIDE (__dtcm_start = ADDR (.dtcm))
                0x02ff0000                        PROVIDE (__dtcm_end = (ADDR (.dtcm) + SIZEOF (.dtcm)))

.dtcm.bss       0x02ff0000       0x98 load address 0x020053b8
 *(.sbss .sbss.*)
 *.32.o(.dynbss)
 *.32.o(.bss .bss.* .gnu.linkonce.b.*)
 .bss.__irq_table
                0x02ff0000       0x80 C:/devkitPro/calico/lib\libcalico_ds9.a(thread_hot.32.o)
                0x02ff0000                __irq_table
 .bss.__sched_state
                0x02ff0080       0x18 C:/devkitPro/calico/lib\libcalico_ds9.a(thread_hot.32.o)
                0x02ff0080                __sched_state
 *.32.o(COMMON)
                0x02ff0098                        . = ALIGN (0x4)
                [!provide]                        PROVIDE (__dtcm_bss_start = ADDR (.dtcm.bss))
                0x02ff0098                        PROVIDE (__dtcm_bss_end = (ADDR (.dtcm.bss) + SIZEOF (.dtcm.bss)))

.main           0x02001360     0x3388 load address 0x020053b8
 *(SORT_NONE(.init))
 .init          0x02001360        0x4 C:/devkitPro/devkitARM/bin/../lib/gcc/arm-none-eabi/14.2.0/thumb/crti.o
                0x02001360                _init
 .init          0x02001364        0x8 C:/devkitPro/devkitARM/bin/../lib/gcc/arm-none-eabi/14.2.0/thumb/crtn.o
 EXCLUDE_FILE(*.twl.*) *(.text.unlikely .text.*_unlikely .text.unlikely.*)
 EXCLUDE_FILE(*.twl.*) *(.text.exit .text.exit.*)
 .text.exit     0x0200136c       0x24 C:/devkitPro/devkitARM/bin/../lib/gcc/arm-none-eabi/14.2.0/../../../../arm-none-eabi/lib/thumb\libg.a(libc_a-exit.o)
                0x0200136c                exit
 EXCLUDE_FILE(*.twl.*) *(.text.startup .text.startup.*)
 .text.startup.main
                0x02001390      0x180 template.o
                0x02001390                main
 EXCLUDE_FILE(*.twl.*) *(.text.hot .text.hot.*)
 EXCLUDE_FILE(*.twl.*) *(.text .iplt .stub .text.* .gnu.linkonce.t.*)
 .text.__do_global_dtors_aux
                0x02001510       0x2c C:/devkitPro/devkitARM/bin/../lib/gcc/arm-none-eabi/14.2.0/thumb/crtbegin.o
 .text.frame_dummy
                0x0200153c       0x24 C:/devkitPro/devkitARM/bin/../lib/gcc/arm-none-eabi/14.2.0/thumb/crtbegin.o
 .iplt          0x02001560        0x0 C:/devkitPro/devkitARM/bin/../lib/gcc/arm-none-eabi/14.2.0/thumb/crtbegin.o
 .text.scanKeys
                0x02001560       0x6c C:/devkitPro/libnds/lib\libnds9.a(keys.o)
                0x02001560                scanKeys
 .text.keysHeld
                0x020015cc        0xc C:/devkitPro/libnds/lib\libnds9.a(keys.o)
                0x020015cc                keysHeld
 .text.oamAllocReset
                0x020015d8       0x1c C:/devkitPro/libnds/lib\libnds9.a(sprite_alloc.o)
                0x020015d8                oamAllocReset
 .text.oamAllocateGfx
                0x020015f4      0x570 C:/devkitPro/libnds/lib\libnds9.a(sprite_alloc.o)
                0x020015f4                oamAllocateGfx
 .text.oamInit  0x02001b64      0x138 C:/devkitPro/libnds/lib\libnds9.a(sprite.o)
                0x02001b64                oamInit
 .text.oamGetGfxPtr
                0x02001c9c       0x38 C:/devkitPro/libnds/lib\libnds9.a(sprite.o)
                0x02001c9c                oamGetGfxPtr
 .text.oamGfxPtrToOffset
                0x02001cd4       0x34 C:/devkitPro/libnds/lib\libnds9.a(sprite.o)
                0x02001cd4                oamGfxPtrToOffset
 .text.oamSet   0x02001d08      0x104 C:/devkitPro/libnds/lib\libnds9.a(sprite.o)
                0x02001d08                oamSet
 .text.oamUpdate
                0x02001e0c       0x78 C:/devkitPro/libnds/lib\libnds9.a(sprite.o)
                0x02001e0c                oamUpdate
 .text.threadExit
                0x02001e84       0x98 C:/devkitPro/calico/lib\libcalico_ds9.a(thread_cold.o)
                0x02001e84                threadExit
 .text._threadTickTask
                0x02001f1c       0x10 C:/devkitPro/calico/lib\libcalico_ds9.a(thread_cold.o)
 .text._threadInit
                0x02001f2c       0x98 C:/devkitPro/calico/lib\libcalico_ds9.a(thread_cold.o)
                0x02001f2c                _threadInit
 .text.threadPrepare
                0x02001fc4       0x98 C:/devkitPro/calico/lib\libcalico_ds9.a(thread_cold.o)
                0x02001fc4                threadPrepare
 .text.threadStart
                0x0200205c       0xc0 C:/devkitPro/calico/lib\libcalico_ds9.a(thread_cold.o)
                0x0200205c                threadStart
 .text.threadIrqWait
                0x0200211c       0x98 C:/devkitPro/calico/lib\libcalico_ds9.a(thread_cold.o)
                0x0200211c                threadIrqWait
 .text.threadSleepTicks
                0x020021b4       0x58 C:/devkitPro/calico/lib\libcalico_ds9.a(thread_cold.o)
                0x020021b4                threadSleepTicks
 .text.keypadGetState
                0x0200220c       0x28 C:/devkitPro/calico/lib\libcalico_ds9.a(keypad.o)
                0x0200220c                keypadGetState
 .text._pmCallEventHandlers
                0x02002234       0x40 C:/devkitPro/calico/lib\libcalico_ds9.a(pm.o)
 .text._pmPxiThreadMain
                0x02002274       0xa0 C:/devkitPro/calico/lib\libcalico_ds9.a(pm.o)
 .text._pmResetPxiHandler
                0x02002314       0x28 C:/devkitPro/calico/lib\libcalico_ds9.a(pm.o)
 .text.systemUserExit
                0x0200233c        0x4 C:/devkitPro/calico/lib\libcalico_ds9.a(pm.o)
                0x0200233c                systemUserExit
 .text.systemErrorExit
                0x02002340        0x4 C:/devkitPro/calico/lib\libcalico_ds9.a(pm.o)
                0x02002340                systemErrorExit
 .text.__syscall_exit
                0x02002344      0x138 C:/devkitPro/calico/lib\libcalico_ds9.a(pm.o)
                0x02002344                __syscall_exit
 .text.pmInit   0x0200247c       0x58 C:/devkitPro/calico/lib\libcalico_ds9.a(pm.o)
                0x0200247c                pmInit
 .text.pmEnterSleep
                0x020024d4       0xcc C:/devkitPro/calico/lib\libcalico_ds9.a(pm.o)
                0x020024d4                pmEnterSleep
 .text.pmMainLoop
                0x020025a0       0x60 C:/devkitPro/calico/lib\libcalico_ds9.a(pm.o)
                0x020025a0                pmMainLoop
 .text.touchRead
                0x02002600       0x58 C:/devkitPro/calico/lib\libcalico_ds9.a(touch.o)
                0x02002600                touchRead
 .text._tickCountIsr
                0x02002658       0x1c C:/devkitPro/calico/lib\libcalico_ds9.a(tick.o)
 .text._tickTaskSchedule.part.0.isra.0
                0x02002674       0x98 C:/devkitPro/calico/lib\libcalico_ds9.a(tick.o)
 .text.tickInit
                0x0200270c       0x8c C:/devkitPro/calico/lib\libcalico_ds9.a(tick.o)
                0x0200270c                tickInit
 .text.tickGetCount
                0x02002798       0x6c C:/devkitPro/calico/lib\libcalico_ds9.a(tick.o)
                0x02002798                tickGetCount
 .text._tickTaskIsr
                0x02002804      0x110 C:/devkitPro/calico/lib\libcalico_ds9.a(tick.o)
 .text.tickTaskStart
                0x02002914      0x11c C:/devkitPro/calico/lib\libcalico_ds9.a(tick.o)
                0x02002914                tickTaskStart
 .text.mailboxTrySend
                0x02002a30       0x9c C:/devkitPro/calico/lib\libcalico_ds9.a(mailbox.o)
                0x02002a30                mailboxTrySend
 .text.mailboxRecv
                0x02002acc       0x8c C:/devkitPro/calico/lib\libcalico_ds9.a(mailbox.o)
                0x02002acc                mailboxRecv
 .text.__syscall_getreent
                0x02002b58       0x14 C:/devkitPro/calico/lib\libcalico_ds9.a(newlib_syscalls.o)
                0x02002b58                __syscall_getreent
 .text.__syscall_lock_acquire_recursive
                0x02002b6c       0x40 C:/devkitPro/calico/lib\libcalico_ds9.a(newlib_syscalls.o)
                0x02002b6c                __syscall_lock_acquire_recursive
 .text.__syscall_lock_release_recursive
                0x02002bac       0x18 C:/devkitPro/calico/lib\libcalico_ds9.a(newlib_syscalls.o)
                0x02002bac                __syscall_lock_release_recursive
 .text._pxiMailboxHandler
                0x02002bc4        0x4 C:/devkitPro/calico/lib\libcalico_ds9.a(pxi.o)
 .text._pxiRecvUnhandled
                0x02002bc8        0x4 C:/devkitPro/calico/lib\libcalico_ds9.a(pxi.o)
                0x02002bc8                _pxiRecvUnhandled
 .text._pxiRecvIrqHandler
                0x02002bcc      0x154 C:/devkitPro/calico/lib\libcalico_ds9.a(pxi.o)
 .text._pxiInit
                0x02002d20       0x58 C:/devkitPro/calico/lib\libcalico_ds9.a(pxi.o)
                0x02002d20                _pxiInit
 .text.pxiSetHandler
                0x02002d78       0x74 C:/devkitPro/calico/lib\libcalico_ds9.a(pxi.o)
                0x02002d78                pxiSetHandler
 .text.pxiSetMailbox
                0x02002dec       0x68 C:/devkitPro/calico/lib\libcalico_ds9.a(pxi.o)
                0x02002dec                pxiSetMailbox
 .text.pxiWaitRemote
                0x02002e54       0x38 C:/devkitPro/calico/lib\libcalico_ds9.a(pxi.o)
                0x02002e54                pxiWaitRemote
 .text.pxiSendPacket
                0x02002e8c       0x50 C:/devkitPro/calico/lib\libcalico_ds9.a(pxi.o)
                0x02002e8c                pxiSendPacket
 .text.systemUserStartup
                0x02002edc        0x4 C:/devkitPro/calico/lib\libcalico_ds9.a(sys_startup.o)
                0x02002edc                systemUserStartup
 .text.systemStartup
                0x02002ee0      0x104 C:/devkitPro/calico/lib\libcalico_ds9.a(sys_startup.o)
                0x02002ee0                systemStartup
 .text.irqSet   0x02002fe4       0x64 C:/devkitPro/calico/lib\libcalico_ds9.a(irq.o)
                0x02002fe4                irqSet
 .text.threadUpdateDynamicPrio
                0x02003048      0x1c4 C:/devkitPro/calico/lib\libcalico_ds9.a(mutex.o)
 .text.threadRemoveWaiter
                0x0200320c      0x1a8 C:/devkitPro/calico/lib\libcalico_ds9.a(mutex.o)
 .text.mutexLock
                0x020033b4      0x144 C:/devkitPro/calico/lib\libcalico_ds9.a(mutex.o)
                0x020033b4                mutexLock
 .text.mutexUnlock
                0x020034f8       0xbc C:/devkitPro/calico/lib\libcalico_ds9.a(mutex.o)
                0x020034f8                mutexUnlock
 .text          0x020035b4        0x4 C:/devkitPro/devkitARM/bin/../lib/gcc/arm-none-eabi/14.2.0/thumb\libgcc.a(_dvmd_tls.o)
                0x020035b4                __aeabi_idiv0
                0x020035b4                __aeabi_ldiv0
 .text.realloc  0x020035b8       0x18 C:/devkitPro/devkitARM/bin/../lib/gcc/arm-none-eabi/14.2.0/../../../../arm-none-eabi/lib/thumb\libg.a(libc_a-realloc.o)
                0x020035b8                realloc
 .text._malloc_r
                0x020035d0      0x588 C:/devkitPro/devkitARM/bin/../lib/gcc/arm-none-eabi/14.2.0/../../../../arm-none-eabi/lib/thumb\libg.a(libc_a-mallocr.o)
                0x020035d0                _malloc_r
 .text._malloc_trim_r
                0x02003b58       0xac C:/devkitPro/devkitARM/bin/../lib/gcc/arm-none-eabi/14.2.0/../../../../arm-none-eabi/lib/thumb\libg.a(libc_a-freer.o)
                0x02003b58                _malloc_trim_r
 .text._free_r  0x02003c04      0x1f4 C:/devkitPro/devkitARM/bin/../lib/gcc/arm-none-eabi/14.2.0/../../../../arm-none-eabi/lib/thumb\libg.a(libc_a-freer.o)
                0x02003c04                _free_r
 .text.malloc   0x02003df8       0x28 C:/devkitPro/devkitARM/bin/../lib/gcc/arm-none-eabi/14.2.0/../../../../arm-none-eabi/lib/thumb\libg.a(libc_a-malloc.o)
                0x02003df8                malloc
 .text.free     0x02003e20       0x14 C:/devkitPro/devkitARM/bin/../lib/gcc/arm-none-eabi/14.2.0/../../../../arm-none-eabi/lib/thumb\libg.a(libc_a-malloc.o)
                0x02003e20                free
 .text.memset   0x02003e34       0x98 C:/devkitPro/devkitARM/bin/../lib/gcc/arm-none-eabi/14.2.0/../../../../arm-none-eabi/lib/thumb\libg.a(libc_a-memset.o)
                0x02003e34                memset
 .text._realloc_r
                0x02003ecc      0x384 C:/devkitPro/devkitARM/bin/../lib/gcc/arm-none-eabi/14.2.0/../../../../arm-none-eabi/lib/thumb\libg.a(libc_a-reallocr.o)
                0x02003ecc                _realloc_r
 .text.__malloc_lock
                0x02004250       0x14 C:/devkitPro/devkitARM/bin/../lib/gcc/arm-none-eabi/14.2.0/../../../../arm-none-eabi/lib/thumb\libg.a(libc_a-mlock.o)
                0x02004250                __malloc_lock
 .text.__malloc_unlock
                0x02004264       0x14 C:/devkitPro/devkitARM/bin/../lib/gcc/arm-none-eabi/14.2.0/../../../../arm-none-eabi/lib/thumb\libg.a(libc_a-mlock.o)
                0x02004264                __malloc_unlock
 .text.__call_exitprocs
                0x02004278        0xc C:/devkitPro/devkitARM/bin/../lib/gcc/arm-none-eabi/14.2.0/../../../../arm-none-eabi/lib/thumb\libg.a(libc_a-exit.o)
                0x02004278                __call_exitprocs
 .text.__libc_init_array
                0x02004284       0x54 C:/devkitPro/devkitARM/bin/../lib/gcc/arm-none-eabi/14.2.0/../../../../arm-none-eabi/lib/thumb\libg.a(libc_a-init.o)
                0x02004284                __libc_init_array
 .text.memmove  0x020042d8       0xcc C:/devkitPro/devkitARM/bin/../lib/gcc/arm-none-eabi/14.2.0/../../../../arm-none-eabi/lib/thumb\libg.a(libc_a-memmove.o)
                0x020042d8                memmove
 .text._memalign_r
                0x020043a4      0x128 C:/devkitPro/devkitARM/bin/../lib/gcc/arm-none-eabi/14.2.0/../../../../arm-none-eabi/lib/thumb\libg.a(libc_a-malignr.o)
                0x020043a4                _memalign_r
 .text.__libc_fini_array
                0x020044cc       0x30 C:/devkitPro/devkitARM/bin/../lib/gcc/arm-none-eabi/14.2.0/../../../../arm-none-eabi/lib/thumb\libg.a(libc_a-fini.o)
                0x020044cc                __libc_fini_array
 .text._exit    0x020044fc       0x14 C:/devkitPro/devkitARM/bin/../lib/gcc/arm-none-eabi/14.2.0/../../../../arm-none-eabi/lib/thumb\libsysbase.a(libsysbase_libsysbase_a-_exit.o)
                0x020044fc                _exit
 .text.__getreent
                0x02004510       0x20 C:/devkitPro/devkitARM/bin/../lib/gcc/arm-none-eabi/14.2.0/../../../../arm-none-eabi/lib/thumb\libsysbase.a(libsysbase_libsysbase_a-getreent.o)
                0x02004510                __getreent
 .text._sbrk_r  0x02004530       0x54 C:/devkitPro/devkitARM/bin/../lib/gcc/arm-none-eabi/14.2.0/../../../../arm-none-eabi/lib/thumb\libsysbase.a(libsysbase_libsysbase_a-sbrk.o)
                0x02004530                _sbrk_r
 .text.__libc_lock_acquire_recursive
                0x02004584       0x18 C:/devkitPro/devkitARM/bin/../lib/gcc/arm-none-eabi/14.2.0/../../../../arm-none-eabi/lib/thumb\libsysbase.a(libsysbase_libsysbase_a-syscall_support.o)
                0x02004584                __libc_lock_acquire_recursive
 .text.__libc_lock_release_recursive
                0x0200459c       0x18 C:/devkitPro/devkitARM/bin/../lib/gcc/arm-none-eabi/14.2.0/../../../../arm-none-eabi/lib/thumb\libsysbase.a(libsysbase_libsysbase_a-syscall_support.o)
                0x0200459c                __libc_lock_release_recursive
 .text          0x020045b4      0x11c C:/devkitPro/devkitARM/bin/../lib/gcc/arm-none-eabi/14.2.0/thumb\libgcc.a(_udivsi3.o)
                0x020045b4                __aeabi_uidiv
                0x020045b4                __udivsi3
                0x020046b0                __aeabi_uidivmod
 EXCLUDE_FILE(*.twl.*) *(.glue_7t .glue_7 .vfp11_veneer .v4_bx)
 .glue_7        0x020046d0        0x0 linker stubs
 .glue_7t       0x020046d0        0x0 linker stubs
 .vfp11_veneer  0x020046d0        0x0 linker stubs
 .v4_bx         0x020046d0        0x0 linker stubs
 *(SORT_NONE(.fini))
 .fini          0x020046d0        0x4 C:/devkitPro/devkitARM/bin/../lib/gcc/arm-none-eabi/14.2.0/thumb/crti.o
                0x020046d0                _fini
 .fini          0x020046d4        0x8 C:/devkitPro/devkitARM/bin/../lib/gcc/arm-none-eabi/14.2.0/thumb/crtn.o
 *fill*         0x020046dc        0x4 ff
 .fini.__stub   0x020046e0        0x8 linker stubs
 EXCLUDE_FILE(*.twl.*) *(.rodata .rodata.* .gnu.linkonce.r.*)
 EXCLUDE_FILE(*.twl.*) *(.rodata1)
                0x020046e8                        . = ALIGN (0x4)

.main.rw        0x020046e8      0x570 load address 0x02008740
 EXCLUDE_FILE(*.twl.*) *(.data .data.* .gnu.linkonce.d.*)
 .data.count    0x020046e8        0x1 C:/devkitPro/libnds/lib\libnds9.a(keys.o)
 .data.repeat   0x020046e9        0x1 C:/devkitPro/libnds/lib\libnds9.a(keys.o)
 .data.delay    0x020046ea        0x1 C:/devkitPro/libnds/lib\libnds9.a(keys.o)
 *fill*         0x020046eb        0x1 ff
 .data.oamSub   0x020046ec       0x18 C:/devkitPro/libnds/lib\libnds9.a(sprite.o)
                0x020046ec                oamSub
 .data.oamMain  0x02004704       0x18 C:/devkitPro/libnds/lib\libnds9.a(sprite.o)
                0x02004704                oamMain
 .data.__malloc_sbrk_base
                0x0200471c        0x4 C:/devkitPro/devkitARM/bin/../lib/gcc/arm-none-eabi/14.2.0/../../../../arm-none-eabi/lib/thumb\libg.a(libc_a-mallocr.o)
                0x0200471c                __malloc_sbrk_base
 .data.__malloc_trim_threshold
                0x02004720        0x4 C:/devkitPro/devkitARM/bin/../lib/gcc/arm-none-eabi/14.2.0/../../../../arm-none-eabi/lib/thumb\libg.a(libc_a-mallocr.o)
                0x02004720                __malloc_trim_threshold
 *fill*         0x02004724        0x4 ff
 .data.__malloc_av_
                0x02004728      0x408 C:/devkitPro/devkitARM/bin/../lib/gcc/arm-none-eabi/14.2.0/../../../../arm-none-eabi/lib/thumb\libg.a(libc_a-mallocr.o)
                0x02004728                __malloc_av_
 .data._impure_ptr
                0x02004b30        0x4 C:/devkitPro/devkitARM/bin/../lib/gcc/arm-none-eabi/14.2.0/../../../../arm-none-eabi/lib/thumb\libg.a(libc_a-impure.o)
                0x02004b30                _impure_ptr
 *fill*         0x02004b34        0x4 ff
 .data._impure_data
                0x02004b38      0x120 C:/devkitPro/devkitARM/bin/../lib/gcc/arm-none-eabi/14.2.0/../../../../arm-none-eabi/lib/thumb\libg.a(libc_a-impure.o)
                0x02004b38                _impure_data
 EXCLUDE_FILE(*.twl.*) *(.data1)
 EXCLUDE_FILE(*.twl.*) *(.igot.plt)
 .igot.plt      0x02004c58        0x0 C:/devkitPro/devkitARM/bin/../lib/gcc/arm-none-eabi/14.2.0/thumb/crtbegin.o
                0x02004c58                        . = ALIGN (0x4)

.ARM.extab
 *(.ARM.extab* .gnu.linkonce.armextab.*)

.ARM.exidx      0x02004c58        0x0 load address 0x02008cb0
 *(.ARM.exidx* .gnu.linkonce.armexidx.*)
                [!provide]                        PROVIDE (__exidx_start = ADDR (.ARM.exidx))
                [!provide]                        PROVIDE (__exidx_end = (ADDR (.ARM.exidx) + SIZEOF (.ARM.exidx)))

.eh_frame_hdr
 *(.eh_frame_hdr)
 *(.eh_frame_entry .eh_frame_entry.*)

.eh_frame       0x02004c58        0x4 load address 0x02008cb0
 *(.eh_frame)
 .eh_frame      0x02004c58        0x0 C:/devkitPro/devkitARM/bin/../lib/gcc/arm-none-eabi/14.2.0/thumb/crtbegin.o
 .eh_frame      0x02004c58        0x4 C:/devkitPro/devkitARM/bin/../lib/gcc/arm-none-eabi/14.2.0/thumb/crtend.o
 *(.eh_frame.*)

.gcc_except_table
 *(.gcc_except_table .gcc_except_table.*)

.gnu_extab
 *(.gnu_extab*)

.tinfo          0x02004c5c        0xc load address 0x02008cb4
                0x02004c5c        0x4 LONG 0x2004c70 __tls_start
                0x02004c60        0x4 LONG 0x0 SIZEOF (.main.tls)
                0x02004c64        0x4 LONG 0x0 SIZEOF (.tdata)
                0x02004c5c                        PROVIDE (__tls_info = ADDR (.tinfo))

.preinit_array  0x02004c68        0x0 load address 0x02008cc0
                0x02004c68                        PROVIDE (__preinit_array_start = .)
 *(.preinit_array)
                0x02004c68                        PROVIDE (__preinit_array_end = .)

.init_array     0x02004c68        0x4 load address 0x02008cc0
                0x02004c68                        PROVIDE (__init_array_start = .)
 *(SORT_BY_INIT_PRIORITY(.init_array.*) SORT_BY_INIT_PRIORITY(.ctors.*))
 *(.init_array .ctors)
 .init_array    0x02004c68        0x4 C:/devkitPro/devkitARM/bin/../lib/gcc/arm-none-eabi/14.2.0/thumb/crtbegin.o
                0x02004c6c                        PROVIDE (__init_array_end = .)

.fini_array     0x02004c6c        0x4 load address 0x02008cc4
                0x02004c6c                        PROVIDE (__fini_array_start = .)
 *(SORT_BY_INIT_PRIORITY(.fini_array.*) SORT_BY_INIT_PRIORITY(.dtors.*))
 *(.fini_array .dtors)
 .fini_array    0x02004c6c        0x4 C:/devkitPro/devkitARM/bin/../lib/gcc/arm-none-eabi/14.2.0/thumb/crtbegin.o
                0x02004c70                        PROVIDE (__fini_array_end = .)
                [!provide]                        PROVIDE (__main_lma = LOADADDR (.main))
                0x02001360                        PROVIDE (__main_start = ADDR (.main))
                0x02004c70                        PROVIDE (__main_end = (ADDR (.fini_array) + SIZEOF (.fini_array)))

.tdata          0x00000000        0x0 load address 0x02008cc8
 *(.tdata .tdata.* .gnu.linkonce.td.*)
                0x00000000                        . = ALIGN (0x4)

.tbss           0x00000000        0x0 load address 0x02008cc8
 *(.tbss .tbss.* .gnu.linkonce.tb.*)
 *(.tcommon)
                0x00000000                        . = ALIGN (0x4)
                0x00000001                        ASSERT (((ALIGNOF (.tdata) <= 0x8) || (ALIGNOF (.tbss) <= 0x8)), Error: TLS is overaligned (up to 8-byte alignment is supported))
                0x00000001                        ASSERT (((ADDR (.tbss) + SIZEOF (.tbss)) <= (ORIGIN (tls) + LENGTH (tls))), Error: TLS section too large)

.main.tls       0x02004c70        0x0
                0x02004c70                        . = (. + ((ADDR (.tbss) + SIZEOF (.tbss)) - ADDR (.tdata)))
                [!provide]                        PROVIDE (__tls_lma = LOADADDR (.tdata))
                0x02004c70                        PROVIDE (__tls_start = ADDR (.main.tls))
                0x02004c70                        PROVIDE (__tls_end = (ADDR (.main.tls) + SIZEOF (.tdata)))

.main.bss       0x02004c70      0xf6c
 EXCLUDE_FILE(*.twl.*) *(.dynbss)
 EXCLUDE_FILE(*.twl.*) *(.bss .bss.* .gnu.linkonce.b.*)
 .bss.completed.1
                0x02004c70        0x1 C:/devkitPro/devkitARM/bin/../lib/gcc/arm-none-eabi/14.2.0/thumb/crtbegin.o
 *fill*         0x02004c71        0x3 
 .bss.object.0  0x02004c74       0x18 C:/devkitPro/devkitARM/bin/../lib/gcc/arm-none-eabi/14.2.0/thumb/crtbegin.o
 .bss.keysrepeat
                0x02004c8c        0x2 C:/devkitPro/libnds/lib\libnds9.a(keys.o)
 *fill*         0x02004c8e        0x2 
 .bss.s_keypad  0x02004c90        0x4 C:/devkitPro/libnds/lib\libnds9.a(keys.o)
 .bss.OamMemory
                0x02004c94      0x400 C:/devkitPro/libnds/lib\libnds9.a(sprite.o)
                0x02004c94                OamMemory
 .bss.OamMemorySub
                0x02005094      0x400 C:/devkitPro/libnds/lib\libnds9.a(sprite.o)
                0x02005094                OamMemorySub
 .bss.s_sleepThreads
                0x02005494        0x8 C:/devkitPro/calico/lib\libcalico_ds9.a(thread_cold.o)
 .bss.s_joinThreads
                0x0200549c        0x8 C:/devkitPro/calico/lib\libcalico_ds9.a(thread_cold.o)
 .bss.s_idleThread
                0x020054a4       0x70 C:/devkitPro/calico/lib\libcalico_ds9.a(thread_cold.o)
 .bss.s_mainThread
                0x02005514       0x70 C:/devkitPro/calico/lib\libcalico_ds9.a(thread_cold.o)
 *fill*         0x02005584        0x4 
 .bss.s_pmPxiThreadStack
                0x02005588      0x200 C:/devkitPro/calico/lib\libcalico_ds9.a(pm.o)
 .bss.s_pmPxiThread
                0x02005788       0x70 C:/devkitPro/calico/lib\libcalico_ds9.a(pm.o)
 .bss.s_pmState
                0x020057f8        0x8 C:/devkitPro/calico/lib\libcalico_ds9.a(pm.o)
 .bss.s_firstTask
                0x02005800        0x4 C:/devkitPro/calico/lib\libcalico_ds9.a(tick.o)
 *fill*         0x02005804        0x4 
 .bss.s_highTickCount
                0x02005808        0x8 C:/devkitPro/calico/lib\libcalico_ds9.a(tick.o)
 .bss.s_tickInit
                0x02005810        0x1 C:/devkitPro/calico/lib\libcalico_ds9.a(tick.o)
 *fill*         0x02005811        0x3 
 .bss.s_mailboxRecvQueue
                0x02005814        0x8 C:/devkitPro/calico/lib\libcalico_ds9.a(mailbox.o)
 .bss.g_isTwlMode
                0x0200581c        0x1 C:/devkitPro/calico/lib\libcalico_ds9.a(startup.crt0.o)
                0x0200581c                g_isTwlMode
 *fill*         0x0200581d        0x3 
 .bss.s_pxiChannels
                0x02005820      0x1f0 C:/devkitPro/calico/lib\libcalico_ds9.a(pxi.o)
 .bss.s_pxiRecvState
                0x02005a10        0x4 C:/devkitPro/calico/lib\libcalico_ds9.a(pxi.o)
 .bss.s_pxiRecvQueue
                0x02005a14        0x8 C:/devkitPro/calico/lib\libcalico_ds9.a(pxi.o)
 .bss.s_pxiSendMutex
                0x02005a1c        0x4 C:/devkitPro/calico/lib\libcalico_ds9.a(pxi.o)
 .bss.__malloc_current_mallinfo
                0x02005a20       0x28 C:/devkitPro/devkitARM/bin/../lib/gcc/arm-none-eabi/14.2.0/../../../../arm-none-eabi/lib/thumb\libg.a(libc_a-mallocr.o)
                0x02005a20                __malloc_current_mallinfo
 .bss.__malloc_max_total_mem
                0x02005a48        0x4 C:/devkitPro/devkitARM/bin/../lib/gcc/arm-none-eabi/14.2.0/../../../../arm-none-eabi/lib/thumb\libg.a(libc_a-mallocr.o)
                0x02005a48                __malloc_max_total_mem
 .bss.__malloc_max_sbrked_mem
                0x02005a4c        0x4 C:/devkitPro/devkitARM/bin/../lib/gcc/arm-none-eabi/14.2.0/../../../../arm-none-eabi/lib/thumb\libg.a(libc_a-mallocr.o)
                0x02005a4c                __malloc_max_sbrked_mem
 .bss.__malloc_top_pad
                0x02005a50        0x4 C:/devkitPro/devkitARM/bin/../lib/gcc/arm-none-eabi/14.2.0/../../../../arm-none-eabi/lib/thumb\libg.a(libc_a-mallocr.o)
                0x02005a50                __malloc_top_pad
 .bss.__malloc_recursive_mutex
                0x02005a54        0xc C:/devkitPro/devkitARM/bin/../lib/gcc/arm-none-eabi/14.2.0/../../../../arm-none-eabi/lib/thumb\libg.a(libc_a-mlock.o)
 .bss.fake_heap_start
                0x02005a60        0x4 C:/devkitPro/devkitARM/bin/../lib/gcc/arm-none-eabi/14.2.0/../../../../arm-none-eabi/lib/thumb\libsysbase.a(libsysbase_libsysbase_a-malloc_vars.o)
                0x02005a60                fake_heap_start
 .bss.fake_heap_end
                0x02005a64        0x4 C:/devkitPro/devkitARM/bin/../lib/gcc/arm-none-eabi/14.2.0/../../../../arm-none-eabi/lib/thumb\libsysbase.a(libsysbase_libsysbase_a-malloc_vars.o)
                0x02005a64                fake_heap_end
 .bss.heap_start.0
                0x02005a68        0x4 C:/devkitPro/devkitARM/bin/../lib/gcc/arm-none-eabi/14.2.0/../../../../arm-none-eabi/lib/thumb\libsysbase.a(libsysbase_libsysbase_a-sbrk.o)
 *fill*         0x02005a6c        0x4 
 .bss.__sf      0x02005a70      0x168 C:/devkitPro/devkitARM/bin/../lib/gcc/arm-none-eabi/14.2.0/../../../../arm-none-eabi/lib/thumb\libg.a(libc_a-findfp.o)
                0x02005a70                __sf
 .bss.__stdio_exit_handler
                0x02005bd8        0x4 C:/devkitPro/devkitARM/bin/../lib/gcc/arm-none-eabi/14.2.0/../../../../arm-none-eabi/lib/thumb\libg.a(libc_a-findfp.o)
                0x02005bd8                __stdio_exit_handler
 EXCLUDE_FILE(*.twl.*) *(COMMON)
                0x02005bdc                        . = ALIGN (0x4)
                [!provide]                        PROVIDE (__main_bss_start = ADDR (.main.bss))
                0x02005bdc                        PROVIDE (__main_bss_end = (ADDR (.main.bss) + SIZEOF (.main.bss)))
                0x02005bdc                        . = .
                0x02005bdc                        PROVIDE (__heap_start_ntr = .)
                0x00000001                        ASSERT ((. <= 0x2380000), Error: DS-mode sections overflow DS ARM9 memory size (3.5 MB))

.twl            0x02005be0        0x0 load address 0x02400000
 *(.twl .twl.*)
 *.twl.*(.text .stub .text.* .gnu.linkonce.t.*)
 *.twl.*(.glue_7t .glue_7 .vfp11_veneer .v4_bx)
 *.twl.*(.rodata .rodata.* .gnu.linkonce.r.*)
 *.twl.*(.rodata1)
                0x02005be0                        . = ALIGN (0x4)

.twl.rw         0x02005be0        0x0 load address 0x02400000
 *.twl.*(.data .data.* .gnu.linkonce.d.*)
 *.twl.*(.data1)
                0x02005be0                        . = ALIGN (0x4)
                0x02400000                        PROVIDE (__twl_lma = LOADADDR (.twl))
                0x02005be0                        PROVIDE (__twl_start = ADDR (.twl))
                0x02005be0                        PROVIDE (__twl_end = (ADDR (.twl.rw) + SIZEOF (.twl.rw)))

.twl.bss        0x02005be0        0x0 load address 0x02400000
 *(.twl_bss .twl_bss.*)
 *.twl.*(.dynbss)
 *.twl.*(.bss .bss.* .gnu.linkonce.b.*)
 *.twl.*(COMMON)
                0x02005be0                        . = ALIGN (0x4)
                [!provide]                        PROVIDE (__twl_bss_start = ADDR (.twl.bss))
                0x02005be0                        PROVIDE (__twl_bss_end = (ADDR (.twl.bss) + SIZEOF (.twl.bss)))
                0x02005be0                        . = .
                0x02005be0                        PROVIDE (__heap_start_twl = .)

.loadlist       0x0e000990       0x30 load address 0x02008cc8
                0x0e000990        0x4 LONG 0x1ff8000 __itcm_start
                0x0e000994        0x4 LONG 0x1ff86c8 __itcm_end
                0x0e000998        0x4 LONG 0x1ff86c8 __itcm_end
                0x0e00099c        0x4 LONG 0x2ff0000 __dtcm_start
                0x0e0009a0        0x4 LONG 0x2ff0000 __dtcm_end
                0x0e0009a4        0x4 LONG 0x2ff0098 __dtcm_bss_end
                0x0e0009a8        0x4 LONG 0x2001360 __main_start
                0x0e0009ac        0x4 LONG 0x2004c70 __main_end
                0x0e0009b0        0x4 LONG 0x2004c70 __main_end
                0x0e0009b4        0x4 LONG 0x2004c70 __tls_start
                0x0e0009b8        0x4 LONG 0x2004c70 __tls_end
                0x0e0009bc        0x4 LONG 0x2005bdc __main_bss_end
                0x02004cf0                        PROVIDE (__loadlist_lma = __itcm_lma)
                0x02008cc8                        PROVIDE (__loadlist_start = LOADADDR (.loadlist))
                0x02008cf8                        PROVIDE (__loadlist_end = (LOADADDR (.loadlist) + SIZEOF (.loadlist)))

.twl.loadlist   0x0e0009c0        0xc load address 0x02400000
                0x0e0009c0        0x4 LONG 0x2005be0 __twl_start
                0x0e0009c4        0x4 LONG 0x2005be0 __twl_end
                0x0e0009c8        0x4 LONG 0x2005be0 __twl_bss_end
                0x02400000                        PROVIDE (__twl_loadlist_lma = __twl_lma)
                0x02400000                        PROVIDE (__twl_loadlist_start = LOADADDR (.twl.loadlist))
                0x0240000c                        PROVIDE (__twl_loadlist_end = (LOADADDR (.twl.loadlist) + SIZEOF (.twl.loadlist)))

.rel.dyn        0x0e0009cc        0x0 load address 0x0240000c
 .rel.iplt      0x0e0009cc        0x0 C:/devkitPro/devkitARM/bin/../lib/gcc/arm-none-eabi/14.2.0/thumb/crtbegin.o

.stab
 *(.stab)

.stabstr
 *(.stabstr)

.stab.excl
 *(.stab.excl)

.stab.exclstr
 *(.stab.exclstr)

.stab.index
 *(.stab.index)

.stab.indexstr
 *(.stab.indexstr)

.comment        0x00000000       0x23
 *(.comment)
 .comment       0x00000000       0x23 C:/devkitPro/devkitARM/bin/../lib/gcc/arm-none-eabi/14.2.0/thumb/crtbegin.o
                                 0x24 (size before relaxing)
 .comment       0x00000023       0x24 template.o
 .comment       0x00000023       0x24 C:/devkitPro/libnds/lib\libnds9.a(keys.o)
 .comment       0x00000023       0x24 C:/devkitPro/libnds/lib\libnds9.a(sprite_alloc.o)
 .comment       0x00000023       0x24 C:/devkitPro/libnds/lib\libnds9.a(sprite.o)
 .comment       0x00000023       0x24 C:/devkitPro/calico/lib\libcalico_ds9.a(thread_cold.o)
 .comment       0x00000023       0x24 C:/devkitPro/calico/lib\libcalico_ds9.a(thread_hot.32.o)
 .comment       0x00000023       0x24 C:/devkitPro/calico/lib\libcalico_ds9.a(arm-shims.32.o)
 .comment       0x00000023       0x24 C:/devkitPro/calico/lib\libcalico_ds9.a(keypad.o)
 .comment       0x00000023       0x24 C:/devkitPro/calico/lib\libcalico_ds9.a(pm.o)
 .comment       0x00000023       0x24 C:/devkitPro/calico/lib\libcalico_ds9.a(touch.o)
 .comment       0x00000023       0x24 C:/devkitPro/calico/lib\libcalico_ds9.a(tick.o)
 .comment       0x00000023       0x24 C:/devkitPro/calico/lib\libcalico_ds9.a(mailbox.o)
 .comment       0x00000023       0x24 C:/devkitPro/calico/lib\libcalico_ds9.a(newlib_syscalls.o)
 .comment       0x00000023       0x24 C:/devkitPro/calico/lib\libcalico_ds9.a(startup.crt0.o)
 .comment       0x00000023       0x24 C:/devkitPro/calico/lib\libcalico_ds9.a(pxi.o)
 .comment       0x00000023       0x24 C:/devkitPro/calico/lib\libcalico_ds9.a(sys_startup.o)
 .comment       0x00000023       0x24 C:/devkitPro/calico/lib\libcalico_ds9.a(irq.o)
 .comment       0x00000023       0x24 C:/devkitPro/calico/lib\libcalico_ds9.a(mutex.o)
 .comment       0x00000023       0x24 C:/devkitPro/devkitARM/bin/../lib/gcc/arm-none-eabi/14.2.0/../../../../arm-none-eabi/lib/thumb\libg.a(libc_a-realloc.o)
 .comment       0x00000023       0x24 C:/devkitPro/devkitARM/bin/../lib/gcc/arm-none-eabi/14.2.0/../../../../arm-none-eabi/lib/thumb\libg.a(libc_a-mallocr.o)
 .comment       0x00000023       0x24 C:/devkitPro/devkitARM/bin/../lib/gcc/arm-none-eabi/14.2.0/../../../../arm-none-eabi/lib/thumb\libg.a(libc_a-freer.o)
 .comment       0x00000023       0x24 C:/devkitPro/devkitARM/bin/../lib/gcc/arm-none-eabi/14.2.0/../../../../arm-none-eabi/lib/thumb\libg.a(libc_a-malloc.o)
 .comment       0x00000023       0x24 C:/devkitPro/devkitARM/bin/../lib/gcc/arm-none-eabi/14.2.0/../../../../arm-none-eabi/lib/thumb\libg.a(libc_a-memset.o)
 .comment       0x00000023       0x24 C:/devkitPro/devkitARM/bin/../lib/gcc/arm-none-eabi/14.2.0/../../../../arm-none-eabi/lib/thumb\libg.a(libc_a-reallocr.o)
 .comment       0x00000023       0x24 C:/devkitPro/devkitARM/bin/../lib/gcc/arm-none-eabi/14.2.0/../../../../arm-none-eabi/lib/thumb\libg.a(libc_a-mlock.o)
 .comment       0x00000023       0x24 C:/devkitPro/devkitARM/bin/../lib/gcc/arm-none-eabi/14.2.0/../../../../arm-none-eabi/lib/thumb\libg.a(libc_a-exit.o)
 .comment       0x00000023       0x24 C:/devkitPro/devkitARM/bin/../lib/gcc/arm-none-eabi/14.2.0/../../../../arm-none-eabi/lib/thumb\libg.a(libc_a-init.o)
 .comment       0x00000023       0x24 C:/devkitPro/devkitARM/bin/../lib/gcc/arm-none-eabi/14.2.0/../../../../arm-none-eabi/lib/thumb\libg.a(libc_a-memmove.o)
 .comment       0x00000023       0x24 C:/devkitPro/devkitARM/bin/../lib/gcc/arm-none-eabi/14.2.0/../../../../arm-none-eabi/lib/thumb\libg.a(libc_a-malignr.o)
 .comment       0x00000023       0x24 C:/devkitPro/devkitARM/bin/../lib/gcc/arm-none-eabi/14.2.0/../../../../arm-none-eabi/lib/thumb\libg.a(libc_a-fini.o)
 .comment       0x00000023       0x24 C:/devkitPro/devkitARM/bin/../lib/gcc/arm-none-eabi/14.2.0/../../../../arm-none-eabi/lib/thumb\libsysbase.a(libsysbase_libsysbase_a-_exit.o)
 .comment       0x00000023       0x24 C:/devkitPro/devkitARM/bin/../lib/gcc/arm-none-eabi/14.2.0/../../../../arm-none-eabi/lib/thumb\libsysbase.a(libsysbase_libsysbase_a-getreent.o)
 .comment       0x00000023       0x24 C:/devkitPro/devkitARM/bin/../lib/gcc/arm-none-eabi/14.2.0/../../../../arm-none-eabi/lib/thumb\libsysbase.a(libsysbase_libsysbase_a-malloc_vars.o)
 .comment       0x00000023       0x24 C:/devkitPro/devkitARM/bin/../lib/gcc/arm-none-eabi/14.2.0/../../../../arm-none-eabi/lib/thumb\libsysbase.a(libsysbase_libsysbase_a-sbrk.o)
 .comment       0x00000023       0x24 C:/devkitPro/devkitARM/bin/../lib/gcc/arm-none-eabi/14.2.0/../../../../arm-none-eabi/lib/thumb\libsysbase.a(libsysbase_libsysbase_a-syscall_support.o)
 .comment       0x00000023       0x24 C:/devkitPro/devkitARM/bin/../lib/gcc/arm-none-eabi/14.2.0/../../../../arm-none-eabi/lib/thumb\libg.a(libc_a-impure.o)
 .comment       0x00000023       0x24 C:/devkitPro/devkitARM/bin/../lib/gcc/arm-none-eabi/14.2.0/../../../../arm-none-eabi/lib/thumb\libg.a(libc_a-findfp.o)
 .comment       0x00000023       0x24 C:/devkitPro/devkitARM/bin/../lib/gcc/arm-none-eabi/14.2.0/thumb/crtend.o

.gnu.build.attributes
 *(.gnu.build.attributes .gnu.build.attributes.*)

.debug
 *(.debug)

.line
 *(.line)

.debug_srcinfo
 *(.debug_srcinfo)

.debug_sfnames
 *(.debug_sfnames)

.debug_aranges  0x00000000      0x6c0
 *(.debug_aranges)
 .debug_aranges
                0x00000000       0x20 template.o
 .debug_aranges
                0x00000020       0x50 C:/devkitPro/libnds/lib\libnds9.a(keys.o)
 .debug_aranges
                0x00000070       0x38 C:/devkitPro/libnds/lib\libnds9.a(sprite_alloc.o)
 .debug_aranges
                0x000000a8       0x60 C:/devkitPro/libnds/lib\libnds9.a(sprite.o)
 .debug_aranges
                0x00000108       0x88 C:/devkitPro/calico/lib\libcalico_ds9.a(thread_cold.o)
 .debug_aranges
                0x00000190       0x50 C:/devkitPro/calico/lib\libcalico_ds9.a(thread_hot.32.o)
 .debug_aranges
                0x000001e0       0x28 C:/devkitPro/calico/lib\libcalico_ds9.a(arm-context.32.o)
 .debug_aranges
                0x00000208       0x70 C:/devkitPro/calico/lib\libcalico_ds9.a(arm-shims.32.o)
 .debug_aranges
                0x00000278       0x48 C:/devkitPro/calico/lib\libcalico_ds9.a(arm-cache.32.o)
 .debug_aranges
                0x000002c0       0x20 C:/devkitPro/calico/lib\libcalico_ds9.a(keypad.o)
 .debug_aranges
                0x000002e0       0xa0 C:/devkitPro/calico/lib\libcalico_ds9.a(pm.o)
 .debug_aranges
                0x00000380       0x38 C:/devkitPro/calico/lib\libcalico_ds9.a(bootstub_arm9.o)
 .debug_aranges
                0x000003b8       0x20 C:/devkitPro/calico/lib\libcalico_ds9.a(excpt_handler.32.o)
 .debug_aranges
                0x000003d8       0x20 C:/devkitPro/calico/lib\libcalico_ds9.a(touch.o)
 .debug_aranges
                0x000003f8       0x50 C:/devkitPro/calico/lib\libcalico_ds9.a(tick.o)
 .debug_aranges
                0x00000448       0x30 C:/devkitPro/calico/lib\libcalico_ds9.a(mailbox.o)
 .debug_aranges
                0x00000478       0xa8 C:/devkitPro/calico/lib\libcalico_ds9.a(newlib_syscalls.o)
 .debug_aranges
                0x00000520       0x28 C:/devkitPro/calico/lib\libcalico_ds9.a(startup.crt0.o)
 .debug_aranges
                0x00000548       0x28 C:/devkitPro/calico/lib\libcalico_ds9.a(utils.crt0.o)
 .debug_aranges
                0x00000570       0x20 C:/devkitPro/calico/lib\libcalico_ds9.a(irq_handler.32.o)
 .debug_aranges
                0x00000590       0x78 C:/devkitPro/calico/lib\libcalico_ds9.a(pxi.o)
 .debug_aranges
                0x00000608       0x20 C:/devkitPro/calico/lib\libcalico_ds9.a(mpu_setup.crt0.o)
 .debug_aranges
                0x00000628       0x28 C:/devkitPro/calico/lib\libcalico_ds9.a(sys_startup.o)
 .debug_aranges
                0x00000650       0x20 C:/devkitPro/calico/lib\libcalico_ds9.a(irq.o)
 .debug_aranges
                0x00000670       0x50 C:/devkitPro/calico/lib\libcalico_ds9.a(mutex.o)

.debug_pubnames
 *(.debug_pubnames)

.debug_info     0x00000000     0xf375
 *(.debug_info .gnu.linkonce.wi.*)
 .debug_info    0x00000000      0xca9 template.o
 .debug_info    0x00000ca9      0x48a C:/devkitPro/libnds/lib\libnds9.a(keys.o)
 .debug_info    0x00001133     0x1c98 C:/devkitPro/libnds/lib\libnds9.a(sprite_alloc.o)
 .debug_info    0x00002dcb     0x1249 C:/devkitPro/libnds/lib\libnds9.a(sprite.o)
 .debug_info    0x00004014     0x1f3f C:/devkitPro/calico/lib\libcalico_ds9.a(thread_cold.o)
 .debug_info    0x00005f53     0x133c C:/devkitPro/calico/lib\libcalico_ds9.a(thread_hot.32.o)
 .debug_info    0x0000728f       0x3b C:/devkitPro/calico/lib\libcalico_ds9.a(arm-context.32.o)
 .debug_info    0x000072ca      0x396 C:/devkitPro/calico/lib\libcalico_ds9.a(arm-shims.32.o)
 .debug_info    0x00007660       0x67 C:/devkitPro/calico/lib\libcalico_ds9.a(arm-cache.32.o)
 .debug_info    0x000076c7      0x1c1 C:/devkitPro/calico/lib\libcalico_ds9.a(keypad.o)
 .debug_info    0x00007888     0x1b5c C:/devkitPro/calico/lib\libcalico_ds9.a(pm.o)
 .debug_info    0x000093e4       0x3e C:/devkitPro/calico/lib\libcalico_ds9.a(bootstub_arm9.o)
 .debug_info    0x00009422       0x5d C:/devkitPro/calico/lib\libcalico_ds9.a(excpt_handler.32.o)
 .debug_info    0x0000947f      0x26a C:/devkitPro/calico/lib\libcalico_ds9.a(touch.o)
 .debug_info    0x000096e9      0xcb0 C:/devkitPro/calico/lib\libcalico_ds9.a(tick.o)
 .debug_info    0x0000a399      0x865 C:/devkitPro/calico/lib\libcalico_ds9.a(mailbox.o)
 .debug_info    0x0000abfe     0x15e3 C:/devkitPro/calico/lib\libcalico_ds9.a(newlib_syscalls.o)
 .debug_info    0x0000c1e1      0x462 C:/devkitPro/calico/lib\libcalico_ds9.a(startup.crt0.o)
 .debug_info    0x0000c643       0x3b C:/devkitPro/calico/lib\libcalico_ds9.a(utils.crt0.o)
 .debug_info    0x0000c67e       0x33 C:/devkitPro/calico/lib\libcalico_ds9.a(irq_handler.32.o)
 .debug_info    0x0000c6b1     0x140d C:/devkitPro/calico/lib\libcalico_ds9.a(pxi.o)
 .debug_info    0x0000dabe       0x33 C:/devkitPro/calico/lib\libcalico_ds9.a(mpu_setup.crt0.o)
 .debug_info    0x0000daf1      0x4fd C:/devkitPro/calico/lib\libcalico_ds9.a(sys_startup.o)
 .debug_info    0x0000dfee      0x295 C:/devkitPro/calico/lib\libcalico_ds9.a(irq.o)
 .debug_info    0x0000e283     0x10f2 C:/devkitPro/calico/lib\libcalico_ds9.a(mutex.o)

.debug_abbrev   0x00000000     0x39d8
 *(.debug_abbrev)
 .debug_abbrev  0x00000000      0x387 template.o
 .debug_abbrev  0x00000387      0x274 C:/devkitPro/libnds/lib\libnds9.a(keys.o)
 .debug_abbrev  0x000005fb      0x3bd C:/devkitPro/libnds/lib\libnds9.a(sprite_alloc.o)
 .debug_abbrev  0x000009b8      0x43e C:/devkitPro/libnds/lib\libnds9.a(sprite.o)
 .debug_abbrev  0x00000df6      0x578 C:/devkitPro/calico/lib\libcalico_ds9.a(thread_cold.o)
 .debug_abbrev  0x0000136e      0x36e C:/devkitPro/calico/lib\libcalico_ds9.a(thread_hot.32.o)
 .debug_abbrev  0x000016dc       0x26 C:/devkitPro/calico/lib\libcalico_ds9.a(arm-context.32.o)
 .debug_abbrev  0x00001702      0x1b9 C:/devkitPro/calico/lib\libcalico_ds9.a(arm-shims.32.o)
 .debug_abbrev  0x000018bb       0x26 C:/devkitPro/calico/lib\libcalico_ds9.a(arm-cache.32.o)
 .debug_abbrev  0x000018e1       0xca C:/devkitPro/calico/lib\libcalico_ds9.a(keypad.o)
 .debug_abbrev  0x000019ab      0x686 C:/devkitPro/calico/lib\libcalico_ds9.a(pm.o)
 .debug_abbrev  0x00002031       0x26 C:/devkitPro/calico/lib\libcalico_ds9.a(bootstub_arm9.o)
 .debug_abbrev  0x00002057       0x26 C:/devkitPro/calico/lib\libcalico_ds9.a(excpt_handler.32.o)
 .debug_abbrev  0x0000207d      0x114 C:/devkitPro/calico/lib\libcalico_ds9.a(touch.o)
 .debug_abbrev  0x00002191      0x32a C:/devkitPro/calico/lib\libcalico_ds9.a(tick.o)
 .debug_abbrev  0x000024bb      0x2a9 C:/devkitPro/calico/lib\libcalico_ds9.a(mailbox.o)
 .debug_abbrev  0x00002764      0x491 C:/devkitPro/calico/lib\libcalico_ds9.a(newlib_syscalls.o)
 .debug_abbrev  0x00002bf5      0x1d0 C:/devkitPro/calico/lib\libcalico_ds9.a(startup.crt0.o)
 .debug_abbrev  0x00002dc5       0x26 C:/devkitPro/calico/lib\libcalico_ds9.a(utils.crt0.o)
 .debug_abbrev  0x00002deb       0x28 C:/devkitPro/calico/lib\libcalico_ds9.a(irq_handler.32.o)
 .debug_abbrev  0x00002e13      0x43a C:/devkitPro/calico/lib\libcalico_ds9.a(pxi.o)
 .debug_abbrev  0x0000324d       0x28 C:/devkitPro/calico/lib\libcalico_ds9.a(mpu_setup.crt0.o)
 .debug_abbrev  0x00003275      0x1e8 C:/devkitPro/calico/lib\libcalico_ds9.a(sys_startup.o)
 .debug_abbrev  0x0000345d      0x1c2 C:/devkitPro/calico/lib\libcalico_ds9.a(irq.o)
 .debug_abbrev  0x0000361f      0x3b9 C:/devkitPro/calico/lib\libcalico_ds9.a(mutex.o)

.debug_line     0x00000000     0x9ace
 *(.debug_line .debug_line.* .debug_line_end)
 .debug_line    0x00000000      0x3c9 template.o
 .debug_line    0x000003c9      0x459 C:/devkitPro/libnds/lib\libnds9.a(keys.o)
 .debug_line    0x00000822     0x1bf2 C:/devkitPro/libnds/lib\libnds9.a(sprite_alloc.o)
 .debug_line    0x00002414      0x9ac C:/devkitPro/libnds/lib\libnds9.a(sprite.o)
 .debug_line    0x00002dc0      0xe43 C:/devkitPro/calico/lib\libcalico_ds9.a(thread_cold.o)
 .debug_line    0x00003c03     0x106c C:/devkitPro/calico/lib\libcalico_ds9.a(thread_hot.32.o)
 .debug_line    0x00004c6f       0x69 C:/devkitPro/calico/lib\libcalico_ds9.a(arm-context.32.o)
 .debug_line    0x00004cd8      0x2a4 C:/devkitPro/calico/lib\libcalico_ds9.a(arm-shims.32.o)
 .debug_line    0x00004f7c       0xb2 C:/devkitPro/calico/lib\libcalico_ds9.a(arm-cache.32.o)
 .debug_line    0x0000502e      0x16f C:/devkitPro/calico/lib\libcalico_ds9.a(keypad.o)
 .debug_line    0x0000519d      0xdbb C:/devkitPro/calico/lib\libcalico_ds9.a(pm.o)
 .debug_line    0x00005f58       0xf4 C:/devkitPro/calico/lib\libcalico_ds9.a(bootstub_arm9.o)
 .debug_line    0x0000604c       0x66 C:/devkitPro/calico/lib\libcalico_ds9.a(excpt_handler.32.o)
 .debug_line    0x000060b2      0x194 C:/devkitPro/calico/lib\libcalico_ds9.a(touch.o)
 .debug_line    0x00006246      0xa32 C:/devkitPro/calico/lib\libcalico_ds9.a(tick.o)
 .debug_line    0x00006c78      0x4ce C:/devkitPro/calico/lib\libcalico_ds9.a(mailbox.o)
 .debug_line    0x00007146      0x795 C:/devkitPro/calico/lib\libcalico_ds9.a(newlib_syscalls.o)
 .debug_line    0x000078db      0x396 C:/devkitPro/calico/lib\libcalico_ds9.a(startup.crt0.o)
 .debug_line    0x00007c71       0x7d C:/devkitPro/calico/lib\libcalico_ds9.a(utils.crt0.o)
 .debug_line    0x00007cee       0x92 C:/devkitPro/calico/lib\libcalico_ds9.a(irq_handler.32.o)
 .debug_line    0x00007d80      0x97b C:/devkitPro/calico/lib\libcalico_ds9.a(pxi.o)
 .debug_line    0x000086fb       0x6e C:/devkitPro/calico/lib\libcalico_ds9.a(mpu_setup.crt0.o)
 .debug_line    0x00008769      0x46b C:/devkitPro/calico/lib\libcalico_ds9.a(sys_startup.o)
 .debug_line    0x00008bd4      0x26e C:/devkitPro/calico/lib\libcalico_ds9.a(irq.o)
 .debug_line    0x00008e42      0xc8c C:/devkitPro/calico/lib\libcalico_ds9.a(mutex.o)

.debug_frame    0x00000000      0xea0
 *(.debug_frame)
 .debug_frame   0x00000000       0x3c template.o
 .debug_frame   0x0000003c       0x98 C:/devkitPro/libnds/lib\libnds9.a(keys.o)
 .debug_frame   0x000000d4       0xa0 C:/devkitPro/libnds/lib\libnds9.a(sprite_alloc.o)
 .debug_frame   0x00000174       0xf0 C:/devkitPro/libnds/lib\libnds9.a(sprite.o)
 .debug_frame   0x00000264      0x184 C:/devkitPro/calico/lib\libcalico_ds9.a(thread_cold.o)
 .debug_frame   0x000003e8      0x10c C:/devkitPro/calico/lib\libcalico_ds9.a(thread_hot.32.o)
 .debug_frame   0x000004f4       0x30 C:/devkitPro/calico/lib\libcalico_ds9.a(arm-context.32.o)
 .debug_frame   0x00000524       0xc0 C:/devkitPro/calico/lib\libcalico_ds9.a(arm-shims.32.o)
 .debug_frame   0x000005e4       0x70 C:/devkitPro/calico/lib\libcalico_ds9.a(arm-cache.32.o)
 .debug_frame   0x00000654       0x20 C:/devkitPro/calico/lib\libcalico_ds9.a(keypad.o)
 .debug_frame   0x00000674      0x190 C:/devkitPro/calico/lib\libcalico_ds9.a(pm.o)
 .debug_frame   0x00000804       0x30 C:/devkitPro/calico/lib\libcalico_ds9.a(bootstub_arm9.o)
 .debug_frame   0x00000834       0x28 C:/devkitPro/calico/lib\libcalico_ds9.a(touch.o)
 .debug_frame   0x0000085c       0xdc C:/devkitPro/calico/lib\libcalico_ds9.a(tick.o)
 .debug_frame   0x00000938       0x60 C:/devkitPro/calico/lib\libcalico_ds9.a(mailbox.o)
 .debug_frame   0x00000998      0x194 C:/devkitPro/calico/lib\libcalico_ds9.a(newlib_syscalls.o)
 .debug_frame   0x00000b2c       0x68 C:/devkitPro/calico/lib\libcalico_ds9.a(startup.crt0.o)
 .debug_frame   0x00000b94       0x30 C:/devkitPro/calico/lib\libcalico_ds9.a(utils.crt0.o)
 .debug_frame   0x00000bc4       0x20 C:/devkitPro/calico/lib\libcalico_ds9.a(irq_handler.32.o)
 .debug_frame   0x00000be4      0x158 C:/devkitPro/calico/lib\libcalico_ds9.a(pxi.o)
 .debug_frame   0x00000d3c       0x20 C:/devkitPro/calico/lib\libcalico_ds9.a(mpu_setup.crt0.o)
 .debug_frame   0x00000d5c       0x38 C:/devkitPro/calico/lib\libcalico_ds9.a(sys_startup.o)
 .debug_frame   0x00000d94       0x28 C:/devkitPro/calico/lib\libcalico_ds9.a(irq.o)
 .debug_frame   0x00000dbc       0xe4 C:/devkitPro/calico/lib\libcalico_ds9.a(mutex.o)

.debug_str      0x00000000     0x2f8d
 *(.debug_str)
 .debug_str     0x00000000     0x2f8d template.o
                                0xaa8 (size before relaxing)
 .debug_str     0x00002f8d      0x2eb C:/devkitPro/libnds/lib\libnds9.a(keys.o)
 .debug_str     0x00002f8d      0x7a3 C:/devkitPro/libnds/lib\libnds9.a(sprite_alloc.o)
 .debug_str     0x00002f8d      0x98d C:/devkitPro/libnds/lib\libnds9.a(sprite.o)
 .debug_str     0x00002f8d      0x9c2 C:/devkitPro/calico/lib\libcalico_ds9.a(thread_cold.o)
 .debug_str     0x00002f8d      0x4c8 C:/devkitPro/calico/lib\libcalico_ds9.a(thread_hot.32.o)
 .debug_str     0x00002f8d       0xae C:/devkitPro/calico/lib\libcalico_ds9.a(arm-context.32.o)
 .debug_str     0x00002f8d      0x245 C:/devkitPro/calico/lib\libcalico_ds9.a(arm-shims.32.o)
 .debug_str     0x00002f8d      0x102 C:/devkitPro/calico/lib\libcalico_ds9.a(arm-cache.32.o)
 .debug_str     0x00002f8d      0x25f C:/devkitPro/calico/lib\libcalico_ds9.a(keypad.o)
 .debug_str     0x00002f8d      0xd3c C:/devkitPro/calico/lib\libcalico_ds9.a(pm.o)
 .debug_str     0x00002f8d       0xbd C:/devkitPro/calico/lib\libcalico_ds9.a(bootstub_arm9.o)
 .debug_str     0x00002f8d       0xe7 C:/devkitPro/calico/lib\libcalico_ds9.a(excpt_handler.32.o)
 .debug_str     0x00002f8d      0x282 C:/devkitPro/calico/lib\libcalico_ds9.a(touch.o)
 .debug_str     0x00002f8d      0x375 C:/devkitPro/calico/lib\libcalico_ds9.a(tick.o)
 .debug_str     0x00002f8d      0x37b C:/devkitPro/calico/lib\libcalico_ds9.a(mailbox.o)
 .debug_str     0x00002f8d      0xb46 C:/devkitPro/calico/lib\libcalico_ds9.a(newlib_syscalls.o)
 .debug_str     0x00002f8d      0x32e C:/devkitPro/calico/lib\libcalico_ds9.a(startup.crt0.o)
 .debug_str     0x00002f8d       0xb5 C:/devkitPro/calico/lib\libcalico_ds9.a(utils.crt0.o)
 .debug_str     0x00002f8d       0xa0 C:/devkitPro/calico/lib\libcalico_ds9.a(irq_handler.32.o)
 .debug_str     0x00002f8d      0x960 C:/devkitPro/calico/lib\libcalico_ds9.a(pxi.o)
 .debug_str     0x00002f8d       0xa2 C:/devkitPro/calico/lib\libcalico_ds9.a(mpu_setup.crt0.o)
 .debug_str     0x00002f8d      0x37a C:/devkitPro/calico/lib\libcalico_ds9.a(sys_startup.o)
 .debug_str     0x00002f8d      0x20a C:/devkitPro/calico/lib\libcalico_ds9.a(irq.o)
 .debug_str     0x00002f8d      0x509 C:/devkitPro/calico/lib\libcalico_ds9.a(mutex.o)

.debug_loc
 *(.debug_loc)

.debug_macinfo
 *(.debug_macinfo)

.debug_weaknames
 *(.debug_weaknames)

.debug_funcnames
 *(.debug_funcnames)

.debug_typenames
 *(.debug_typenames)

.debug_varnames
 *(.debug_varnames)

.debug_pubtypes
 *(.debug_pubtypes)

.debug_ranges
 *(.debug_ranges)

.debug_macro
 *(.debug_macro)

.debug_addr
 *(.debug_addr)

.ARM.attributes
                0x00000000       0x27
 *(.ARM.attributes)
 .ARM.attributes
                0x00000000       0x1c C:/devkitPro/devkitARM/bin/../lib/gcc/arm-none-eabi/14.2.0/thumb/crti.o
 .ARM.attributes
                0x0000001c       0x2a C:/devkitPro/devkitARM/bin/../lib/gcc/arm-none-eabi/14.2.0/thumb/crtbegin.o
 .ARM.attributes
                0x00000046       0x2b template.o
 .ARM.attributes
                0x00000071       0x2b C:/devkitPro/libnds/lib\libnds9.a(keys.o)
 .ARM.attributes
                0x0000009c       0x2b C:/devkitPro/libnds/lib\libnds9.a(sprite_alloc.o)
 .ARM.attributes
                0x000000c7       0x2b C:/devkitPro/libnds/lib\libnds9.a(sprite.o)
 .ARM.attributes
                0x000000f2       0x2b C:/devkitPro/libnds/lib\libnds9.a(trig.o)
 .ARM.attributes
                0x0000011d       0x2b C:/devkitPro/calico/lib\libcalico_ds9.a(thread_cold.o)
 .ARM.attributes
                0x00000148       0x2b C:/devkitPro/calico/lib\libcalico_ds9.a(thread_hot.32.o)
 .ARM.attributes
                0x00000173       0x1b C:/devkitPro/calico/lib\libcalico_ds9.a(arm-copy-fill.32.o)
 .ARM.attributes
                0x0000018e       0x1b C:/devkitPro/calico/lib\libcalico_ds9.a(arm-context.32.o)
 .ARM.attributes
                0x000001a9       0x2b C:/devkitPro/calico/lib\libcalico_ds9.a(arm-shims.32.o)
 .ARM.attributes
                0x000001d4       0x1b C:/devkitPro/calico/lib\libcalico_ds9.a(arm-cache.32.o)
 .ARM.attributes
                0x000001ef       0x2b C:/devkitPro/calico/lib\libcalico_ds9.a(keypad.o)
 .ARM.attributes
                0x0000021a       0x2b C:/devkitPro/calico/lib\libcalico_ds9.a(pm.o)
 .ARM.attributes
                0x00000245       0x1b C:/devkitPro/calico/lib\libcalico_ds9.a(bootstub_arm9.o)
 .ARM.attributes
                0x00000260       0x1b C:/devkitPro/calico/lib\libcalico_ds9.a(excpt_handler.32.o)
 .ARM.attributes
                0x0000027b       0x2b C:/devkitPro/calico/lib\libcalico_ds9.a(touch.o)
 .ARM.attributes
                0x000002a6       0x2b C:/devkitPro/calico/lib\libcalico_ds9.a(tick.o)
 .ARM.attributes
                0x000002d1       0x2b C:/devkitPro/calico/lib\libcalico_ds9.a(mailbox.o)
 .ARM.attributes
                0x000002fc       0x2b C:/devkitPro/calico/lib\libcalico_ds9.a(newlib_syscalls.o)
 .ARM.attributes
                0x00000327       0x2b C:/devkitPro/calico/lib\libcalico_ds9.a(startup.crt0.o)
 .ARM.attributes
                0x00000352       0x1b C:/devkitPro/calico/lib\libcalico_ds9.a(utils.crt0.o)
 .ARM.attributes
                0x0000036d       0x1b C:/devkitPro/calico/lib\libcalico_ds9.a(irq_handler.32.o)
 .ARM.attributes
                0x00000388       0x2b C:/devkitPro/calico/lib\libcalico_ds9.a(pxi.o)
 .ARM.attributes
                0x000003b3       0x1b C:/devkitPro/calico/lib\libcalico_ds9.a(mpu_setup.crt0.o)
 .ARM.attributes
                0x000003ce       0x2b C:/devkitPro/calico/lib\libcalico_ds9.a(sys_startup.o)
 .ARM.attributes
                0x000003f9       0x2b C:/devkitPro/calico/lib\libcalico_ds9.a(irq.o)
 .ARM.attributes
                0x00000424       0x2b C:/devkitPro/calico/lib\libcalico_ds9.a(mutex.o)
 .ARM.attributes
                0x0000044f       0x1c C:/devkitPro/devkitARM/bin/../lib/gcc/arm-none-eabi/14.2.0/thumb\libgcc.a(_aeabi_uldivmod.o)
 .ARM.attributes
                0x0000046b       0x1c C:/devkitPro/devkitARM/bin/../lib/gcc/arm-none-eabi/14.2.0/thumb\libgcc.a(_sync_none.o)
 .ARM.attributes
                0x00000487       0x2a C:/devkitPro/devkitARM/bin/../lib/gcc/arm-none-eabi/14.2.0/thumb\libgcc.a(_udivmoddi4.o)
 .ARM.attributes
                0x000004b1       0x1c C:/devkitPro/devkitARM/bin/../lib/gcc/arm-none-eabi/14.2.0/thumb\libgcc.a(_dvmd_tls.o)
 .ARM.attributes
                0x000004cd       0x1c C:/devkitPro/devkitARM/bin/../lib/gcc/arm-none-eabi/14.2.0/thumb\libgcc.a(_clzdi2.o)
 .ARM.attributes
                0x000004e9       0x1c C:/devkitPro/devkitARM/bin/../lib/gcc/arm-none-eabi/14.2.0/thumb\libgcc.a(_clzsi2.o)
 .ARM.attributes
                0x00000505       0x2a C:/devkitPro/devkitARM/bin/../lib/gcc/arm-none-eabi/14.2.0/../../../../arm-none-eabi/lib/thumb\libg.a(libc_a-bsearch.o)
 .ARM.attributes
                0x0000052f       0x2a C:/devkitPro/devkitARM/bin/../lib/gcc/arm-none-eabi/14.2.0/../../../../arm-none-eabi/lib/thumb\libg.a(libc_a-realloc.o)
 .ARM.attributes
                0x00000559       0x2a C:/devkitPro/devkitARM/bin/../lib/gcc/arm-none-eabi/14.2.0/../../../../arm-none-eabi/lib/thumb\libg.a(libc_a-mallocr.o)
 .ARM.attributes
                0x00000583       0x2a C:/devkitPro/devkitARM/bin/../lib/gcc/arm-none-eabi/14.2.0/../../../../arm-none-eabi/lib/thumb\libg.a(libc_a-freer.o)
 .ARM.attributes
                0x000005ad       0x2a C:/devkitPro/devkitARM/bin/../lib/gcc/arm-none-eabi/14.2.0/../../../../arm-none-eabi/lib/thumb\libg.a(libc_a-malloc.o)
 .ARM.attributes
                0x000005d7       0x2a C:/devkitPro/devkitARM/bin/../lib/gcc/arm-none-eabi/14.2.0/../../../../arm-none-eabi/lib/thumb\libg.a(libc_a-memset.o)
 .ARM.attributes
                0x00000601       0x2a C:/devkitPro/devkitARM/bin/../lib/gcc/arm-none-eabi/14.2.0/../../../../arm-none-eabi/lib/thumb\libg.a(libc_a-reallocr.o)
 .ARM.attributes
                0x0000062b       0x2a C:/devkitPro/devkitARM/bin/../lib/gcc/arm-none-eabi/14.2.0/../../../../arm-none-eabi/lib/thumb\libg.a(libc_a-mlock.o)
 .ARM.attributes
                0x00000655       0x2a C:/devkitPro/devkitARM/bin/../lib/gcc/arm-none-eabi/14.2.0/../../../../arm-none-eabi/lib/thumb\libg.a(libc_a-exit.o)
 .ARM.attributes
                0x0000067f       0x2a C:/devkitPro/devkitARM/bin/../lib/gcc/arm-none-eabi/14.2.0/../../../../arm-none-eabi/lib/thumb\libg.a(libc_a-init.o)
 .ARM.attributes
                0x000006a9       0x2a C:/devkitPro/devkitARM/bin/../lib/gcc/arm-none-eabi/14.2.0/../../../../arm-none-eabi/lib/thumb\libg.a(libc_a-memmove.o)
 .ARM.attributes
                0x000006d3       0x2a C:/devkitPro/devkitARM/bin/../lib/gcc/arm-none-eabi/14.2.0/../../../../arm-none-eabi/lib/thumb\libg.a(libc_a-malignr.o)
 .ARM.attributes
                0x000006fd       0x2a C:/devkitPro/devkitARM/bin/../lib/gcc/arm-none-eabi/14.2.0/../../../../arm-none-eabi/lib/thumb\libg.a(libc_a-fini.o)
 .ARM.attributes
                0x00000727       0x2a C:/devkitPro/devkitARM/bin/../lib/gcc/arm-none-eabi/14.2.0/../../../../arm-none-eabi/lib/thumb\libsysbase.a(libsysbase_libsysbase_a-_exit.o)
 .ARM.attributes
                0x00000751       0x2a C:/devkitPro/devkitARM/bin/../lib/gcc/arm-none-eabi/14.2.0/../../../../arm-none-eabi/lib/thumb\libsysbase.a(libsysbase_libsysbase_a-getreent.o)
 .ARM.attributes
                0x0000077b       0x2a C:/devkitPro/devkitARM/bin/../lib/gcc/arm-none-eabi/14.2.0/../../../../arm-none-eabi/lib/thumb\libsysbase.a(libsysbase_libsysbase_a-malloc_vars.o)
 .ARM.attributes
                0x000007a5       0x2a C:/devkitPro/devkitARM/bin/../lib/gcc/arm-none-eabi/14.2.0/../../../../arm-none-eabi/lib/thumb\libsysbase.a(libsysbase_libsysbase_a-sbrk.o)
 .ARM.attributes
                0x000007cf       0x2a C:/devkitPro/devkitARM/bin/../lib/gcc/arm-none-eabi/14.2.0/../../../../arm-none-eabi/lib/thumb\libsysbase.a(libsysbase_libsysbase_a-syscall_support.o)
 .ARM.attributes
                0x000007f9       0x2a C:/devkitPro/devkitARM/bin/../lib/gcc/arm-none-eabi/14.2.0/../../../../arm-none-eabi/lib/thumb\libsysbase.a(libsysbase_libsysbase_a-clocks.o)
 .ARM.attributes
                0x00000823       0x1c C:/devkitPro/devkitARM/bin/../lib/gcc/arm-none-eabi/14.2.0/thumb\libgcc.a(_udivsi3.o)
 .ARM.attributes
                0x0000083f       0x1c C:/devkitPro/devkitARM/bin/../lib/gcc/arm-none-eabi/14.2.0/thumb\libgcc.a(_divsi3.o)
 .ARM.attributes
                0x0000085b       0x2a C:/devkitPro/devkitARM/bin/../lib/gcc/arm-none-eabi/14.2.0/thumb\libgcc.a(_muldi3.o)
 .ARM.attributes
                0x00000885       0x2a C:/devkitPro/devkitARM/bin/../lib/gcc/arm-none-eabi/14.2.0/../../../../arm-none-eabi/lib/thumb\libg.a(libc_a-impure.o)
 .ARM.attributes
                0x000008af       0x2a C:/devkitPro/devkitARM/bin/../lib/gcc/arm-none-eabi/14.2.0/../../../../arm-none-eabi/lib/thumb\libg.a(libc_a-findfp.o)
 .ARM.attributes
                0x000008d9       0x2a C:/devkitPro/devkitARM/bin/../lib/gcc/arm-none-eabi/14.2.0/../../../../arm-none-eabi/lib/thumb\libg.a(libc_a-fwalk.o)
 .ARM.attributes
                0x00000903       0x2a C:/devkitPro/devkitARM/bin/../lib/gcc/arm-none-eabi/14.2.0/../../../../arm-none-eabi/lib/thumb\libg.a(libc_a-stdio.o)
 .ARM.attributes
                0x0000092d       0x2a C:/devkitPro/devkitARM/bin/../lib/gcc/arm-none-eabi/14.2.0/../../../../arm-none-eabi/lib/thumb\libg.a(libc_a-fclose.o)
 .ARM.attributes
                0x00000957       0x2a C:/devkitPro/devkitARM/bin/../lib/gcc/arm-none-eabi/14.2.0/../../../../arm-none-eabi/lib/thumb\libg.a(libc_a-fflush.o)
 .ARM.attributes
                0x00000981       0x2a C:/devkitPro/devkitARM/bin/../lib/gcc/arm-none-eabi/14.2.0/../../../../arm-none-eabi/lib/thumb\libsysbase.a(libsysbase_libsysbase_a-handle_manager.o)
 .ARM.attributes
                0x000009ab       0x2a C:/devkitPro/devkitARM/bin/../lib/gcc/arm-none-eabi/14.2.0/../../../../arm-none-eabi/lib/thumb\libsysbase.a(libsysbase_libsysbase_a-iosupport.o)
 .ARM.attributes
                0x000009d5       0x2a C:/devkitPro/devkitARM/bin/../lib/gcc/arm-none-eabi/14.2.0/../../../../arm-none-eabi/lib/thumb\libsysbase.a(libsysbase_libsysbase_a-lseek.o)
 .ARM.attributes
                0x000009ff       0x2a C:/devkitPro/devkitARM/bin/../lib/gcc/arm-none-eabi/14.2.0/../../../../arm-none-eabi/lib/thumb\libsysbase.a(libsysbase_libsysbase_a-read.o)
 .ARM.attributes
                0x00000a29       0x2a C:/devkitPro/devkitARM/bin/../lib/gcc/arm-none-eabi/14.2.0/../../../../arm-none-eabi/lib/thumb\libsysbase.a(libsysbase_libsysbase_a-write.o)
 .ARM.attributes
                0x00000a53       0x2a C:/devkitPro/devkitARM/bin/../lib/gcc/arm-none-eabi/14.2.0/../../../../arm-none-eabi/lib/thumb\libg.a(libc_a-strncmp.o)
 .ARM.attributes
                0x00000a7d       0x2a C:/devkitPro/devkitARM/bin/../lib/gcc/arm-none-eabi/14.2.0/../../../../arm-none-eabi/lib/thumb\libg.a(libc_a-strchr.o)
 .ARM.attributes
                0x00000aa7       0x2a C:/devkitPro/devkitARM/bin/../lib/gcc/arm-none-eabi/14.2.0/../../../../arm-none-eabi/lib/thumb\libg.a(libc_a-strlen-stub.o)
 .ARM.attributes
                0x00000ad1       0x2a C:/devkitPro/devkitARM/bin/../lib/gcc/arm-none-eabi/14.2.0/../../../../arm-none-eabi/lib/thumb\libg.a(libc_a-ctype_.o)
 .ARM.attributes
                0x00000afb       0x1a C:/devkitPro/devkitARM/bin/../lib/gcc/arm-none-eabi/14.2.0/../../../../arm-none-eabi/lib/thumb\libg.a(libc_a-strcmp.o)
 .ARM.attributes
                0x00000b15       0x2a C:/devkitPro/devkitARM/bin/../lib/gcc/arm-none-eabi/14.2.0/thumb/crtend.o
 .ARM.attributes
                0x00000b3f       0x1c C:/devkitPro/devkitARM/bin/../lib/gcc/arm-none-eabi/14.2.0/thumb/crtn.o
 *(.gnu.attributes)

.note.gnu.arm.ident
 *(.note.gnu.arm.ident)

/DISCARD/
 *(.note.GNU-stack)
 *(.gnu_debuglink)
 *(.gnu.lto_*)
 *(.stack)
OUTPUT(C:/devkitPro/examples/nds/Graphics/Sprites/simple/simple.elf elf32-littlearm)
LOAD linker stubs

.debug_loclists
                0x00000000     0x5f2a
 .debug_loclists
                0x00000000       0xd6 template.o
 .debug_loclists
                0x000000d6       0xa4 C:/devkitPro/libnds/lib\libnds9.a(keys.o)
 .debug_loclists
                0x0000017a     0x142d C:/devkitPro/libnds/lib\libnds9.a(sprite_alloc.o)
 .debug_loclists
                0x000015a7      0x895 C:/devkitPro/libnds/lib\libnds9.a(sprite.o)
 .debug_loclists
                0x00001e3c      0xa60 C:/devkitPro/calico/lib\libcalico_ds9.a(thread_cold.o)
 .debug_loclists
                0x0000289c     0x10e2 C:/devkitPro/calico/lib\libcalico_ds9.a(thread_hot.32.o)
 .debug_loclists
                0x0000397e      0x10b C:/devkitPro/calico/lib\libcalico_ds9.a(arm-shims.32.o)
 .debug_loclists
                0x00003a89      0x4df C:/devkitPro/calico/lib\libcalico_ds9.a(pm.o)
 .debug_loclists
                0x00003f68       0xac C:/devkitPro/calico/lib\libcalico_ds9.a(touch.o)
 .debug_loclists
                0x00004014      0x4a5 C:/devkitPro/calico/lib\libcalico_ds9.a(tick.o)
 .debug_loclists
                0x000044b9      0x358 C:/devkitPro/calico/lib\libcalico_ds9.a(mailbox.o)
 .debug_loclists
                0x00004811      0x3c5 C:/devkitPro/calico/lib\libcalico_ds9.a(newlib_syscalls.o)
 .debug_loclists
                0x00004bd6      0x125 C:/devkitPro/calico/lib\libcalico_ds9.a(startup.crt0.o)
 .debug_loclists
                0x00004cfb      0x713 C:/devkitPro/calico/lib\libcalico_ds9.a(pxi.o)
 .debug_loclists
                0x0000540e       0xea C:/devkitPro/calico/lib\libcalico_ds9.a(sys_startup.o)
 .debug_loclists
                0x000054f8       0xba C:/devkitPro/calico/lib\libcalico_ds9.a(irq.o)
 .debug_loclists
                0x000055b2      0x978 C:/devkitPro/calico/lib\libcalico_ds9.a(mutex.o)

.debug_rnglists
                0x00000000     0x1a03
 .debug_rnglists
                0x00000000       0x44 template.o
 .debug_rnglists
                0x00000044       0x73 C:/devkitPro/libnds/lib\libnds9.a(keys.o)
 .debug_rnglists
                0x000000b7      0x7ad C:/devkitPro/libnds/lib\libnds9.a(sprite_alloc.o)
 .debug_rnglists
                0x00000864       0xba C:/devkitPro/libnds/lib\libnds9.a(sprite.o)
 .debug_rnglists
                0x0000091e      0x2ed C:/devkitPro/calico/lib\libcalico_ds9.a(thread_cold.o)
 .debug_rnglists
                0x00000c0b      0x341 C:/devkitPro/calico/lib\libcalico_ds9.a(thread_hot.32.o)
 .debug_rnglists
                0x00000f4c       0x19 C:/devkitPro/calico/lib\libcalico_ds9.a(arm-context.32.o)
 .debug_rnglists
                0x00000f65       0x67 C:/devkitPro/calico/lib\libcalico_ds9.a(arm-shims.32.o)
 .debug_rnglists
                0x00000fcc       0x31 C:/devkitPro/calico/lib\libcalico_ds9.a(arm-cache.32.o)
 .debug_rnglists
                0x00000ffd       0x22 C:/devkitPro/calico/lib\libcalico_ds9.a(keypad.o)
 .debug_rnglists
                0x0000101f      0x190 C:/devkitPro/calico/lib\libcalico_ds9.a(pm.o)
 .debug_rnglists
                0x000011af       0x26 C:/devkitPro/calico/lib\libcalico_ds9.a(bootstub_arm9.o)
 .debug_rnglists
                0x000011d5       0x1f C:/devkitPro/calico/lib\libcalico_ds9.a(touch.o)
 .debug_rnglists
                0x000011f4      0x193 C:/devkitPro/calico/lib\libcalico_ds9.a(tick.o)
 .debug_rnglists
                0x00001387       0xc4 C:/devkitPro/calico/lib\libcalico_ds9.a(mailbox.o)
 .debug_rnglists
                0x0000144b      0x110 C:/devkitPro/calico/lib\libcalico_ds9.a(newlib_syscalls.o)
 .debug_rnglists
                0x0000155b       0x50 C:/devkitPro/calico/lib\libcalico_ds9.a(startup.crt0.o)
 .debug_rnglists
                0x000015ab       0x19 C:/devkitPro/calico/lib\libcalico_ds9.a(utils.crt0.o)
 .debug_rnglists
                0x000015c4      0x1a6 C:/devkitPro/calico/lib\libcalico_ds9.a(pxi.o)
 .debug_rnglists
                0x0000176a       0x59 C:/devkitPro/calico/lib\libcalico_ds9.a(sys_startup.o)
 .debug_rnglists
                0x000017c3       0x3a C:/devkitPro/calico/lib\libcalico_ds9.a(irq.o)
 .debug_rnglists
                0x000017fd      0x206 C:/devkitPro/calico/lib\libcalico_ds9.a(mutex.o)

.debug_line_str
                0x00000000      0x128
 .debug_line_str
                0x00000000      0x128 C:/devkitPro/calico/lib\libcalico_ds9.a(arm-context.32.o)
                                 0x82 (size before relaxing)
 .debug_line_str
                0x00000128       0x80 C:/devkitPro/calico/lib\libcalico_ds9.a(arm-cache.32.o)
 .debug_line_str
                0x00000128       0x86 C:/devkitPro/calico/lib\libcalico_ds9.a(bootstub_arm9.o)
 .debug_line_str
                0x00000128       0x89 C:/devkitPro/calico/lib\libcalico_ds9.a(excpt_handler.32.o)
 .debug_line_str
                0x00000128       0x8b C:/devkitPro/calico/lib\libcalico_ds9.a(utils.crt0.o)
 .debug_line_str
                0x00000128       0x82 C:/devkitPro/calico/lib\libcalico_ds9.a(irq_handler.32.o)
 .debug_line_str
                0x00000128       0x87 C:/devkitPro/calico/lib\libcalico_ds9.a(mpu_setup.crt0.o)
