Archive member included to satisfy reference by file (symbol)

C:/devkitPro/libnds/lib\libnds9.a(console.o)
                              main.o (consoleDemoInit)
C:/devkitPro/libnds/lib\libnds9.a(gl2d.o)
                              main.o (glScreen2D)
C:/devkitPro/libnds/lib\libnds9.a(keys.o)
                              main.o (scanKeys)
C:/devkitPro/libnds/lib\libnds9.a(sprite.o)
                              main.o (oamInit)
C:/devkitPro/libnds/lib\libnds9.a(trig.o)
                              C:/devkitPro/libnds/lib\libnds9.a(gl2d.o) (sinLerp)
C:/devkitPro/libnds/lib\libnds9.a(videoGL_base.o)
                              C:/devkitPro/libnds/lib\libnds9.a(gl2d.o) (glMaterialf)
C:/devkitPro/libnds/lib\libnds9.a(videoGL.o)
                              C:/devkitPro/libnds/lib\libnds9.a(gl2d.o) (glGenTextures)
C:/devkitPro/libnds/lib\libnds9.a(default_font.bin.o)
                              C:/devkitPro/libnds/lib\libnds9.a(console.o) (default_font_bin)
C:/devkitPro/libnds/lib\libnds9.a(background.o)
                              C:/devkitPro/libnds/lib\libnds9.a(console.o) (bgState)
C:/devkitPro/libnds/lib\libnds9.a(dynamicArray.o)
                              C:/devkitPro/libnds/lib\libnds9.a(videoGL.o) (DynamicArrayInit)
C:/devkitPro/libnds/lib\libnds9.a(sprite_alloc.o)
                              C:/devkitPro/libnds/lib\libnds9.a(sprite.o) (oamAllocReset)
C:/devkitPro/libnds/lib\libnds9.a(system.o)
                              C:/devkitPro/libnds/lib\libnds9.a(videoGL_base.o) (powerOn)
C:/devkitPro/libnds/lib\libnds9.a(video.o)
                              C:/devkitPro/libnds/lib\libnds9.a(videoGL.o) (vramSetBanks_EFG)
C:/devkitPro/calico/lib\libcalico_ds9.a(thread_cold.o)
                              main.o (threadIrqWait)
C:/devkitPro/calico/lib\libcalico_ds9.a(thread_hot.32.o)
                              C:/devkitPro/calico/lib\libcalico_ds9.a(thread_cold.o) (__sched_state)
C:/devkitPro/calico/lib\libcalico_ds9.a(arm-copy-fill.32.o)
                              C:/devkitPro/calico/lib\libcalico_ds9.a(thread_cold.o) (armCopyMem32)
C:/devkitPro/calico/lib\libcalico_ds9.a(arm-context.32.o)
                              C:/devkitPro/calico/lib\libcalico_ds9.a(thread_cold.o) (armContextSave)
C:/devkitPro/calico/lib\libcalico_ds9.a(arm-shims.32.o)
                              C:/devkitPro/calico/lib\libcalico_ds9.a(thread_cold.o) (armWaitForIrq)
C:/devkitPro/calico/lib\libcalico_ds9.a(arm-cache.32.o)
                              C:/devkitPro/libnds/lib\libnds9.a(sprite.o) (armDCacheFlush)
C:/devkitPro/calico/lib\libcalico_ds9.a(bios.o)
                              C:/devkitPro/libnds/lib\libnds9.a(videoGL.o) (svcCpuSet)
C:/devkitPro/calico/lib\libcalico_ds9.a(keypad.o)
                              C:/devkitPro/libnds/lib\libnds9.a(keys.o) (keypadGetState)
C:/devkitPro/calico/lib\libcalico_ds9.a(pm.o)
                              main.o (pmMainLoop)
C:/devkitPro/calico/lib\libcalico_ds9.a(bootstub_arm9.o)
                              (__ds9_bootstub)
C:/devkitPro/calico/lib\libcalico_ds9.a(excpt_handler.32.o)
                              C:/devkitPro/calico/lib\libcalico_ds9.a(bootstub_arm9.o) (__arm_excpt_rst)
C:/devkitPro/calico/lib\libcalico_ds9.a(touch.o)
                              main.o (touchRead)
C:/devkitPro/calico/lib\libcalico_ds9.a(tick.o)
                              C:/devkitPro/calico/lib\libcalico_ds9.a(thread_cold.o) (tickTaskStart)
C:/devkitPro/calico/lib\libcalico_ds9.a(mailbox.o)
                              C:/devkitPro/calico/lib\libcalico_ds9.a(pm.o) (mailboxRecv)
C:/devkitPro/calico/lib\libcalico_ds9.a(newlib_syscalls.o)
                              C:/devkitPro/calico/lib\libcalico_ds9.a(bootstub_arm9.o) (__newlib_syscalls)
C:/devkitPro/calico/lib\libcalico_ds9.a(startup.crt0.o)
                              C:/devkitPro/calico/lib\libcalico_ds9.a(bootstub_arm9.o) (crt0Startup)
C:/devkitPro/calico/lib\libcalico_ds9.a(utils.crt0.o)
                              C:/devkitPro/calico/lib\libcalico_ds9.a(startup.crt0.o) (crt0CopyMem32)
C:/devkitPro/calico/lib\libcalico_ds9.a(irq_handler.32.o)
                              C:/devkitPro/calico/lib\libcalico_ds9.a(bootstub_arm9.o) (__arm_excpt_irq)
C:/devkitPro/calico/lib\libcalico_ds9.a(pxi.o)
                              C:/devkitPro/calico/lib\libcalico_ds9.a(startup.crt0.o) (_pxiInit)
C:/devkitPro/calico/lib\libcalico_ds9.a(mpu_setup.crt0.o)
                              C:/devkitPro/calico/lib\libcalico_ds9.a(startup.crt0.o) (crt0SetupMPU)
C:/devkitPro/calico/lib\libcalico_ds9.a(sys_startup.o)
                              C:/devkitPro/calico/lib\libcalico_ds9.a(startup.crt0.o) (systemStartup)
C:/devkitPro/calico/lib\libcalico_ds9.a(irq.o)
                              C:/devkitPro/calico/lib\libcalico_ds9.a(tick.o) (irqSet)
C:/devkitPro/calico/lib\libcalico_ds9.a(mutex.o)
[...]
Memory Configuration

Name             Origin             Length             Attributes
lma9             0x02004000         0x0027c000
lma9i            0x02400000         0x00280000
vectors          0x00000000         0x00000020
itcm             0x01ff8020         0x00007fe0
main             0x02001000         0x00f7f000
dtcm             0x02ff0000         0x00003e80
dldi             0x0380b000         0x00004000
stub             0x0e000000         0x00004000
tls              0x00000000         0x00000400
*default*        0x00000000         0xffffffff

Linker script and memory map

                0x00000000                        __sync_synchronize = __sync_synchronize_none
LOAD C:/devkitPro/devkitARM/bin/../lib/gcc/arm-none-eabi/14.2.0/thumb/crti.o
LOAD C:/devkitPro/devkitARM/bin/../lib/gcc/arm-none-eabi/14.2.0/thumb/crtbegin.o
LOAD main.o
LOAD C:/devkitPro/libnds/lib\libnds9.a
LOAD C:/devkitPro/calico/lib\libcalico_ds9.a
LOAD C:/devkitPro/devkitARM/bin/../lib/gcc/arm-none-eabi/14.2.0/../../../../arm-none-eabi/lib/thumb\libstdc++.a
LOAD C:/devkitPro/devkitARM/bin/../lib/gcc/arm-none-eabi/14.2.0/../../../../arm-none-eabi/lib/thumb\libm.a
START GROUP
LOAD C:/devkitPro/devkitARM/bin/../lib/gcc/arm-none-eabi/14.2.0/thumb\libgcc.a
LOAD C:/devkitPro/devkitARM/bin/../lib/gcc/arm-none-eabi/14.2.0/../../../../arm-none-eabi/lib/thumb\libg.a
LOAD C:/devkitPro/devkitARM/bin/../lib/gcc/arm-none-eabi/14.2.0/../../../../arm-none-eabi/lib/thumb\libc.a
LOAD C:/devkitPro/devkitARM/bin/../lib/gcc/arm-none-eabi/14.2.0/../../../../arm-none-eabi/lib/thumb\libsysbase.a
END GROUP
LOAD C:/devkitPro/devkitARM/bin/../lib/gcc/arm-none-eabi/14.2.0/thumb/crtend.o
LOAD C:/devkitPro/devkitARM/bin/../lib/gcc/arm-none-eabi/14.2.0/thumb/crtn.o
                0x02ff3e80                        PROVIDE (__sp_usr = (ORIGIN (dtcm) + LENGTH (dtcm)))
                0x02ff3f80                        PROVIDE (__sp_irq = (__sp_usr + 0x100))
                0x02ff3fc0                        PROVIDE (__sp_svc = (__sp_irq + 0x40))
                0x02ff3ff8                        PROVIDE (__irq_flags = (__sp_svc + 0x38))
                [!provide]                        PROVIDE (__irq_vector = (__sp_svc + 0x3c))
                [!provide]                        PROVIDE (__arm_excpt_rst = 0xffff0000)
                [!provide]                        PROVIDE (__arm_excpt_und = 0xffff0004)
                0xffff0008                        PROVIDE (__arm_excpt_svc = 0xffff0008)
                [!provide]                        PROVIDE (__arm_excpt_pabt = 0xffff000c)
                [!provide]                        PROVIDE (__arm_excpt_dabt = 0xffff0010)
                [!provide]                        PROVIDE (__arm_excpt_irq = 0xffff0018)
                [!provide]                        PROVIDE (__arm_excpt_fiq = 0xffff001c)
                0x00000000                        PROVIDE (__end__ = 0x0)

.secure         0x0e000000      0x800 load address 0x02004000
                0x0e0007fc                        . = (. + 0x7fc)
 *fill*         0x0e000000      0x7fc 00000000
                0x0e0007fc        0x4 LONG 0x0

.bootstub       0x0e000800      0x190 load address 0x02004800
 *(.bootstub .bootstub.*)
 .bootstub.__ds9_bootstub
                0x0e000800      0x190 C:/devkitPro/calico/lib\libcalico_ds9.a(bootstub_arm9.o)
                0x0e000800                __ds9_bootstub
                0x0e000990                        . = ALIGN (0x4)

.crt0           0x02001000      0x360 load address 0x02004990
 *(.crt0 .crt0.*)
 .crt0.__ds9_bootstub_trampoline
                0x02001000       0x20 C:/devkitPro/calico/lib\libcalico_ds9.a(bootstub_arm9.o)
 *.crt0.*(.text .stub .text.* .gnu.linkonce.t.*)
 .text.crt0ProcessLoadList
                0x02001020       0x74 C:/devkitPro/calico/lib\libcalico_ds9.a(startup.crt0.o)
                0x02001020                crt0ProcessLoadList
 .text.crt0Startup
                0x02001094      0x150 C:/devkitPro/calico/lib\libcalico_ds9.a(startup.crt0.o)
                0x02001094                crt0Startup
 .text.crt0CopyMem32
                0x020011e4       0x4c C:/devkitPro/calico/lib\libcalico_ds9.a(utils.crt0.o)
                0x020011e4                crt0CopyMem32
 .text.crt0FillMem32
                0x02001230       0x58 C:/devkitPro/calico/lib\libcalico_ds9.a(utils.crt0.o)
                0x02001230                crt0FillMem32
 .text.crt0SetupMPU
                0x02001288       0xb4 C:/devkitPro/calico/lib\libcalico_ds9.a(mpu_setup.crt0.o)
                0x02001288                crt0SetupMPU
 *fill*         0x0200133c        0x4 ff
 .text.crt0SetupMPU.__stub
                0x02001340        0x8 linker stubs
 *.crt0.*(.glue_7t .glue_7 .vfp11_veneer .v4_bx)
 *.crt0.*(.rodata .rodata.* .gnu.linkonce.r.*)
 *.crt0.*(.rodata1)
                0x02001360                        . = ALIGN (0x20)
 *fill*         0x02001348       0x18 ff
                0x02004990                        PROVIDE (__crt0_lma = LOADADDR (.crt0))
                0x02001000                        PROVIDE (__crt0_start = ADDR (.crt0))
                0x02001360                        PROVIDE (__crt0_end = (ADDR (.crt0) + SIZEOF (.crt0)))
                0x00000001                        ASSERT (((__crt0_end <= LOADADDR (.bootstub)) || (__crt0_start >= (LOADADDR (.bootstub) + SIZEOF (.bootstub)))), Error: crt0 section overlaps initial bootstrap)

.dldi           0x0380b000        0x0 load address 0x02004cf0
 *(.dldi)
                0x00000000                        PROVIDE (__dldi_lma = SIZEOF (.dldi)?LOADADDR (.dldi):0x0)

.vectors        0x00000000       0x20 load address 0x02004cf0
 *(.vectors)
 .vectors       0x00000000       0x20 C:/devkitPro/calico/lib\libcalico_ds9.a(bootstub_arm9.o)

.itcm           0x01ff8020      0x6a8 load address 0x02004d10
 *(.itcm .itcm.*)
 .itcm          0x01ff8020       0x30 C:/devkitPro/calico/lib\libcalico_ds9.a(bootstub_arm9.o)
                0x01ff8038                __excpt_vectors
 *.itcm.*(.text .stub .text.* .gnu.linkonce.t.*)
 *.32.o(.text .stub .text.* .gnu.linkonce.t.*)
 .text.threadReschedule
                0x01ff8050       0x88 C:/devkitPro/calico/lib\libcalico_ds9.a(thread_hot.32.o)
 .text.threadBlock
                0x01ff80d8       0xd4 C:/devkitPro/calico/lib\libcalico_ds9.a(thread_hot.32.o)
                0x01ff80d8                threadBlock
 .text.threadUnblockOneByValue
                0x01ff81ac       0xc0 C:/devkitPro/calico/lib\libcalico_ds9.a(thread_hot.32.o)
                0x01ff81ac                threadUnblockOneByValue
 .text.threadUnblockAllByValue
                0x01ff826c      0x144 C:/devkitPro/calico/lib\libcalico_ds9.a(thread_hot.32.o)
                0x01ff826c                threadUnblockAllByValue
 .text.threadUnblockAllByMask
                0x01ff83b0      0x134 C:/devkitPro/calico/lib\libcalico_ds9.a(thread_hot.32.o)
                0x01ff83b0                threadUnblockAllByMask
 .text.armContextSave
                0x01ff84e4       0x2c C:/devkitPro/calico/lib\libcalico_ds9.a(arm-context.32.o)
                0x01ff84e4                armContextSave
 .text.armContextLoad
                0x01ff8510       0x20 C:/devkitPro/calico/lib\libcalico_ds9.a(arm-context.32.o)
                0x01ff8510                armContextLoad
                0x01ff8514                armContextLoadFromSvc
 .text.armWaitForIrq
                0x01ff8530        0x8 C:/devkitPro/calico/lib\libcalico_ds9.a(arm-shims.32.o)
                0x01ff8530                armWaitForIrq
 .text.armDrainWriteBuffer
                0x01ff8538        0xc C:/devkitPro/calico/lib\libcalico_ds9.a(arm-cache.32.o)
                0x01ff8538                armDrainWriteBuffer
 .text.armDCacheFlushAll
                0x01ff8544       0x28 C:/devkitPro/calico/lib\libcalico_ds9.a(arm-cache.32.o)
                0x01ff8544                armDCacheFlushAll
 .text.armDCacheFlush
                0x01ff856c       0x1c C:/devkitPro/calico/lib\libcalico_ds9.a(arm-cache.32.o)
                0x01ff856c                armDCacheFlush
 .text.armICacheInvalidateAll
                0x01ff8588        0xc C:/devkitPro/calico/lib\libcalico_ds9.a(arm-cache.32.o)
                0x01ff8588                armICacheInvalidateAll
 .text.__excpt_entry
                0x01ff8594       0x50 C:/devkitPro/calico/lib\libcalico_ds9.a(excpt_handler.32.o)
                0x01ff8594                __arm_excpt_rst
                0x01ff8598                __arm_excpt_pabt
                0x01ff859c                __arm_excpt_und
                0x01ff85a8                __arm_excpt_dabt
 .text.__arm_excpt_irq
                0x01ff85e4       0xe4 C:/devkitPro/calico/lib\libcalico_ds9.a(irq_handler.32.o)
                0x01ff85e4                __arm_excpt_irq
 *.itcm.*(.glue_7t .glue_7 .vfp11_veneer .v4_bx)
 *.32.o(.glue_7t .glue_7 .vfp11_veneer .v4_bx)
 *.itcm.*(.rodata .rodata.* .gnu.linkonce.r.*)
 *.32.o(.rodata .rodata.* .gnu.linkonce.r.*)
 *.itcm.*(.rodata1)
 *.32.o(.rodata1)
                0x01ff86c8                        . = ALIGN (0x4)
                0x02004cf0                        PROVIDE (__itcm_lma = LOADADDR (.vectors))
                0x01ff8000                        PROVIDE (__itcm_start = (ADDR (.itcm) - SIZEOF (.vectors)))
                0x01ff86c8                        PROVIDE (__itcm_end = (ADDR (.itcm) + SIZEOF (.itcm)))
                0x00000001                        ASSERT (((__itcm_lma + SIZEOF (.vectors)) == LOADADDR (.itcm)), Error: gap between vectors and itcm)

.dtcm           0x02ff0000        0x0 load address 0x020053b8
 *(.dtcm .dtcm.*)
 *.32.o(.data .data.* .gnu.linkonce.d.*)
 *.32.o(.data1)
                0x02ff0000                        . = ALIGN (0x4)
                [!provide]                        PROVIDE (__dtcm_lma = LOADADDR (.dtcm))
                0x02ff0000                        PROVIDE (__dtcm_start = ADDR (.dtcm))
                0x02ff0000                        PROVIDE (__dtcm_end = (ADDR (.dtcm) + SIZEOF (.dtcm)))

.dtcm.bss       0x02ff0000       0x98 load address 0x020053b8
 *(.sbss .sbss.*)
 *.32.o(.dynbss)
 *.32.o(.bss .bss.* .gnu.linkonce.b.*)
 .bss.__irq_table
                0x02ff0000       0x80 C:/devkitPro/calico/lib\libcalico_ds9.a(thread_hot.32.o)
                0x02ff0000                __irq_table
 .bss.__sched_state
                0x02ff0080       0x18 C:/devkitPro/calico/lib\libcalico_ds9.a(thread_hot.32.o)
                0x02ff0080                __sched_state
 *.32.o(COMMON)
                0x02ff0098                        . = ALIGN (0x4)
                [!provide]                        PROVIDE (__dtcm_bss_start = ADDR (.dtcm.bss))
                0x02ff0098                        PROVIDE (__dtcm_bss_end = (ADDR (.dtcm.bss) + SIZEOF (.dtcm.bss)))

.main           0x02001360     0xe834 load address 0x020053b8
 *(SORT_NONE(.init))
 .init          0x02001360        0x4 C:/devkitPro/devkitARM/bin/../lib/gcc/arm-none-eabi/14.2.0/thumb/crti.o
                0x02001360                _init
 .init          0x02001364        0x8 C:/devkitPro/devkitARM/bin/../lib/gcc/arm-none-eabi/14.2.0/thumb/crtn.o
 EXCLUDE_FILE(*.twl.*) *(.text.unlikely .text.*_unlikely .text.unlikely.*)
 EXCLUDE_FILE(*.twl.*) *(.text.exit .text.exit.*)
 .text.exit     0x0200136c       0x24 C:/devkitPro/devkitARM/bin/../lib/gcc/arm-none-eabi/14.2.0/../../../../arm-none-eabi/lib/thumb\libg.a(libc_a-exit.o)
                0x0200136c                exit
 EXCLUDE_FILE(*.twl.*) *(.text.startup .text.startup.*)
 .text.startup.main
                0x02001390       0xc0 main.o
                0x02001390                main
 EXCLUDE_FILE(*.twl.*) *(.text.hot .text.hot.*)
 EXCLUDE_FILE(*.twl.*) *(.text .iplt .stub .text.* .gnu.linkonce.t.*)
 .text.__do_global_dtors_aux
                0x02001450       0x2c C:/devkitPro/devkitARM/bin/../lib/gcc/arm-none-eabi/14.2.0/thumb/crtbegin.o
 .text.frame_dummy
                0x0200147c       0x24 C:/devkitPro/devkitARM/bin/../lib/gcc/arm-none-eabi/14.2.0/thumb/crtbegin.o
 .iplt          0x020014a0        0x0 C:/devkitPro/devkitARM/bin/../lib/gcc/arm-none-eabi/14.2.0/thumb/crtbegin.o
 .text.newRow   0x020014a0       0xdc C:/devkitPro/libnds/lib\libnds9.a(console.o)
 .text.consolePrintChar
                0x0200157c       0xe0 C:/devkitPro/libnds/lib\libnds9.a(console.o)
                0x0200157c                consolePrintChar
 .text.con_write
                0x0200165c      0x320 C:/devkitPro/libnds/lib\libnds9.a(console.o)
                0x0200165c                con_write
 .text.consoleLoadFont
                0x0200197c      0x314 C:/devkitPro/libnds/lib\libnds9.a(console.o)
                0x0200197c                consoleLoadFont
 .text.consoleInit
                0x02001c90      0x18c C:/devkitPro/libnds/lib\libnds9.a(console.o)
                0x02001c90                consoleInit
 .text.consoleDemoInit
                0x02001e1c       0x40 C:/devkitPro/libnds/lib\libnds9.a(console.o)
                0x02001e1c                consoleDemoInit
 .text.glScreen2D
                0x02001e5c      0x53c C:/devkitPro/libnds/lib\libnds9.a(gl2d.o)
                0x02001e5c                glScreen2D
 .text.scanKeys
                0x02002398       0x6c C:/devkitPro/libnds/lib\libnds9.a(keys.o)
                0x02002398                scanKeys
 .text.keysHeld
                0x02002404        0xc C:/devkitPro/libnds/lib\libnds9.a(keys.o)
                0x02002404                keysHeld
 .text.oamInit  0x02002410      0x138 C:/devkitPro/libnds/lib\libnds9.a(sprite.o)
                0x02002410                oamInit
 .text.sinLutLookup
                0x02002548       0x4c C:/devkitPro/libnds/lib\libnds9.a(trig.o)
                0x02002548                sinLutLookup
 .text.sinLerp  0x02002594       0x38 C:/devkitPro/libnds/lib\libnds9.a(trig.o)
                0x02002594                sinLerp
 .text.cosLerp  0x020025cc       0x48 C:/devkitPro/libnds/lib\libnds9.a(trig.o)
                0x020025cc                cosLerp
 .text.tanLerp  0x02002614       0xb0 C:/devkitPro/libnds/lib\libnds9.a(trig.o)
                0x02002614                tanLerp
 .text.glMaterialf
                0x020026c4       0x7c C:/devkitPro/libnds/lib\libnds9.a(videoGL_base.o)
                0x020026c4                glMaterialf
 .text.glInit   0x02002740       0xdc C:/devkitPro/libnds/lib\libnds9.a(videoGL_base.o)
                0x02002740                glInit
 .text.vramBlock_init
                0x0200281c       0x5c C:/devkitPro/libnds/lib\libnds9.a(videoGL.o)
                0x0200281c                vramBlock_init
 .text._glInitGlobals
                0x02002878       0xc8 C:/devkitPro/libnds/lib\libnds9.a(videoGL.o)
                0x02002878                _glInitGlobals
 .text.checkIfText
                0x02002940       0x6c C:/devkitPro/libnds/lib\libnds9.a(background.o)
                0x02002940                checkIfText
 .text.bgUpdate
                0x020029ac       0xf4 C:/devkitPro/libnds/lib\libnds9.a(background.o)
                0x020029ac                bgUpdate
 .text.bgInit_call
                0x02002aa0       0xb0 C:/devkitPro/libnds/lib\libnds9.a(background.o)
                0x02002aa0                bgInit_call
 .text.bgInitSub_call
                0x02002b50       0xb8 C:/devkitPro/libnds/lib\libnds9.a(background.o)
                0x02002b50                bgInitSub_call
 .text.DynamicArrayInit
                0x02002c08       0x18 C:/devkitPro/libnds/lib\libnds9.a(dynamicArray.o)
                0x02002c08                DynamicArrayInit
 .text.DynamicArraySet
                0x02002c20       0x48 C:/devkitPro/libnds/lib\libnds9.a(dynamicArray.o)
                0x02002c20                DynamicArraySet
 .text.oamAllocReset
                0x02002c68       0x1c C:/devkitPro/libnds/lib\libnds9.a(sprite_alloc.o)
                0x02002c68                oamAllocReset
 .text.powerOn  0x02002c84       0x18 C:/devkitPro/libnds/lib\libnds9.a(system.o)
                0x02002c84                powerOn
 .text.threadExit
                0x02002c9c       0x98 C:/devkitPro/calico/lib\libcalico_ds9.a(thread_cold.o)
                0x02002c9c                threadExit
 .text._threadTickTask
                0x02002d34       0x10 C:/devkitPro/calico/lib\libcalico_ds9.a(thread_cold.o)
 .text._threadInit
                0x02002d44       0x98 C:/devkitPro/calico/lib\libcalico_ds9.a(thread_cold.o)
                0x02002d44                _threadInit
 .text.threadPrepare
                0x02002ddc       0x98 C:/devkitPro/calico/lib\libcalico_ds9.a(thread_cold.o)
                0x02002ddc                threadPrepare
 .text.threadStart
                0x02002e74       0xc0 C:/devkitPro/calico/lib\libcalico_ds9.a(thread_cold.o)
                0x02002e74                threadStart
 .text.threadIrqWait
                0x02002f34       0x98 C:/devkitPro/calico/lib\libcalico_ds9.a(thread_cold.o)
                0x02002f34                threadIrqWait
 .text.threadSleepTicks
                0x02002fcc       0x58 C:/devkitPro/calico/lib\libcalico_ds9.a(thread_cold.o)
                0x02002fcc                threadSleepTicks
 .text.keypadGetState
                0x02003024       0x28 C:/devkitPro/calico/lib\libcalico_ds9.a(keypad.o)
                0x02003024                keypadGetState
 .text._pmCallEventHandlers
                0x0200304c       0x40 C:/devkitPro/calico/lib\libcalico_ds9.a(pm.o)
 .text._pmPxiThreadMain
                0x0200308c       0xa0 C:/devkitPro/calico/lib\libcalico_ds9.a(pm.o)
 .text._pmResetPxiHandler
                0x0200312c       0x28 C:/devkitPro/calico/lib\libcalico_ds9.a(pm.o)
 .text.systemUserExit
                0x02003154        0x4 C:/devkitPro/calico/lib\libcalico_ds9.a(pm.o)
                0x02003154                systemUserExit
 .text.systemErrorExit
                0x02003158        0x4 C:/devkitPro/calico/lib\libcalico_ds9.a(pm.o)
                0x02003158                systemErrorExit
 .text.__syscall_exit
                0x0200315c      0x138 C:/devkitPro/calico/lib\libcalico_ds9.a(pm.o)
                0x0200315c                __syscall_exit
 .text.pmInit   0x02003294       0x58 C:/devkitPro/calico/lib\libcalico_ds9.a(pm.o)
                0x02003294                pmInit
 .text.pmEnterSleep
                0x020032ec       0xcc C:/devkitPro/calico/lib\libcalico_ds9.a(pm.o)
                0x020032ec                pmEnterSleep
 .text.pmMainLoop
                0x020033b8       0x60 C:/devkitPro/calico/lib\libcalico_ds9.a(pm.o)
                0x020033b8                pmMainLoop
 .text.touchRead
                0x02003418       0x58 C:/devkitPro/calico/lib\libcalico_ds9.a(touch.o)
                0x02003418                touchRead
 .text._tickCountIsr
                0x02003470       0x1c C:/devkitPro/calico/lib\libcalico_ds9.a(tick.o)
 .text._tickTaskSchedule.part.0.isra.0
                0x0200348c       0x98 C:/devkitPro/calico/lib\libcalico_ds9.a(tick.o)
 .text.tickInit
                0x02003524       0x8c C:/devkitPro/calico/lib\libcalico_ds9.a(tick.o)
                0x02003524                tickInit
 .text.tickGetCount
                0x020035b0       0x6c C:/devkitPro/calico/lib\libcalico_ds9.a(tick.o)
                0x020035b0                tickGetCount
 .text._tickTaskIsr
                0x0200361c      0x110 C:/devkitPro/calico/lib\libcalico_ds9.a(tick.o)
 .text.tickTaskStart
                0x0200372c      0x11c C:/devkitPro/calico/lib\libcalico_ds9.a(tick.o)
                0x0200372c                tickTaskStart
 .text.mailboxTrySend
                0x02003848       0x9c C:/devkitPro/calico/lib\libcalico_ds9.a(mailbox.o)
                0x02003848                mailboxTrySend
 .text.mailboxRecv
                0x020038e4       0x8c C:/devkitPro/calico/lib\libcalico_ds9.a(mailbox.o)
                0x020038e4                mailboxRecv
 .text.__syscall_getreent
                0x02003970       0x14 C:/devkitPro/calico/lib\libcalico_ds9.a(newlib_syscalls.o)
                0x02003970                __syscall_getreent
 .text.__errno  0x02003984       0x24 C:/devkitPro/calico/lib\libcalico_ds9.a(newlib_syscalls.o)
                0x02003984                __errno
 .text.__syscall_lock_acquire
                0x020039a8        0x4 C:/devkitPro/calico/lib\libcalico_ds9.a(newlib_syscalls.o)
                0x020039a8                __syscall_lock_acquire
 .text.__syscall_lock_release
                0x020039ac        0x4 C:/devkitPro/calico/lib\libcalico_ds9.a(newlib_syscalls.o)
                0x020039ac                __syscall_lock_release
 .text.__syscall_lock_acquire_recursive
                0x020039b0       0x40 C:/devkitPro/calico/lib\libcalico_ds9.a(newlib_syscalls.o)
                0x020039b0                __syscall_lock_acquire_recursive
 .text.__syscall_lock_release_recursive
                0x020039f0       0x18 C:/devkitPro/calico/lib\libcalico_ds9.a(newlib_syscalls.o)
                0x020039f0                __syscall_lock_release_recursive
 .text._pxiMailboxHandler
                0x02003a08        0x4 C:/devkitPro/calico/lib\libcalico_ds9.a(pxi.o)
 .text._pxiRecvUnhandled
                0x02003a0c        0x4 C:/devkitPro/calico/lib\libcalico_ds9.a(pxi.o)
                0x02003a0c                _pxiRecvUnhandled
 .text._pxiRecvIrqHandler
                0x02003a10      0x154 C:/devkitPro/calico/lib\libcalico_ds9.a(pxi.o)
 .text._pxiInit
                0x02003b64       0x58 C:/devkitPro/calico/lib\libcalico_ds9.a(pxi.o)
                0x02003b64                _pxiInit
 .text.pxiSetHandler
                0x02003bbc       0x74 C:/devkitPro/calico/lib\libcalico_ds9.a(pxi.o)
                0x02003bbc                pxiSetHandler
 .text.pxiSetMailbox
                0x02003c30       0x68 C:/devkitPro/calico/lib\libcalico_ds9.a(pxi.o)
                0x02003c30                pxiSetMailbox
 .text.pxiWaitRemote
                0x02003c98       0x38 C:/devkitPro/calico/lib\libcalico_ds9.a(pxi.o)
                0x02003c98                pxiWaitRemote
 .text.pxiSendPacket
                0x02003cd0       0x50 C:/devkitPro/calico/lib\libcalico_ds9.a(pxi.o)
                0x02003cd0                pxiSendPacket
 .text.systemUserStartup
                0x02003d20        0x4 C:/devkitPro/calico/lib\libcalico_ds9.a(sys_startup.o)
                0x02003d20                systemUserStartup
 .text.systemStartup
                0x02003d24      0x104 C:/devkitPro/calico/lib\libcalico_ds9.a(sys_startup.o)
                0x02003d24                systemStartup
 .text.irqSet   0x02003e28       0x64 C:/devkitPro/calico/lib\libcalico_ds9.a(irq.o)
                0x02003e28                irqSet
 .text.threadUpdateDynamicPrio
                0x02003e8c      0x1c4 C:/devkitPro/calico/lib\libcalico_ds9.a(mutex.o)
 .text.threadRemoveWaiter
                0x02004050      0x1a8 C:/devkitPro/calico/lib\libcalico_ds9.a(mutex.o)
 .text.mutexLock
                0x020041f8      0x144 C:/devkitPro/calico/lib\libcalico_ds9.a(mutex.o)
                0x020041f8                mutexLock
 .text.mutexUnlock
                0x0200433c       0xbc C:/devkitPro/calico/lib\libcalico_ds9.a(mutex.o)
                0x0200433c                mutexUnlock
 .text          0x020043f8      0x150 C:/devkitPro/devkitARM/bin/../lib/gcc/arm-none-eabi/14.2.0/thumb\libgcc.a(_divsi3.o)
                0x020043f8                __divsi3
                0x020043f8                __aeabi_idiv
                0x02004528                __aeabi_idivmod
 .text          0x02004548        0x4 C:/devkitPro/devkitARM/bin/../lib/gcc/arm-none-eabi/14.2.0/thumb\libgcc.a(_dvmd_tls.o)
                0x02004548                __aeabi_idiv0
                0x02004548                __aeabi_ldiv0
 .text          0x0200454c       0x3c C:/devkitPro/devkitARM/bin/../lib/gcc/arm-none-eabi/14.2.0/thumb\libgcc.a(_aeabi_uldivmod.o)
                0x0200454c                __aeabi_uldivmod
 .text.__muldi3
                0x02004588       0x64 C:/devkitPro/devkitARM/bin/../lib/gcc/arm-none-eabi/14.2.0/thumb\libgcc.a(_muldi3.o)
                0x02004588                __muldi3
                0x02004588                __aeabi_lmul
 .text.__udivmoddi4
                0x020045ec      0x19c C:/devkitPro/devkitARM/bin/../lib/gcc/arm-none-eabi/14.2.0/thumb\libgcc.a(_udivmoddi4.o)
                0x020045ec                __udivmoddi4
 .text          0x02004788       0x28 C:/devkitPro/devkitARM/bin/../lib/gcc/arm-none-eabi/14.2.0/thumb\libgcc.a(_clzdi2.o)
                0x02004788                __clzdi2
 .text          0x020047b0       0x48 C:/devkitPro/devkitARM/bin/../lib/gcc/arm-none-eabi/14.2.0/thumb\libgcc.a(_clzsi2.o)
                0x020047b0                __clzsi2
 .text.srand    0x020047f8       0x18 C:/devkitPro/devkitARM/bin/../lib/gcc/arm-none-eabi/14.2.0/../../../../arm-none-eabi/lib/thumb\libg.a(libc_a-rand.o)
                0x020047f8                srand
 .text.rand     0x02004810       0x34 C:/devkitPro/devkitARM/bin/../lib/gcc/arm-none-eabi/14.2.0/../../../../arm-none-eabi/lib/thumb\libg.a(libc_a-rand.o)
                0x02004810                rand
 .text.calloc   0x02004844       0x18 C:/devkitPro/devkitARM/bin/../lib/gcc/arm-none-eabi/14.2.0/../../../../arm-none-eabi/lib/thumb\libg.a(libc_a-calloc.o)
                0x02004844                calloc
 .text.siscanf  0x0200485c       0x50 C:/devkitPro/devkitARM/bin/../lib/gcc/arm-none-eabi/14.2.0/../../../../arm-none-eabi/lib/thumb\libg.a(libc_a-siscanf.o)
                0x0200485c                siscanf
 .text.__sread  0x020048ac       0x34 C:/devkitPro/devkitARM/bin/../lib/gcc/arm-none-eabi/14.2.0/../../../../arm-none-eabi/lib/thumb\libg.a(libc_a-stdio.o)
                0x020048ac                __sread
 .text.__seofread
                0x020048e0        0x4 C:/devkitPro/devkitARM/bin/../lib/gcc/arm-none-eabi/14.2.0/../../../../arm-none-eabi/lib/thumb\libg.a(libc_a-stdio.o)
                0x020048e0                __seofread
 .text.__swrite
                0x020048e4       0x4c C:/devkitPro/devkitARM/bin/../lib/gcc/arm-none-eabi/14.2.0/../../../../arm-none-eabi/lib/thumb\libg.a(libc_a-stdio.o)
                0x020048e4                __swrite
 .text.__sseek  0x02004930       0x3c C:/devkitPro/devkitARM/bin/../lib/gcc/arm-none-eabi/14.2.0/../../../../arm-none-eabi/lib/thumb\libg.a(libc_a-stdio.o)
                0x02004930                __sseek
 .text.__sclose
                0x0200496c       0x10 C:/devkitPro/devkitARM/bin/../lib/gcc/arm-none-eabi/14.2.0/../../../../arm-none-eabi/lib/thumb\libg.a(libc_a-stdio.o)
                0x0200496c                __sclose
 .text._calloc_r
                0x0200497c       0xb8 C:/devkitPro/devkitARM/bin/../lib/gcc/arm-none-eabi/14.2.0/../../../../arm-none-eabi/lib/thumb\libg.a(libc_a-callocr.o)
                0x0200497c                _calloc_r
 .text.realloc  0x02004a34       0x18 C:/devkitPro/devkitARM/bin/../lib/gcc/arm-none-eabi/14.2.0/../../../../arm-none-eabi/lib/thumb\libg.a(libc_a-realloc.o)
                0x02004a34                realloc
 .text._malloc_r
                0x02004a4c      0x588 C:/devkitPro/devkitARM/bin/../lib/gcc/arm-none-eabi/14.2.0/../../../../arm-none-eabi/lib/thumb\libg.a(libc_a-mallocr.o)
                0x02004a4c                _malloc_r
 .text._malloc_trim_r
                0x02004fd4       0xac C:/devkitPro/devkitARM/bin/../lib/gcc/arm-none-eabi/14.2.0/../../../../arm-none-eabi/lib/thumb\libg.a(libc_a-freer.o)
                0x02004fd4                _malloc_trim_r
 .text._free_r  0x02005080      0x1f4 C:/devkitPro/devkitARM/bin/../lib/gcc/arm-none-eabi/14.2.0/../../../../arm-none-eabi/lib/thumb\libg.a(libc_a-freer.o)
                0x02005080                _free_r
 .text.setvbuf  0x02005274      0x1ac C:/devkitPro/devkitARM/bin/../lib/gcc/arm-none-eabi/14.2.0/../../../../arm-none-eabi/lib/thumb\libg.a(libc_a-setvbuf.o)
                0x02005274                setvbuf
 .text.malloc   0x02005420       0x28 C:/devkitPro/devkitARM/bin/../lib/gcc/arm-none-eabi/14.2.0/../../../../arm-none-eabi/lib/thumb\libg.a(libc_a-malloc.o)
                0x02005420                malloc
 .text.free     0x02005448       0x14 C:/devkitPro/devkitARM/bin/../lib/gcc/arm-none-eabi/14.2.0/../../../../arm-none-eabi/lib/thumb\libg.a(libc_a-malloc.o)
                0x02005448                free
 .text.memcpy   0x0200545c       0xb0 C:/devkitPro/devkitARM/bin/../lib/gcc/arm-none-eabi/14.2.0/../../../../arm-none-eabi/lib/thumb\libg.a(libc_a-memcpy-stub.o)
                0x0200545c                memcpy
 .text.memset   0x0200550c       0x98 C:/devkitPro/devkitARM/bin/../lib/gcc/arm-none-eabi/14.2.0/../../../../arm-none-eabi/lib/thumb\libg.a(libc_a-memset.o)
                0x0200550c                memset
 .text._realloc_r
                0x020055a4      0x384 C:/devkitPro/devkitARM/bin/../lib/gcc/arm-none-eabi/14.2.0/../../../../arm-none-eabi/lib/thumb\libg.a(libc_a-reallocr.o)
                0x020055a4                _realloc_r
 .text.__malloc_lock
                0x02005928       0x14 C:/devkitPro/devkitARM/bin/../lib/gcc/arm-none-eabi/14.2.0/../../../../arm-none-eabi/lib/thumb\libg.a(libc_a-mlock.o)
                0x02005928                __malloc_lock
 .text.__malloc_unlock
                0x0200593c       0x14 C:/devkitPro/devkitARM/bin/../lib/gcc/arm-none-eabi/14.2.0/../../../../arm-none-eabi/lib/thumb\libg.a(libc_a-mlock.o)
                0x0200593c                __malloc_unlock
 .text.__call_exitprocs
                0x02005950        0xc C:/devkitPro/devkitARM/bin/../lib/gcc/arm-none-eabi/14.2.0/../../../../arm-none-eabi/lib/thumb\libg.a(libc_a-exit.o)
                0x02005950                __call_exitprocs
 .text.iprintf  0x0200595c       0x24 C:/devkitPro/devkitARM/bin/../lib/gcc/arm-none-eabi/14.2.0/../../../../arm-none-eabi/lib/thumb\libg.a(libc_a-iprintf.o)
                0x0200595c                iprintf
 .text.__libc_init_array
                0x02005980       0x54 C:/devkitPro/devkitARM/bin/../lib/gcc/arm-none-eabi/14.2.0/../../../../arm-none-eabi/lib/thumb\libg.a(libc_a-init.o)
                0x02005980                __libc_init_array
 .text.__sflush_r
                0x020059d4      0x194 C:/devkitPro/devkitARM/bin/../lib/gcc/arm-none-eabi/14.2.0/../../../../arm-none-eabi/lib/thumb\libg.a(libc_a-fflush.o)
                0x020059d4                __sflush_r
 .text._fflush_r
                0x02005b68       0x70 C:/devkitPro/devkitARM/bin/../lib/gcc/arm-none-eabi/14.2.0/../../../../arm-none-eabi/lib/thumb\libg.a(libc_a-fflush.o)
                0x02005b68                _fflush_r
 .text.strlen   0x02005bd8       0x60 C:/devkitPro/devkitARM/bin/../lib/gcc/arm-none-eabi/14.2.0/../../../../arm-none-eabi/lib/thumb\libg.a(libc_a-strlen-stub.o)
                0x02005bd8                strlen
 .text.memmove  0x02005c38       0xcc C:/devkitPro/devkitARM/bin/../lib/gcc/arm-none-eabi/14.2.0/../../../../arm-none-eabi/lib/thumb\libg.a(libc_a-memmove.o)
                0x02005c38                memmove
 .text.get_arg  0x02005d04      0x428 C:/devkitPro/devkitARM/bin/../lib/gcc/arm-none-eabi/14.2.0/../../../../arm-none-eabi/lib/thumb\libg.a(libc_a-vfiprintf.o)
 .text._vfiprintf_r
                0x0200612c     0x1724 C:/devkitPro/devkitARM/bin/../lib/gcc/arm-none-eabi/14.2.0/../../../../arm-none-eabi/lib/thumb\libg.a(libc_a-vfiprintf.o)
                0x0200612c                _vfiprintf_r
 .text.__sbprintf
                0x02007850       0x7c C:/devkitPro/devkitARM/bin/../lib/gcc/arm-none-eabi/14.2.0/../../../../arm-none-eabi/lib/thumb\libg.a(libc_a-vfiprintf.o)
 .text._memalign_r
                0x020078cc      0x128 C:/devkitPro/devkitARM/bin/../lib/gcc/arm-none-eabi/14.2.0/../../../../arm-none-eabi/lib/thumb\libg.a(libc_a-malignr.o)
                0x020078cc                _memalign_r
 .text.memchr   0x020079f4       0x80 C:/devkitPro/devkitARM/bin/../lib/gcc/arm-none-eabi/14.2.0/../../../../arm-none-eabi/lib/thumb\libg.a(libc_a-memchr-stub.o)
                0x020079f4                memchr
 .text.get_arg  0x02007a74       0x3e C:/devkitPro/devkitARM/bin/../lib/gcc/arm-none-eabi/14.2.0/../../../../arm-none-eabi/lib/thumb\libg.a(libc_a-svfiscanf.o)
 .text._sungetc_r
                0x02007ab2       0x7e C:/devkitPro/devkitARM/bin/../lib/gcc/arm-none-eabi/14.2.0/../../../../arm-none-eabi/lib/thumb\libg.a(libc_a-svfiscanf.o)
                0x02007ab2                _sungetc_r
 .text.__ssrefill_r
                0x02007b30       0x42 C:/devkitPro/devkitARM/bin/../lib/gcc/arm-none-eabi/14.2.0/../../../../arm-none-eabi/lib/thumb\libg.a(libc_a-svfiscanf.o)
                0x02007b30                __ssrefill_r
 .text._sfread_r
                0x02007b72       0x88 C:/devkitPro/devkitARM/bin/../lib/gcc/arm-none-eabi/14.2.0/../../../../arm-none-eabi/lib/thumb\libg.a(libc_a-svfiscanf.o)
                0x02007b72                _sfread_r
 *fill*         0x02007bfa        0x2 ff
 .text.__ssvfiscanf_r
                0x02007bfc     0x1a88 C:/devkitPro/devkitARM/bin/../lib/gcc/arm-none-eabi/14.2.0/../../../../arm-none-eabi/lib/thumb\libg.a(libc_a-svfiscanf.o)
                0x02007bfc                __ssvfiscanf_r
 .text._strtoul_l.isra.0
                0x02009684      0x154 C:/devkitPro/devkitARM/bin/../lib/gcc/arm-none-eabi/14.2.0/../../../../arm-none-eabi/lib/thumb\libg.a(libc_a-strtoul.o)
 .text._strtoul_r
                0x020097d8       0x20 C:/devkitPro/devkitARM/bin/../lib/gcc/arm-none-eabi/14.2.0/../../../../arm-none-eabi/lib/thumb\libg.a(libc_a-strtoul.o)
                0x020097d8                _strtoul_r
 .text.__libc_fini_array
                0x020097f8       0x30 C:/devkitPro/devkitARM/bin/../lib/gcc/arm-none-eabi/14.2.0/../../../../arm-none-eabi/lib/thumb\libg.a(libc_a-fini.o)
                0x020097f8                __libc_fini_array
 .text.__sprint_r
                0x02009828       0x24 C:/devkitPro/devkitARM/bin/../lib/gcc/arm-none-eabi/14.2.0/../../../../arm-none-eabi/lib/thumb\libg.a(libc_a-sprint_r.o)
                0x02009828                __sprint_r
 .text.iswspace
                0x0200984c       0x10 C:/devkitPro/devkitARM/bin/../lib/gcc/arm-none-eabi/14.2.0/../../../../arm-none-eabi/lib/thumb\libg.a(libc_a-iswspace.o)
                0x0200984c                iswspace
 .text.__sccl   0x0200985c       0xa0 C:/devkitPro/devkitARM/bin/../lib/gcc/arm-none-eabi/14.2.0/../../../../arm-none-eabi/lib/thumb\libg.a(libc_a-sccl.o)
                0x0200985c                __sccl
 .text._localeconv_r
                0x020098fc       0x1c C:/devkitPro/devkitARM/bin/../lib/gcc/arm-none-eabi/14.2.0/../../../../arm-none-eabi/lib/thumb\libg.a(libc_a-localeconv.o)
                0x020098fc                _localeconv_r
 .text.__smakebuf_r
                0x02009918       0xdc C:/devkitPro/devkitARM/bin/../lib/gcc/arm-none-eabi/14.2.0/../../../../arm-none-eabi/lib/thumb\libg.a(libc_a-makebuf.o)
                0x02009918                __smakebuf_r
 .text.__swhatbuf_r
                0x020099f4       0x5c C:/devkitPro/devkitARM/bin/../lib/gcc/arm-none-eabi/14.2.0/../../../../arm-none-eabi/lib/thumb\libg.a(libc_a-makebuf.o)
                0x020099f4                __swhatbuf_r
 .text.stdio_exit_handler
                0x02009a50       0x20 C:/devkitPro/devkitARM/bin/../lib/gcc/arm-none-eabi/14.2.0/../../../../arm-none-eabi/lib/thumb\libg.a(libc_a-findfp.o)
 .text.cleanup_stdio
                0x02009a70       0x40 C:/devkitPro/devkitARM/bin/../lib/gcc/arm-none-eabi/14.2.0/../../../../arm-none-eabi/lib/thumb\libg.a(libc_a-findfp.o)
 .text.global_stdio_init.part.0
                0x02009ab0      0x128 C:/devkitPro/devkitARM/bin/../lib/gcc/arm-none-eabi/14.2.0/../../../../arm-none-eabi/lib/thumb\libg.a(libc_a-findfp.o)
 .text.__sinit  0x02009bd8       0x3c C:/devkitPro/devkitARM/bin/../lib/gcc/arm-none-eabi/14.2.0/../../../../arm-none-eabi/lib/thumb\libg.a(libc_a-findfp.o)
                0x02009bd8                __sinit
 .text.__sfp_lock_acquire
                0x02009c14       0x14 C:/devkitPro/devkitARM/bin/../lib/gcc/arm-none-eabi/14.2.0/../../../../arm-none-eabi/lib/thumb\libg.a(libc_a-findfp.o)
                0x02009c14                __sfp_lock_acquire
 .text.__sfp_lock_release
                0x02009c28       0x14 C:/devkitPro/devkitARM/bin/../lib/gcc/arm-none-eabi/14.2.0/../../../../arm-none-eabi/lib/thumb\libg.a(libc_a-findfp.o)
                0x02009c28                __sfp_lock_release
 .text._wcrtomb_r
                0x02009c3c       0x84 C:/devkitPro/devkitARM/bin/../lib/gcc/arm-none-eabi/14.2.0/../../../../arm-none-eabi/lib/thumb\libg.a(libc_a-wcrtomb.o)
                0x02009c3c                _wcrtomb_r
 .text._strtol_l.part.0
                0x02009cc0      0x25c C:/devkitPro/devkitARM/bin/../lib/gcc/arm-none-eabi/14.2.0/../../../../arm-none-eabi/lib/thumb\libg.a(libc_a-strtol.o)
 .text._strtol_r
                0x02009f1c       0x34 C:/devkitPro/devkitARM/bin/../lib/gcc/arm-none-eabi/14.2.0/../../../../arm-none-eabi/lib/thumb\libg.a(libc_a-strtol.o)
                0x02009f1c                _strtol_r
 .text._fwalk_sglue
                0x02009f50       0x4c C:/devkitPro/devkitARM/bin/../lib/gcc/arm-none-eabi/14.2.0/../../../../arm-none-eabi/lib/thumb\libg.a(libc_a-fwalk.o)
                0x02009f50                _fwalk_sglue
 .text.strncpy  0x02009f9c       0x68 C:/devkitPro/devkitARM/bin/../lib/gcc/arm-none-eabi/14.2.0/../../../../arm-none-eabi/lib/thumb\libg.a(libc_a-strncpy.o)
                0x02009f9c                strncpy
 .text._strtoull_l.isra.0
                0x0200a004      0x1bc C:/devkitPro/devkitARM/bin/../lib/gcc/arm-none-eabi/14.2.0/../../../../arm-none-eabi/lib/thumb\libg.a(libc_a-strtoull.o)
 .text._strtoull_r
                0x0200a1c0       0x20 C:/devkitPro/devkitARM/bin/../lib/gcc/arm-none-eabi/14.2.0/../../../../arm-none-eabi/lib/thumb\libg.a(libc_a-strtoull.o)
                0x0200a1c0                _strtoull_r
 .text._wcsrtombs_r
                0x0200a1e0       0x1c C:/devkitPro/devkitARM/bin/../lib/gcc/arm-none-eabi/14.2.0/../../../../arm-none-eabi/lib/thumb\libg.a(libc_a-wcsrtombs.o)
                0x0200a1e0                _wcsrtombs_r
 .text._mbrtowc_r
                0x0200a1fc       0x90 C:/devkitPro/devkitARM/bin/../lib/gcc/arm-none-eabi/14.2.0/../../../../arm-none-eabi/lib/thumb\libg.a(libc_a-mbrtowc.o)
                0x0200a1fc                _mbrtowc_r
 .text.__swsetup_r
                0x0200a28c      0x100 C:/devkitPro/devkitARM/bin/../lib/gcc/arm-none-eabi/14.2.0/../../../../arm-none-eabi/lib/thumb\libg.a(libc_a-wsetup.o)
                0x0200a28c                __swsetup_r
 .text.__submore
                0x0200a38c       0x88 C:/devkitPro/devkitARM/bin/../lib/gcc/arm-none-eabi/14.2.0/../../../../arm-none-eabi/lib/thumb\libg.a(libc_a-ungetc.o)
                0x0200a38c                __submore
 .text.iswspace_l
                0x0200a414       0x28 C:/devkitPro/devkitARM/bin/../lib/gcc/arm-none-eabi/14.2.0/../../../../arm-none-eabi/lib/thumb\libg.a(libc_a-iswspace_l.o)
                0x0200a414                iswspace_l
 .text.__sfvwrite_r
                0x0200a43c      0x304 C:/devkitPro/devkitARM/bin/../lib/gcc/arm-none-eabi/14.2.0/../../../../arm-none-eabi/lib/thumb\libg.a(libc_a-fvwrite.o)
                0x0200a43c                __sfvwrite_r
 .text._strtoll_l.isra.0
                0x0200a740      0x30c C:/devkitPro/devkitARM/bin/../lib/gcc/arm-none-eabi/14.2.0/../../../../arm-none-eabi/lib/thumb\libg.a(libc_a-strtoll.o)
 .text._strtoll_r
                0x0200aa4c       0x20 C:/devkitPro/devkitARM/bin/../lib/gcc/arm-none-eabi/14.2.0/../../../../arm-none-eabi/lib/thumb\libg.a(libc_a-strtoll.o)
                0x0200aa4c                _strtoll_r
 .text.__locale_mb_cur_max
                0x0200aa6c       0x20 C:/devkitPro/devkitARM/bin/../lib/gcc/arm-none-eabi/14.2.0/../../../../arm-none-eabi/lib/thumb\libg.a(libc_a-locale.o)
                0x0200aa6c                __locale_mb_cur_max
 .text._wcsnrtombs_l
                0x0200aa8c      0x10c C:/devkitPro/devkitARM/bin/../lib/gcc/arm-none-eabi/14.2.0/../../../../arm-none-eabi/lib/thumb\libg.a(libc_a-wcsnrtombs.o)
                0x0200aa8c                _wcsnrtombs_l
 .text._wcsnrtombs_r
                0x0200ab98       0x40 C:/devkitPro/devkitARM/bin/../lib/gcc/arm-none-eabi/14.2.0/../../../../arm-none-eabi/lib/thumb\libg.a(libc_a-wcsnrtombs.o)
                0x0200ab98                _wcsnrtombs_r
 .text.__utf8_mbtowc
                0x0200abd8      0x234 C:/devkitPro/devkitARM/bin/../lib/gcc/arm-none-eabi/14.2.0/../../../../arm-none-eabi/lib/thumb\libg.a(libc_a-mbtowc_r.o)
                0x0200abd8                __utf8_mbtowc
 .text._fclose_r
                0x0200ae0c       0xd4 C:/devkitPro/devkitARM/bin/../lib/gcc/arm-none-eabi/14.2.0/../../../../arm-none-eabi/lib/thumb\libg.a(libc_a-fclose.o)
                0x0200ae0c                _fclose_r
 .text.category
                0x0200aee0       0x58 C:/devkitPro/devkitARM/bin/../lib/gcc/arm-none-eabi/14.2.0/../../../../arm-none-eabi/lib/thumb\libg.a(libc_a-categories.o)
                0x0200aee0                category
 .text.__utf8_wctomb
                0x0200af38       0xb4 C:/devkitPro/devkitARM/bin/../lib/gcc/arm-none-eabi/14.2.0/../../../../arm-none-eabi/lib/thumb\libg.a(libc_a-wctomb_r.o)
                0x0200af38                __utf8_wctomb
 .text._exit    0x0200afec       0x14 C:/devkitPro/devkitARM/bin/../lib/gcc/arm-none-eabi/14.2.0/../../../../arm-none-eabi/lib/thumb\libsysbase.a(libsysbase_libsysbase_a-_exit.o)
                0x0200afec                _exit
 .text._fstat_r
                0x0200b000       0x58 C:/devkitPro/devkitARM/bin/../lib/gcc/arm-none-eabi/14.2.0/../../../../arm-none-eabi/lib/thumb\libsysbase.a(libsysbase_libsysbase_a-fstat.o)
                0x0200b000                _fstat_r
 .text.__getreent
                0x0200b058       0x20 C:/devkitPro/devkitARM/bin/../lib/gcc/arm-none-eabi/14.2.0/../../../../arm-none-eabi/lib/thumb\libsysbase.a(libsysbase_libsysbase_a-getreent.o)
                0x0200b058                __getreent
 .text.__get_handle
                0x0200b078       0x34 C:/devkitPro/devkitARM/bin/../lib/gcc/arm-none-eabi/14.2.0/../../../../arm-none-eabi/lib/thumb\libsysbase.a(libsysbase_libsysbase_a-handle_manager.o)
                0x0200b078                __get_handle
 .text._close_r
                0x0200b0ac       0xb8 C:/devkitPro/devkitARM/bin/../lib/gcc/arm-none-eabi/14.2.0/../../../../arm-none-eabi/lib/thumb\libsysbase.a(libsysbase_libsysbase_a-handle_manager.o)
                0x0200b0ac                _close_r
 .text.null_write
                0x0200b164        0x4 C:/devkitPro/devkitARM/bin/../lib/gcc/arm-none-eabi/14.2.0/../../../../arm-none-eabi/lib/thumb\libsysbase.a(libsysbase_libsysbase_a-iosupport.o)
 .text._isatty_r
                0x0200b168        0x4 C:/devkitPro/devkitARM/bin/../lib/gcc/arm-none-eabi/14.2.0/../../../../arm-none-eabi/lib/thumb\libsysbase.a(libsysbase_libsysbase_a-isatty.o)
                0x0200b168                _isatty_r
 .text._lseek_r
                0x0200b16c       0x60 C:/devkitPro/devkitARM/bin/../lib/gcc/arm-none-eabi/14.2.0/../../../../arm-none-eabi/lib/thumb\libsysbase.a(libsysbase_libsysbase_a-lseek.o)
                0x0200b16c                _lseek_r
 .text._read_r  0x0200b1cc       0x58 C:/devkitPro/devkitARM/bin/../lib/gcc/arm-none-eabi/14.2.0/../../../../arm-none-eabi/lib/thumb\libsysbase.a(libsysbase_libsysbase_a-read.o)
                0x0200b1cc                _read_r
 .text._sbrk_r  0x0200b224       0x54 C:/devkitPro/devkitARM/bin/../lib/gcc/arm-none-eabi/14.2.0/../../../../arm-none-eabi/lib/thumb\libsysbase.a(libsysbase_libsysbase_a-sbrk.o)
                0x0200b224                _sbrk_r
 .text.__libc_lock_acquire
                0x0200b278       0x18 C:/devkitPro/devkitARM/bin/../lib/gcc/arm-none-eabi/14.2.0/../../../../arm-none-eabi/lib/thumb\libsysbase.a(libsysbase_libsysbase_a-syscall_support.o)
                0x0200b278                __libc_lock_acquire
 .text.__libc_lock_release
                0x0200b290       0x18 C:/devkitPro/devkitARM/bin/../lib/gcc/arm-none-eabi/14.2.0/../../../../arm-none-eabi/lib/thumb\libsysbase.a(libsysbase_libsysbase_a-syscall_support.o)
                0x0200b290                __libc_lock_release
 .text.__libc_lock_acquire_recursive
                0x0200b2a8       0x18 C:/devkitPro/devkitARM/bin/../lib/gcc/arm-none-eabi/14.2.0/../../../../arm-none-eabi/lib/thumb\libsysbase.a(libsysbase_libsysbase_a-syscall_support.o)
                0x0200b2a8                __libc_lock_acquire_recursive
 .text.__libc_lock_release_recursive
                0x0200b2c0       0x18 C:/devkitPro/devkitARM/bin/../lib/gcc/arm-none-eabi/14.2.0/../../../../arm-none-eabi/lib/thumb\libsysbase.a(libsysbase_libsysbase_a-syscall_support.o)
                0x0200b2c0                __libc_lock_release_recursive
 .text._write_r
                0x0200b2d8       0x58 C:/devkitPro/devkitARM/bin/../lib/gcc/arm-none-eabi/14.2.0/../../../../arm-none-eabi/lib/thumb\libsysbase.a(libsysbase_libsysbase_a-write.o)
                0x0200b2d8                _write_r
 .text          0x0200b330       0x14 C:/devkitPro/devkitARM/bin/../lib/gcc/arm-none-eabi/14.2.0/thumb\libgcc.a(_thumb1_case_uqi.o)
                0x0200b330                __gnu_thumb1_case_uqi
 .text          0x0200b344       0x14 C:/devkitPro/devkitARM/bin/../lib/gcc/arm-none-eabi/14.2.0/thumb\libgcc.a(_thumb1_case_uhi.o)
                0x0200b344                __gnu_thumb1_case_uhi
 .text          0x0200b358      0x11c C:/devkitPro/devkitARM/bin/../lib/gcc/arm-none-eabi/14.2.0/thumb\libgcc.a(_udivsi3.o)
                0x0200b358                __aeabi_uidiv
                0x0200b358                __udivsi3
                0x0200b454                __aeabi_uidivmod
 EXCLUDE_FILE(*.twl.*) *(.glue_7t .glue_7 .vfp11_veneer .v4_bx)
 .glue_7        0x0200b474        0x0 linker stubs
 .glue_7t       0x0200b474        0x0 linker stubs
 .vfp11_veneer  0x0200b474        0x0 linker stubs
 .v4_bx         0x0200b474        0x0 linker stubs
 *(SORT_NONE(.fini))
 .fini          0x0200b474        0x4 C:/devkitPro/devkitARM/bin/../lib/gcc/arm-none-eabi/14.2.0/thumb/crti.o
                0x0200b474                _fini
 .fini          0x0200b478        0x8 C:/devkitPro/devkitARM/bin/../lib/gcc/arm-none-eabi/14.2.0/thumb/crtn.o
 .fini.__stub   0x0200b480       0x10 linker stubs
 EXCLUDE_FILE(*.twl.*) *(.rodata .rodata.* .gnu.linkonce.r.*)
 .rodata.main.str1.4
                0x0200b490       0xbc main.o
                                 0x28 (size before relaxing)
 .rodata.con_write.str1.4
                0x0200b54c       0x30 C:/devkitPro/libnds/lib\libnds9.a(console.o)
 .rodata.con_write
                0x0200b54c       0xd4 C:/devkitPro/libnds/lib\libnds9.a(console.o)
 .rodata.str1.4
                0x0200b620       0x14 C:/devkitPro/libnds/lib\libnds9.a(console.o)
 .rodata.dotab_stdout
                0x0200b620       0x80 C:/devkitPro/libnds/lib\libnds9.a(console.o)
 .rodata.TAN_LUT
                0x0200b6a0      0x204 C:/devkitPro/libnds/lib\libnds9.a(trig.o)
                0x0200b6a0                TAN_LUT
 .rodata.SIN_LUT
                0x0200b8a4      0x102 C:/devkitPro/libnds/lib\libnds9.a(trig.o)
                0x0200b8a4                SIN_LUT
 *fill*         0x0200b9a6        0x2 ff
 .rodata.glMaterialf
                0x0200b9a8       0x44 C:/devkitPro/libnds/lib\libnds9.a(videoGL_base.o)
 .rodata.default_font_bin
                0x0200b9ec      0x800 C:/devkitPro/libnds/lib\libnds9.a(default_font.bin.o)
                0x0200b9ec                default_font_bin
                0x0200c1ec                default_font_bin_end
 .rodata._vfiprintf_r.str1.1
                0x0200c1ec       0x29 C:/devkitPro/devkitARM/bin/../lib/gcc/arm-none-eabi/14.2.0/../../../../arm-none-eabi/lib/thumb\libg.a(libc_a-vfiprintf.o)
 *fill*         0x0200c215        0x3 ff
 .rodata.zeroes.0
                0x0200c218       0x10 C:/devkitPro/devkitARM/bin/../lib/gcc/arm-none-eabi/14.2.0/../../../../arm-none-eabi/lib/thumb\libg.a(libc_a-vfiprintf.o)
 .rodata.blanks.1
                0x0200c228       0x10 C:/devkitPro/devkitARM/bin/../lib/gcc/arm-none-eabi/14.2.0/../../../../arm-none-eabi/lib/thumb\libg.a(libc_a-vfiprintf.o)
 .rodata.basefix.0
                0x0200c238       0x22 C:/devkitPro/devkitARM/bin/../lib/gcc/arm-none-eabi/14.2.0/../../../../arm-none-eabi/lib/thumb\libg.a(libc_a-svfiscanf.o)
 *fill*         0x0200c25a        0x2 ff
 .rodata._ctype_
                0x0200c25c      0x101 C:/devkitPro/devkitARM/bin/../lib/gcc/arm-none-eabi/14.2.0/../../../../arm-none-eabi/lib/thumb\libg.a(libc_a-ctype_.o)
                0x0200c25c                _ctype_
 *fill*         0x0200c35d        0x3 ff
 .rodata.__action_table
                0x0200c360       0x6c C:/devkitPro/devkitARM/bin/../lib/gcc/arm-none-eabi/14.2.0/../../../../arm-none-eabi/lib/thumb\libg.a(libc_a-svfiprintf.o)
                0x0200c360                __action_table
 .rodata.__state_table
                0x0200c3cc       0x6c C:/devkitPro/devkitARM/bin/../lib/gcc/arm-none-eabi/14.2.0/../../../../arm-none-eabi/lib/thumb\libg.a(libc_a-svfiprintf.o)
                0x0200c3cc                __state_table
 .rodata.__chclass
                0x0200c438      0x100 C:/devkitPro/devkitARM/bin/../lib/gcc/arm-none-eabi/14.2.0/../../../../arm-none-eabi/lib/thumb\libg.a(libc_a-svfiprintf.o)
                0x0200c438                __chclass
 .rodata._mbrtowc_r.str1.4
                0x0200c538        0x1 C:/devkitPro/devkitARM/bin/../lib/gcc/arm-none-eabi/14.2.0/../../../../arm-none-eabi/lib/thumb\libg.a(libc_a-mbrtowc.o)
 .rodata.str1.4
                0x0200c538       0x4c C:/devkitPro/devkitARM/bin/../lib/gcc/arm-none-eabi/14.2.0/../../../../arm-none-eabi/lib/thumb\libg.a(libc_a-locale.o)
 .rodata.categories
                0x0200c538     0x35dc C:/devkitPro/devkitARM/bin/../lib/gcc/arm-none-eabi/14.2.0/../../../../arm-none-eabi/lib/thumb\libg.a(libc_a-categories.o)
 .rodata.AddDevice.str1.4
                0x0200fb14        0x8 C:/devkitPro/devkitARM/bin/../lib/gcc/arm-none-eabi/14.2.0/../../../../arm-none-eabi/lib/thumb\libsysbase.a(libsysbase_libsysbase_a-iosupport.o)
 .rodata.dotab_stdnull
                0x0200fb14       0x80 C:/devkitPro/devkitARM/bin/../lib/gcc/arm-none-eabi/14.2.0/../../../../arm-none-eabi/lib/thumb\libsysbase.a(libsysbase_libsysbase_a-iosupport.o)
                0x0200fb14                dotab_stdnull
 EXCLUDE_FILE(*.twl.*) *(.rodata1)
                0x0200fb94                        . = ALIGN (0x4)

.main.rw        0x0200fb98     0x1840 load address 0x02013bf0
 EXCLUDE_FILE(*.twl.*) *(.data .data.* .gnu.linkonce.d.*)
 .data.firstConsoleInit.0
                0x0200fb98        0x1 C:/devkitPro/libnds/lib\libnds9.a(console.o)
 *fill*         0x0200fb99        0x3 ff
 .data.currentConsole
                0x0200fb9c        0x4 C:/devkitPro/libnds/lib\libnds9.a(console.o)
                0x0200fb9c                currentConsole
 .data.defaultConsole
                0x0200fba0       0x5c C:/devkitPro/libnds/lib\libnds9.a(console.o)
                0x0200fba0                defaultConsole
 .data.count    0x0200fbfc        0x1 C:/devkitPro/libnds/lib\libnds9.a(keys.o)
 .data.repeat   0x0200fbfd        0x1 C:/devkitPro/libnds/lib\libnds9.a(keys.o)
 .data.delay    0x0200fbfe        0x1 C:/devkitPro/libnds/lib\libnds9.a(keys.o)
 *fill*         0x0200fbff        0x1 ff
 .data.oamMain  0x0200fc00       0x18 C:/devkitPro/libnds/lib\libnds9.a(sprite.o)
                0x0200fc00                oamMain
 .data.bgTransform
                0x0200fc18       0x20 C:/devkitPro/libnds/lib\libnds9.a(background.o)
                0x0200fc18                bgTransform
 .data.bgScrollTable
                0x0200fc38       0x20 C:/devkitPro/libnds/lib\libnds9.a(background.o)
                0x0200fc38                bgScrollTable
 .data.bgControl
                0x0200fc58       0x20 C:/devkitPro/libnds/lib\libnds9.a(background.o)
                0x0200fc58                bgControl
 .data.__malloc_sbrk_base
                0x0200fc78        0x4 C:/devkitPro/devkitARM/bin/../lib/gcc/arm-none-eabi/14.2.0/../../../../arm-none-eabi/lib/thumb\libg.a(libc_a-mallocr.o)
                0x0200fc78                __malloc_sbrk_base
 .data.__malloc_trim_threshold
                0x0200fc7c        0x4 C:/devkitPro/devkitARM/bin/../lib/gcc/arm-none-eabi/14.2.0/../../../../arm-none-eabi/lib/thumb\libg.a(libc_a-mallocr.o)
                0x0200fc7c                __malloc_trim_threshold
 .data.__malloc_av_
                0x0200fc80      0x408 C:/devkitPro/devkitARM/bin/../lib/gcc/arm-none-eabi/14.2.0/../../../../arm-none-eabi/lib/thumb\libg.a(libc_a-mallocr.o)
                0x0200fc80                __malloc_av_
 .data._impure_ptr
                0x02010088        0x4 C:/devkitPro/devkitARM/bin/../lib/gcc/arm-none-eabi/14.2.0/../../../../arm-none-eabi/lib/thumb\libg.a(libc_a-impure.o)
                0x02010088                _impure_ptr
 *fill*         0x0201008c        0x4 ff
 .data._impure_data
                0x02010090      0x120 C:/devkitPro/devkitARM/bin/../lib/gcc/arm-none-eabi/14.2.0/../../../../arm-none-eabi/lib/thumb\libg.a(libc_a-impure.o)
                0x02010090                _impure_data
 .data.__sglue  0x020101b0        0xc C:/devkitPro/devkitARM/bin/../lib/gcc/arm-none-eabi/14.2.0/../../../../arm-none-eabi/lib/thumb\libg.a(libc_a-findfp.o)
                0x020101b0                __sglue
 .data.__global_locale
                0x020101bc      0x16c C:/devkitPro/devkitARM/bin/../lib/gcc/arm-none-eabi/14.2.0/../../../../arm-none-eabi/lib/thumb\libg.a(libc_a-locale.o)
                0x020101bc                __global_locale
 .data.handles  0x02010328     0x1000 C:/devkitPro/devkitARM/bin/../lib/gcc/arm-none-eabi/14.2.0/../../../../arm-none-eabi/lib/thumb\libsysbase.a(libsysbase_libsysbase_a-handle_manager.o)
 .data.__stderr_handle
                0x02011328        0xc C:/devkitPro/devkitARM/bin/../lib/gcc/arm-none-eabi/14.2.0/../../../../arm-none-eabi/lib/thumb\libsysbase.a(libsysbase_libsysbase_a-handle_manager.o)
 .data.__stdout_handle
                0x02011334        0xc C:/devkitPro/devkitARM/bin/../lib/gcc/arm-none-eabi/14.2.0/../../../../arm-none-eabi/lib/thumb\libsysbase.a(libsysbase_libsysbase_a-handle_manager.o)
 .data.__stdin_handle
                0x02011340        0xc C:/devkitPro/devkitARM/bin/../lib/gcc/arm-none-eabi/14.2.0/../../../../arm-none-eabi/lib/thumb\libsysbase.a(libsysbase_libsysbase_a-handle_manager.o)
 .data.devoptab_list
                0x0201134c       0x8c C:/devkitPro/devkitARM/bin/../lib/gcc/arm-none-eabi/14.2.0/../../../../arm-none-eabi/lib/thumb\libsysbase.a(libsysbase_libsysbase_a-iosupport.o)
                0x0201134c                devoptab_list
 EXCLUDE_FILE(*.twl.*) *(.data1)
 EXCLUDE_FILE(*.twl.*) *(.igot.plt)
 .igot.plt      0x020113d8        0x0 C:/devkitPro/devkitARM/bin/../lib/gcc/arm-none-eabi/14.2.0/thumb/crtbegin.o
                0x020113d8                        . = ALIGN (0x4)

.ARM.extab
 *(.ARM.extab* .gnu.linkonce.armextab.*)

.ARM.exidx      0x020113d8        0x0 load address 0x02015430
 *(.ARM.exidx* .gnu.linkonce.armexidx.*)
                [!provide]                        PROVIDE (__exidx_start = ADDR (.ARM.exidx))
                [!provide]                        PROVIDE (__exidx_end = (ADDR (.ARM.exidx) + SIZEOF (.ARM.exidx)))

.eh_frame_hdr
 *(.eh_frame_hdr)
 *(.eh_frame_entry .eh_frame_entry.*)

.eh_frame       0x020113d8        0x4 load address 0x02015430
 *(.eh_frame)
 .eh_frame      0x020113d8        0x0 C:/devkitPro/devkitARM/bin/../lib/gcc/arm-none-eabi/14.2.0/thumb/crtbegin.o
 .eh_frame      0x020113d8        0x4 C:/devkitPro/devkitARM/bin/../lib/gcc/arm-none-eabi/14.2.0/thumb/crtend.o
 *(.eh_frame.*)

.gcc_except_table
 *(.gcc_except_table .gcc_except_table.*)

.gnu_extab
 *(.gnu_extab*)

.tinfo          0x020113dc        0xc load address 0x02015434
                0x020113dc        0x4 LONG 0x20113f0 __tls_start
                0x020113e0        0x4 LONG 0x0 SIZEOF (.main.tls)
                0x020113e4        0x4 LONG 0x0 SIZEOF (.tdata)
                0x020113dc                        PROVIDE (__tls_info = ADDR (.tinfo))

.preinit_array  0x020113e8        0x0 load address 0x02015440
                0x020113e8                        PROVIDE (__preinit_array_start = .)
 *(.preinit_array)
                0x020113e8                        PROVIDE (__preinit_array_end = .)

.init_array     0x020113e8        0x4 load address 0x02015440
                0x020113e8                        PROVIDE (__init_array_start = .)
 *(SORT_BY_INIT_PRIORITY(.init_array.*) SORT_BY_INIT_PRIORITY(.ctors.*))
 *(.init_array .ctors)
 .init_array    0x020113e8        0x4 C:/devkitPro/devkitARM/bin/../lib/gcc/arm-none-eabi/14.2.0/thumb/crtbegin.o
                0x020113ec                        PROVIDE (__init_array_end = .)

.fini_array     0x020113ec        0x4 load address 0x02015444
                0x020113ec                        PROVIDE (__fini_array_start = .)
 *(SORT_BY_INIT_PRIORITY(.fini_array.*) SORT_BY_INIT_PRIORITY(.dtors.*))
 *(.fini_array .dtors)
 .fini_array    0x020113ec        0x4 C:/devkitPro/devkitARM/bin/../lib/gcc/arm-none-eabi/14.2.0/thumb/crtbegin.o
                0x020113f0                        PROVIDE (__fini_array_end = .)
                [!provide]                        PROVIDE (__main_lma = LOADADDR (.main))
                0x02001360                        PROVIDE (__main_start = ADDR (.main))
                0x020113f0                        PROVIDE (__main_end = (ADDR (.fini_array) + SIZEOF (.fini_array)))

.tdata          0x00000000        0x0 load address 0x02015448
 *(.tdata .tdata.* .gnu.linkonce.td.*)
                0x00000000                        . = ALIGN (0x4)

.tbss           0x00000000        0x0 load address 0x02015448
 *(.tbss .tbss.* .gnu.linkonce.tb.*)
 *(.tcommon)
                0x00000000                        . = ALIGN (0x4)
                0x00000001                        ASSERT (((ALIGNOF (.tdata) <= 0x8) || (ALIGNOF (.tbss) <= 0x8)), Error: TLS is overaligned (up to 8-byte alignment is supported))
                0x00000001                        ASSERT (((ADDR (.tbss) + SIZEOF (.tbss)) <= (ORIGIN (tls) + LENGTH (tls))), Error: TLS section too large)

.main.tls       0x020113f0        0x0
                0x020113f0                        . = (. + ((ADDR (.tbss) + SIZEOF (.tbss)) - ADDR (.tdata)))
                [!provide]                        PROVIDE (__tls_lma = LOADADDR (.tdata))
                0x020113f0                        PROVIDE (__tls_start = ADDR (.main.tls))
                0x020113f0                        PROVIDE (__tls_end = (ADDR (.main.tls) + SIZEOF (.tdata)))

.main.bss       0x020113f0      0xd74
 EXCLUDE_FILE(*.twl.*) *(.dynbss)
 EXCLUDE_FILE(*.twl.*) *(.bss .bss.* .gnu.linkonce.b.*)
 .bss.completed.1
                0x020113f0        0x1 C:/devkitPro/devkitARM/bin/../lib/gcc/arm-none-eabi/14.2.0/thumb/crtbegin.o
 *fill*         0x020113f1        0x3 
 .bss.object.0  0x020113f4       0x18 C:/devkitPro/devkitARM/bin/../lib/gcc/arm-none-eabi/14.2.0/thumb/crtbegin.o
 .bss.currentCopy
                0x0201140c       0x5c C:/devkitPro/libnds/lib\libnds9.a(console.o)
                0x0201140c                currentCopy
 .bss.keysrepeat
                0x02011468        0x2 C:/devkitPro/libnds/lib\libnds9.a(keys.o)
 *fill*         0x0201146a        0x2 
 .bss.s_keypad  0x0201146c        0x4 C:/devkitPro/libnds/lib\libnds9.a(keys.o)
 .bss.OamMemory
                0x02011470      0x400 C:/devkitPro/libnds/lib\libnds9.a(sprite.o)
                0x02011470                OamMemory
 .bss.specular_emission.0
                0x02011870        0x4 C:/devkitPro/libnds/lib\libnds9.a(videoGL_base.o)
 .bss.diffuse_ambient.1
                0x02011874        0x4 C:/devkitPro/libnds/lib\libnds9.a(videoGL_base.o)
 .bss.glCurClearColor
                0x02011878        0x4 C:/devkitPro/libnds/lib\libnds9.a(videoGL_base.o)
                0x02011878                glCurClearColor
 .bss.glGlobalData
                0x0201187c       0x4c C:/devkitPro/libnds/lib\libnds9.a(videoGL.o)
                0x0201187c                glGlobalData
 .bss.bgIsTextLut
                0x020118c8        0x8 C:/devkitPro/libnds/lib\libnds9.a(background.o)
                0x020118c8                bgIsTextLut
 .bss.bgState   0x020118d0      0x140 C:/devkitPro/libnds/lib\libnds9.a(background.o)
                0x020118d0                bgState
 .bss.s_sleepThreads
                0x02011a10        0x8 C:/devkitPro/calico/lib\libcalico_ds9.a(thread_cold.o)
 .bss.s_joinThreads
                0x02011a18        0x8 C:/devkitPro/calico/lib\libcalico_ds9.a(thread_cold.o)
 .bss.s_idleThread
                0x02011a20       0x70 C:/devkitPro/calico/lib\libcalico_ds9.a(thread_cold.o)
 .bss.s_mainThread
                0x02011a90       0x70 C:/devkitPro/calico/lib\libcalico_ds9.a(thread_cold.o)
 .bss.s_pmPxiThreadStack
                0x02011b00      0x200 C:/devkitPro/calico/lib\libcalico_ds9.a(pm.o)
 .bss.s_pmPxiThread
                0x02011d00       0x70 C:/devkitPro/calico/lib\libcalico_ds9.a(pm.o)
 .bss.s_pmState
                0x02011d70        0x8 C:/devkitPro/calico/lib\libcalico_ds9.a(pm.o)
 .bss.s_firstTask
                0x02011d78        0x4 C:/devkitPro/calico/lib\libcalico_ds9.a(tick.o)
 *fill*         0x02011d7c        0x4 
 .bss.s_highTickCount
                0x02011d80        0x8 C:/devkitPro/calico/lib\libcalico_ds9.a(tick.o)
 .bss.s_tickInit
                0x02011d88        0x1 C:/devkitPro/calico/lib\libcalico_ds9.a(tick.o)
 *fill*         0x02011d89        0x3 
 .bss.s_mailboxRecvQueue
                0x02011d8c        0x8 C:/devkitPro/calico/lib\libcalico_ds9.a(mailbox.o)
 .bss.s_defaultErrno.0
                0x02011d94        0x4 C:/devkitPro/calico/lib\libcalico_ds9.a(newlib_syscalls.o)
 .bss.g_isTwlMode
                0x02011d98        0x1 C:/devkitPro/calico/lib\libcalico_ds9.a(startup.crt0.o)
                0x02011d98                g_isTwlMode
 *fill*         0x02011d99        0x3 
 .bss.s_pxiChannels
                0x02011d9c      0x1f0 C:/devkitPro/calico/lib\libcalico_ds9.a(pxi.o)
 .bss.s_pxiRecvState
                0x02011f8c        0x4 C:/devkitPro/calico/lib\libcalico_ds9.a(pxi.o)
 .bss.s_pxiRecvQueue
                0x02011f90        0x8 C:/devkitPro/calico/lib\libcalico_ds9.a(pxi.o)
 .bss.s_pxiSendMutex
                0x02011f98        0x4 C:/devkitPro/calico/lib\libcalico_ds9.a(pxi.o)
 .bss.__malloc_current_mallinfo
                0x02011f9c       0x28 C:/devkitPro/devkitARM/bin/../lib/gcc/arm-none-eabi/14.2.0/../../../../arm-none-eabi/lib/thumb\libg.a(libc_a-mallocr.o)
                0x02011f9c                __malloc_current_mallinfo
 .bss.__malloc_max_total_mem
                0x02011fc4        0x4 C:/devkitPro/devkitARM/bin/../lib/gcc/arm-none-eabi/14.2.0/../../../../arm-none-eabi/lib/thumb\libg.a(libc_a-mallocr.o)
                0x02011fc4                __malloc_max_total_mem
 .bss.__malloc_max_sbrked_mem
                0x02011fc8        0x4 C:/devkitPro/devkitARM/bin/../lib/gcc/arm-none-eabi/14.2.0/../../../../arm-none-eabi/lib/thumb\libg.a(libc_a-mallocr.o)
                0x02011fc8                __malloc_max_sbrked_mem
 .bss.__malloc_top_pad
                0x02011fcc        0x4 C:/devkitPro/devkitARM/bin/../lib/gcc/arm-none-eabi/14.2.0/../../../../arm-none-eabi/lib/thumb\libg.a(libc_a-mallocr.o)
                0x02011fcc                __malloc_top_pad
 .bss.__malloc_recursive_mutex
                0x02011fd0        0xc C:/devkitPro/devkitARM/bin/../lib/gcc/arm-none-eabi/14.2.0/../../../../arm-none-eabi/lib/thumb\libg.a(libc_a-mlock.o)
 .bss.__sfp_recursive_mutex
                0x02011fdc        0xc C:/devkitPro/devkitARM/bin/../lib/gcc/arm-none-eabi/14.2.0/../../../../arm-none-eabi/lib/thumb\libg.a(libc_a-findfp.o)
 .bss.__sf      0x02011fe8      0x168 C:/devkitPro/devkitARM/bin/../lib/gcc/arm-none-eabi/14.2.0/../../../../arm-none-eabi/lib/thumb\libg.a(libc_a-findfp.o)
                0x02011fe8                __sf
 .bss.__stdio_exit_handler
                0x02012150        0x4 C:/devkitPro/devkitARM/bin/../lib/gcc/arm-none-eabi/14.2.0/../../../../arm-none-eabi/lib/thumb\libg.a(libc_a-findfp.o)
                0x02012150                __stdio_exit_handler
 .bss.__hndl_lock
                0x02012154        0x4 C:/devkitPro/devkitARM/bin/../lib/gcc/arm-none-eabi/14.2.0/../../../../arm-none-eabi/lib/thumb\libsysbase.a(libsysbase_libsysbase_a-handle_manager.o)
 .bss.fake_heap_start
                0x02012158        0x4 C:/devkitPro/devkitARM/bin/../lib/gcc/arm-none-eabi/14.2.0/../../../../arm-none-eabi/lib/thumb\libsysbase.a(libsysbase_libsysbase_a-malloc_vars.o)
                0x02012158                fake_heap_start
 .bss.fake_heap_end
                0x0201215c        0x4 C:/devkitPro/devkitARM/bin/../lib/gcc/arm-none-eabi/14.2.0/../../../../arm-none-eabi/lib/thumb\libsysbase.a(libsysbase_libsysbase_a-malloc_vars.o)
                0x0201215c                fake_heap_end
 .bss.heap_start.0
                0x02012160        0x4 C:/devkitPro/devkitARM/bin/../lib/gcc/arm-none-eabi/14.2.0/../../../../arm-none-eabi/lib/thumb\libsysbase.a(libsysbase_libsysbase_a-sbrk.o)
 EXCLUDE_FILE(*.twl.*) *(COMMON)
                0x02012164                        . = ALIGN (0x4)
                [!provide]                        PROVIDE (__main_bss_start = ADDR (.main.bss))
                0x02012164                        PROVIDE (__main_bss_end = (ADDR (.main.bss) + SIZEOF (.main.bss)))
                0x02012164                        . = .
                0x02012164                        PROVIDE (__heap_start_ntr = .)
                0x00000001                        ASSERT ((. <= 0x2380000), Error: DS-mode sections overflow DS ARM9 memory size (3.5 MB))

.twl            0x02012180        0x0 load address 0x02400000
 *(.twl .twl.*)
 *.twl.*(.text .stub .text.* .gnu.linkonce.t.*)
 *.twl.*(.glue_7t .glue_7 .vfp11_veneer .v4_bx)
 *.twl.*(.rodata .rodata.* .gnu.linkonce.r.*)
 *.twl.*(.rodata1)
                0x02012180                        . = ALIGN (0x4)

.twl.rw         0x02012180        0x0 load address 0x02400000
 *.twl.*(.data .data.* .gnu.linkonce.d.*)
 *.twl.*(.data1)
                0x02012180                        . = ALIGN (0x4)
                0x02400000                        PROVIDE (__twl_lma = LOADADDR (.twl))
                0x02012180                        PROVIDE (__twl_start = ADDR (.twl))
                0x02012180                        PROVIDE (__twl_end = (ADDR (.twl.rw) + SIZEOF (.twl.rw)))

.twl.bss        0x02012180        0x0 load address 0x02400000
 *(.twl_bss .twl_bss.*)
 *.twl.*(.dynbss)
 *.twl.*(.bss .bss.* .gnu.linkonce.b.*)
 *.twl.*(COMMON)
                0x02012180                        . = ALIGN (0x4)
                [!provide]                        PROVIDE (__twl_bss_start = ADDR (.twl.bss))
                0x02012180                        PROVIDE (__twl_bss_end = (ADDR (.twl.bss) + SIZEOF (.twl.bss)))
                0x02012180                        . = .
                0x02012180                        PROVIDE (__heap_start_twl = .)

.loadlist       0x0e000990       0x30 load address 0x02015448
                0x0e000990        0x4 LONG 0x1ff8000 __itcm_start
                0x0e000994        0x4 LONG 0x1ff86c8 __itcm_end
                0x0e000998        0x4 LONG 0x1ff86c8 __itcm_end
                0x0e00099c        0x4 LONG 0x2ff0000 __dtcm_start
                0x0e0009a0        0x4 LONG 0x2ff0000 __dtcm_end
                0x0e0009a4        0x4 LONG 0x2ff0098 __dtcm_bss_end
                0x0e0009a8        0x4 LONG 0x2001360 __main_start
                0x0e0009ac        0x4 LONG 0x20113f0 __main_end
                0x0e0009b0        0x4 LONG 0x20113f0 __main_end
                0x0e0009b4        0x4 LONG 0x20113f0 __tls_start
                0x0e0009b8        0x4 LONG 0x20113f0 __tls_end
                0x0e0009bc        0x4 LONG 0x2012164 __main_bss_end
                0x02004cf0                        PROVIDE (__loadlist_lma = __itcm_lma)
                0x02015448                        PROVIDE (__loadlist_start = LOADADDR (.loadlist))
                0x02015478                        PROVIDE (__loadlist_end = (LOADADDR (.loadlist) + SIZEOF (.loadlist)))

.twl.loadlist   0x0e0009c0        0xc load address 0x02400000
                0x0e0009c0        0x4 LONG 0x2012180 __twl_start
                0x0e0009c4        0x4 LONG 0x2012180 __twl_end
                0x0e0009c8        0x4 LONG 0x2012180 __twl_bss_end
                0x02400000                        PROVIDE (__twl_loadlist_lma = __twl_lma)
                0x02400000                        PROVIDE (__twl_loadlist_start = LOADADDR (.twl.loadlist))
                0x0240000c                        PROVIDE (__twl_loadlist_end = (LOADADDR (.twl.loadlist) + SIZEOF (.twl.loadlist)))

.rel.dyn        0x0e0009cc        0x0 load address 0x0240000c
 .rel.iplt      0x0e0009cc        0x0 C:/devkitPro/devkitARM/bin/../lib/gcc/arm-none-eabi/14.2.0/thumb/crtbegin.o

.stab
 *(.stab)

.stabstr
 *(.stabstr)

.stab.excl
 *(.stab.excl)

.stab.exclstr
 *(.stab.exclstr)

.stab.index
 *(.stab.index)

.stab.indexstr
 *(.stab.indexstr)

.comment        0x00000000       0x23
 *(.comment)
 .comment       0x00000000       0x23 C:/devkitPro/devkitARM/bin/../lib/gcc/arm-none-eabi/14.2.0/thumb/crtbegin.o
                                 0x24 (size before relaxing)
 .comment       0x00000023       0x24 main.o
 .comment       0x00000023       0x24 C:/devkitPro/libnds/lib\libnds9.a(console.o)
 .comment       0x00000023       0x24 C:/devkitPro/libnds/lib\libnds9.a(gl2d.o)
 .comment       0x00000023       0x24 C:/devkitPro/libnds/lib\libnds9.a(keys.o)
 .comment       0x00000023       0x24 C:/devkitPro/libnds/lib\libnds9.a(sprite.o)
 .comment       0x00000023       0x24 C:/devkitPro/libnds/lib\libnds9.a(trig.o)
 .comment       0x00000023       0x24 C:/devkitPro/libnds/lib\libnds9.a(videoGL_base.o)
 .comment       0x00000023       0x24 C:/devkitPro/libnds/lib\libnds9.a(videoGL.o)
 .comment       0x00000023       0x24 C:/devkitPro/libnds/lib\libnds9.a(background.o)
 .comment       0x00000023       0x24 C:/devkitPro/libnds/lib\libnds9.a(dynamicArray.o)
 .comment       0x00000023       0x24 C:/devkitPro/libnds/lib\libnds9.a(sprite_alloc.o)
 .comment       0x00000023       0x24 C:/devkitPro/libnds/lib\libnds9.a(system.o)
 .comment       0x00000023       0x24 C:/devkitPro/calico/lib\libcalico_ds9.a(thread_cold.o)
 .comment       0x00000023       0x24 C:/devkitPro/calico/lib\libcalico_ds9.a(thread_hot.32.o)
 .comment       0x00000023       0x24 C:/devkitPro/calico/lib\libcalico_ds9.a(arm-shims.32.o)
 .comment       0x00000023       0x24 C:/devkitPro/calico/lib\libcalico_ds9.a(keypad.o)
 .comment       0x00000023       0x24 C:/devkitPro/calico/lib\libcalico_ds9.a(pm.o)
 .comment       0x00000023       0x24 C:/devkitPro/calico/lib\libcalico_ds9.a(touch.o)
 .comment       0x00000023       0x24 C:/devkitPro/calico/lib\libcalico_ds9.a(tick.o)
 .comment       0x00000023       0x24 C:/devkitPro/calico/lib\libcalico_ds9.a(mailbox.o)
 .comment       0x00000023       0x24 C:/devkitPro/calico/lib\libcalico_ds9.a(newlib_syscalls.o)
 .comment       0x00000023       0x24 C:/devkitPro/calico/lib\libcalico_ds9.a(startup.crt0.o)
 .comment       0x00000023       0x24 C:/devkitPro/calico/lib\libcalico_ds9.a(pxi.o)
 .comment       0x00000023       0x24 C:/devkitPro/calico/lib\libcalico_ds9.a(sys_startup.o)
 .comment       0x00000023       0x24 C:/devkitPro/calico/lib\libcalico_ds9.a(irq.o)
 .comment       0x00000023       0x24 C:/devkitPro/calico/lib\libcalico_ds9.a(mutex.o)
 .comment       0x00000023       0x24 C:/devkitPro/devkitARM/bin/../lib/gcc/arm-none-eabi/14.2.0/thumb\libgcc.a(_muldi3.o)
 .comment       0x00000023       0x24 C:/devkitPro/devkitARM/bin/../lib/gcc/arm-none-eabi/14.2.0/thumb\libgcc.a(_udivmoddi4.o)
 .comment       0x00000023       0x24 C:/devkitPro/devkitARM/bin/../lib/gcc/arm-none-eabi/14.2.0/../../../../arm-none-eabi/lib/thumb\libg.a(libc_a-rand.o)
 .comment       0x00000023       0x24 C:/devkitPro/devkitARM/bin/../lib/gcc/arm-none-eabi/14.2.0/../../../../arm-none-eabi/lib/thumb\libg.a(libc_a-calloc.o)
 .comment       0x00000023       0x24 C:/devkitPro/devkitARM/bin/../lib/gcc/arm-none-eabi/14.2.0/../../../../arm-none-eabi/lib/thumb\libg.a(libc_a-siscanf.o)
 .comment       0x00000023       0x24 C:/devkitPro/devkitARM/bin/../lib/gcc/arm-none-eabi/14.2.0/../../../../arm-none-eabi/lib/thumb\libg.a(libc_a-stdio.o)
 .comment       0x00000023       0x24 C:/devkitPro/devkitARM/bin/../lib/gcc/arm-none-eabi/14.2.0/../../../../arm-none-eabi/lib/thumb\libg.a(libc_a-callocr.o)
 .comment       0x00000023       0x24 C:/devkitPro/devkitARM/bin/../lib/gcc/arm-none-eabi/14.2.0/../../../../arm-none-eabi/lib/thumb\libg.a(libc_a-realloc.o)
 .comment       0x00000023       0x24 C:/devkitPro/devkitARM/bin/../lib/gcc/arm-none-eabi/14.2.0/../../../../arm-none-eabi/lib/thumb\libg.a(libc_a-mallocr.o)
 .comment       0x00000023       0x24 C:/devkitPro/devkitARM/bin/../lib/gcc/arm-none-eabi/14.2.0/../../../../arm-none-eabi/lib/thumb\libg.a(libc_a-freer.o)
 .comment       0x00000023       0x24 C:/devkitPro/devkitARM/bin/../lib/gcc/arm-none-eabi/14.2.0/../../../../arm-none-eabi/lib/thumb\libg.a(libc_a-setvbuf.o)
 .comment       0x00000023       0x24 C:/devkitPro/devkitARM/bin/../lib/gcc/arm-none-eabi/14.2.0/../../../../arm-none-eabi/lib/thumb\libg.a(libc_a-malloc.o)
 .comment       0x00000023       0x24 C:/devkitPro/devkitARM/bin/../lib/gcc/arm-none-eabi/14.2.0/../../../../arm-none-eabi/lib/thumb\libg.a(libc_a-memcpy-stub.o)
 .comment       0x00000023       0x24 C:/devkitPro/devkitARM/bin/../lib/gcc/arm-none-eabi/14.2.0/../../../../arm-none-eabi/lib/thumb\libg.a(libc_a-memset.o)
 .comment       0x00000023       0x24 C:/devkitPro/devkitARM/bin/../lib/gcc/arm-none-eabi/14.2.0/../../../../arm-none-eabi/lib/thumb\libg.a(libc_a-reallocr.o)
 .comment       0x00000023       0x24 C:/devkitPro/devkitARM/bin/../lib/gcc/arm-none-eabi/14.2.0/../../../../arm-none-eabi/lib/thumb\libg.a(libc_a-mlock.o)
 .comment       0x00000023       0x24 C:/devkitPro/devkitARM/bin/../lib/gcc/arm-none-eabi/14.2.0/../../../../arm-none-eabi/lib/thumb\libg.a(libc_a-exit.o)
 .comment       0x00000023       0x24 C:/devkitPro/devkitARM/bin/../lib/gcc/arm-none-eabi/14.2.0/../../../../arm-none-eabi/lib/thumb\libg.a(libc_a-iprintf.o)
 .comment       0x00000023       0x24 C:/devkitPro/devkitARM/bin/../lib/gcc/arm-none-eabi/14.2.0/../../../../arm-none-eabi/lib/thumb\libg.a(libc_a-init.o)
 .comment       0x00000023       0x24 C:/devkitPro/devkitARM/bin/../lib/gcc/arm-none-eabi/14.2.0/../../../../arm-none-eabi/lib/thumb\libg.a(libc_a-fflush.o)
 .comment       0x00000023       0x24 C:/devkitPro/devkitARM/bin/../lib/gcc/arm-none-eabi/14.2.0/../../../../arm-none-eabi/lib/thumb\libg.a(libc_a-strlen-stub.o)
 .comment       0x00000023       0x24 C:/devkitPro/devkitARM/bin/../lib/gcc/arm-none-eabi/14.2.0/../../../../arm-none-eabi/lib/thumb\libg.a(libc_a-memmove.o)
 .comment       0x00000023       0x24 C:/devkitPro/devkitARM/bin/../lib/gcc/arm-none-eabi/14.2.0/../../../../arm-none-eabi/lib/thumb\libg.a(libc_a-impure.o)
 .comment       0x00000023       0x24 C:/devkitPro/devkitARM/bin/../lib/gcc/arm-none-eabi/14.2.0/../../../../arm-none-eabi/lib/thumb\libg.a(libc_a-vfiprintf.o)
 .comment       0x00000023       0x24 C:/devkitPro/devkitARM/bin/../lib/gcc/arm-none-eabi/14.2.0/../../../../arm-none-eabi/lib/thumb\libg.a(libc_a-malignr.o)
 .comment       0x00000023       0x24 C:/devkitPro/devkitARM/bin/../lib/gcc/arm-none-eabi/14.2.0/../../../../arm-none-eabi/lib/thumb\libg.a(libc_a-memchr-stub.o)
 .comment       0x00000023       0x24 C:/devkitPro/devkitARM/bin/../lib/gcc/arm-none-eabi/14.2.0/../../../../arm-none-eabi/lib/thumb\libg.a(libc_a-svfiscanf.o)
 .comment       0x00000023       0x24 C:/devkitPro/devkitARM/bin/../lib/gcc/arm-none-eabi/14.2.0/../../../../arm-none-eabi/lib/thumb\libg.a(libc_a-strtoul.o)
 .comment       0x00000023       0x24 C:/devkitPro/devkitARM/bin/../lib/gcc/arm-none-eabi/14.2.0/../../../../arm-none-eabi/lib/thumb\libg.a(libc_a-fini.o)
 .comment       0x00000023       0x24 C:/devkitPro/devkitARM/bin/../lib/gcc/arm-none-eabi/14.2.0/../../../../arm-none-eabi/lib/thumb\libg.a(libc_a-sprint_r.o)
 .comment       0x00000023       0x24 C:/devkitPro/devkitARM/bin/../lib/gcc/arm-none-eabi/14.2.0/../../../../arm-none-eabi/lib/thumb\libg.a(libc_a-iswspace.o)
 .comment       0x00000023       0x24 C:/devkitPro/devkitARM/bin/../lib/gcc/arm-none-eabi/14.2.0/../../../../arm-none-eabi/lib/thumb\libg.a(libc_a-sccl.o)
 .comment       0x00000023       0x24 C:/devkitPro/devkitARM/bin/../lib/gcc/arm-none-eabi/14.2.0/../../../../arm-none-eabi/lib/thumb\libg.a(libc_a-localeconv.o)
 .comment       0x00000023       0x24 C:/devkitPro/devkitARM/bin/../lib/gcc/arm-none-eabi/14.2.0/../../../../arm-none-eabi/lib/thumb\libg.a(libc_a-makebuf.o)
 .comment       0x00000023       0x24 C:/devkitPro/devkitARM/bin/../lib/gcc/arm-none-eabi/14.2.0/../../../../arm-none-eabi/lib/thumb\libg.a(libc_a-findfp.o)
 .comment       0x00000023       0x24 C:/devkitPro/devkitARM/bin/../lib/gcc/arm-none-eabi/14.2.0/../../../../arm-none-eabi/lib/thumb\libg.a(libc_a-wcrtomb.o)
 .comment       0x00000023       0x24 C:/devkitPro/devkitARM/bin/../lib/gcc/arm-none-eabi/14.2.0/../../../../arm-none-eabi/lib/thumb\libg.a(libc_a-strtol.o)
 .comment       0x00000023       0x24 C:/devkitPro/devkitARM/bin/../lib/gcc/arm-none-eabi/14.2.0/../../../../arm-none-eabi/lib/thumb\libg.a(libc_a-ctype_.o)
 .comment       0x00000023       0x24 C:/devkitPro/devkitARM/bin/../lib/gcc/arm-none-eabi/14.2.0/../../../../arm-none-eabi/lib/thumb\libg.a(libc_a-fwalk.o)
 .comment       0x00000023       0x24 C:/devkitPro/devkitARM/bin/../lib/gcc/arm-none-eabi/14.2.0/../../../../arm-none-eabi/lib/thumb\libg.a(libc_a-strncpy.o)
 .comment       0x00000023       0x24 C:/devkitPro/devkitARM/bin/../lib/gcc/arm-none-eabi/14.2.0/../../../../arm-none-eabi/lib/thumb\libg.a(libc_a-strtoull.o)
 .comment       0x00000023       0x24 C:/devkitPro/devkitARM/bin/../lib/gcc/arm-none-eabi/14.2.0/../../../../arm-none-eabi/lib/thumb\libg.a(libc_a-wcsrtombs.o)
 .comment       0x00000023       0x24 C:/devkitPro/devkitARM/bin/../lib/gcc/arm-none-eabi/14.2.0/../../../../arm-none-eabi/lib/thumb\libg.a(libc_a-svfiprintf.o)
 .comment       0x00000023       0x24 C:/devkitPro/devkitARM/bin/../lib/gcc/arm-none-eabi/14.2.0/../../../../arm-none-eabi/lib/thumb\libg.a(libc_a-mbrtowc.o)
 .comment       0x00000023       0x24 C:/devkitPro/devkitARM/bin/../lib/gcc/arm-none-eabi/14.2.0/../../../../arm-none-eabi/lib/thumb\libg.a(libc_a-wsetup.o)
 .comment       0x00000023       0x24 C:/devkitPro/devkitARM/bin/../lib/gcc/arm-none-eabi/14.2.0/../../../../arm-none-eabi/lib/thumb\libg.a(libc_a-ungetc.o)
 .comment       0x00000023       0x24 C:/devkitPro/devkitARM/bin/../lib/gcc/arm-none-eabi/14.2.0/../../../../arm-none-eabi/lib/thumb\libg.a(libc_a-iswspace_l.o)
 .comment       0x00000023       0x24 C:/devkitPro/devkitARM/bin/../lib/gcc/arm-none-eabi/14.2.0/../../../../arm-none-eabi/lib/thumb\libg.a(libc_a-fvwrite.o)
 .comment       0x00000023       0x24 C:/devkitPro/devkitARM/bin/../lib/gcc/arm-none-eabi/14.2.0/../../../../arm-none-eabi/lib/thumb\libg.a(libc_a-strtoll.o)
 .comment       0x00000023       0x24 C:/devkitPro/devkitARM/bin/../lib/gcc/arm-none-eabi/14.2.0/../../../../arm-none-eabi/lib/thumb\libg.a(libc_a-locale.o)
 .comment       0x00000023       0x24 C:/devkitPro/devkitARM/bin/../lib/gcc/arm-none-eabi/14.2.0/../../../../arm-none-eabi/lib/thumb\libg.a(libc_a-wcsnrtombs.o)
 .comment       0x00000023       0x24 C:/devkitPro/devkitARM/bin/../lib/gcc/arm-none-eabi/14.2.0/../../../../arm-none-eabi/lib/thumb\libg.a(libc_a-mbtowc_r.o)
 .comment       0x00000023       0x24 C:/devkitPro/devkitARM/bin/../lib/gcc/arm-none-eabi/14.2.0/../../../../arm-none-eabi/lib/thumb\libg.a(libc_a-fclose.o)
 .comment       0x00000023       0x24 C:/devkitPro/devkitARM/bin/../lib/gcc/arm-none-eabi/14.2.0/../../../../arm-none-eabi/lib/thumb\libg.a(libc_a-categories.o)
 .comment       0x00000023       0x24 C:/devkitPro/devkitARM/bin/../lib/gcc/arm-none-eabi/14.2.0/../../../../arm-none-eabi/lib/thumb\libg.a(libc_a-wctomb_r.o)
 .comment       0x00000023       0x24 C:/devkitPro/devkitARM/bin/../lib/gcc/arm-none-eabi/14.2.0/../../../../arm-none-eabi/lib/thumb\libsysbase.a(libsysbase_libsysbase_a-_exit.o)
 .comment       0x00000023       0x24 C:/devkitPro/devkitARM/bin/../lib/gcc/arm-none-eabi/14.2.0/../../../../arm-none-eabi/lib/thumb\libsysbase.a(libsysbase_libsysbase_a-fstat.o)
 .comment       0x00000023       0x24 C:/devkitPro/devkitARM/bin/../lib/gcc/arm-none-eabi/14.2.0/../../../../arm-none-eabi/lib/thumb\libsysbase.a(libsysbase_libsysbase_a-getreent.o)
 .comment       0x00000023       0x24 C:/devkitPro/devkitARM/bin/../lib/gcc/arm-none-eabi/14.2.0/../../../../arm-none-eabi/lib/thumb\libsysbase.a(libsysbase_libsysbase_a-handle_manager.o)
 .comment       0x00000023       0x24 C:/devkitPro/devkitARM/bin/../lib/gcc/arm-none-eabi/14.2.0/../../../../arm-none-eabi/lib/thumb\libsysbase.a(libsysbase_libsysbase_a-iosupport.o)
 .comment       0x00000023       0x24 C:/devkitPro/devkitARM/bin/../lib/gcc/arm-none-eabi/14.2.0/../../../../arm-none-eabi/lib/thumb\libsysbase.a(libsysbase_libsysbase_a-isatty.o)
 .comment       0x00000023       0x24 C:/devkitPro/devkitARM/bin/../lib/gcc/arm-none-eabi/14.2.0/../../../../arm-none-eabi/lib/thumb\libsysbase.a(libsysbase_libsysbase_a-lseek.o)
 .comment       0x00000023       0x24 C:/devkitPro/devkitARM/bin/../lib/gcc/arm-none-eabi/14.2.0/../../../../arm-none-eabi/lib/thumb\libsysbase.a(libsysbase_libsysbase_a-malloc_vars.o)
 .comment       0x00000023       0x24 C:/devkitPro/devkitARM/bin/../lib/gcc/arm-none-eabi/14.2.0/../../../../arm-none-eabi/lib/thumb\libsysbase.a(libsysbase_libsysbase_a-read.o)
 .comment       0x00000023       0x24 C:/devkitPro/devkitARM/bin/../lib/gcc/arm-none-eabi/14.2.0/../../../../arm-none-eabi/lib/thumb\libsysbase.a(libsysbase_libsysbase_a-sbrk.o)
 .comment       0x00000023       0x24 C:/devkitPro/devkitARM/bin/../lib/gcc/arm-none-eabi/14.2.0/../../../../arm-none-eabi/lib/thumb\libsysbase.a(libsysbase_libsysbase_a-syscall_support.o)
 .comment       0x00000023       0x24 C:/devkitPro/devkitARM/bin/../lib/gcc/arm-none-eabi/14.2.0/../../../../arm-none-eabi/lib/thumb\libsysbase.a(libsysbase_libsysbase_a-write.o)
 .comment       0x00000023       0x24 C:/devkitPro/devkitARM/bin/../lib/gcc/arm-none-eabi/14.2.0/thumb/crtend.o

.gnu.build.attributes
 *(.gnu.build.attributes .gnu.build.attributes.*)

.debug
 *(.debug)

.line
 *(.line)

.debug_srcinfo
 *(.debug_srcinfo)

.debug_sfnames
 *(.debug_sfnames)

.debug_aranges  0x00000000      0xa88
 *(.debug_aranges)
 .debug_aranges
                0x00000000       0x40 main.o
 .debug_aranges
                0x00000040       0x80 C:/devkitPro/libnds/lib\libnds9.a(console.o)
 .debug_aranges
                0x000000c0       0xc8 C:/devkitPro/libnds/lib\libnds9.a(gl2d.o)
 .debug_aranges
                0x00000188       0x50 C:/devkitPro/libnds/lib\libnds9.a(keys.o)
 .debug_aranges
                0x000001d8       0x60 C:/devkitPro/libnds/lib\libnds9.a(sprite.o)
 .debug_aranges
                0x00000238       0x60 C:/devkitPro/libnds/lib\libnds9.a(trig.o)
 .debug_aranges
                0x00000298       0x38 C:/devkitPro/libnds/lib\libnds9.a(videoGL_base.o)
 .debug_aranges
                0x000002d0      0x128 C:/devkitPro/libnds/lib\libnds9.a(videoGL.o)
 .debug_aranges
                0x000003f8       0x40 C:/devkitPro/libnds/lib\libnds9.a(background.o)
 .debug_aranges
                0x00000438       0x38 C:/devkitPro/libnds/lib\libnds9.a(dynamicArray.o)
 .debug_aranges
                0x00000470       0x38 C:/devkitPro/libnds/lib\libnds9.a(sprite_alloc.o)
 .debug_aranges
                0x000004a8       0x28 C:/devkitPro/libnds/lib\libnds9.a(system.o)
 .debug_aranges
                0x000004d0       0x88 C:/devkitPro/calico/lib\libcalico_ds9.a(thread_cold.o)
 .debug_aranges
                0x00000558       0x50 C:/devkitPro/calico/lib\libcalico_ds9.a(thread_hot.32.o)
 .debug_aranges
                0x000005a8       0x28 C:/devkitPro/calico/lib\libcalico_ds9.a(arm-context.32.o)
 .debug_aranges
                0x000005d0       0x70 C:/devkitPro/calico/lib\libcalico_ds9.a(arm-shims.32.o)
 .debug_aranges
                0x00000640       0x48 C:/devkitPro/calico/lib\libcalico_ds9.a(arm-cache.32.o)
 .debug_aranges
                0x00000688       0x20 C:/devkitPro/calico/lib\libcalico_ds9.a(keypad.o)
 .debug_aranges
                0x000006a8       0xa0 C:/devkitPro/calico/lib\libcalico_ds9.a(pm.o)
 .debug_aranges
                0x00000748       0x38 C:/devkitPro/calico/lib\libcalico_ds9.a(bootstub_arm9.o)
 .debug_aranges
                0x00000780       0x20 C:/devkitPro/calico/lib\libcalico_ds9.a(excpt_handler.32.o)
 .debug_aranges
                0x000007a0       0x20 C:/devkitPro/calico/lib\libcalico_ds9.a(touch.o)
 .debug_aranges
                0x000007c0       0x50 C:/devkitPro/calico/lib\libcalico_ds9.a(tick.o)
 .debug_aranges
                0x00000810       0x30 C:/devkitPro/calico/lib\libcalico_ds9.a(mailbox.o)
 .debug_aranges
                0x00000840       0xa8 C:/devkitPro/calico/lib\libcalico_ds9.a(newlib_syscalls.o)
 .debug_aranges
                0x000008e8       0x28 C:/devkitPro/calico/lib\libcalico_ds9.a(startup.crt0.o)
 .debug_aranges
                0x00000910       0x28 C:/devkitPro/calico/lib\libcalico_ds9.a(utils.crt0.o)
 .debug_aranges
                0x00000938       0x20 C:/devkitPro/calico/lib\libcalico_ds9.a(irq_handler.32.o)
 .debug_aranges
                0x00000958       0x78 C:/devkitPro/calico/lib\libcalico_ds9.a(pxi.o)
 .debug_aranges
                0x000009d0       0x20 C:/devkitPro/calico/lib\libcalico_ds9.a(mpu_setup.crt0.o)
 .debug_aranges
                0x000009f0       0x28 C:/devkitPro/calico/lib\libcalico_ds9.a(sys_startup.o)
 .debug_aranges
                0x00000a18       0x20 C:/devkitPro/calico/lib\libcalico_ds9.a(irq.o)
 .debug_aranges
                0x00000a38       0x50 C:/devkitPro/calico/lib\libcalico_ds9.a(mutex.o)

.debug_pubnames
 *(.debug_pubnames)

.debug_info     0x00000000    0x1cc5f
 *(.debug_info .gnu.linkonce.wi.*)
 .debug_info    0x00000000     0x18bc main.o
 .debug_info    0x000018bc     0x2aa7 C:/devkitPro/libnds/lib\libnds9.a(console.o)
 .debug_info    0x00004363     0x5022 C:/devkitPro/libnds/lib\libnds9.a(gl2d.o)
 .debug_info    0x00009385      0x48a C:/devkitPro/libnds/lib\libnds9.a(keys.o)
 .debug_info    0x0000980f     0x1249 C:/devkitPro/libnds/lib\libnds9.a(sprite.o)
 .debug_info    0x0000aa58      0x78f C:/devkitPro/libnds/lib\libnds9.a(trig.o)
 .debug_info    0x0000b1e7      0xdeb C:/devkitPro/libnds/lib\libnds9.a(videoGL_base.o)
 .debug_info    0x0000bfd2     0x2eb1 C:/devkitPro/libnds/lib\libnds9.a(videoGL.o)
 .debug_info    0x0000ee83      0xa3e C:/devkitPro/libnds/lib\libnds9.a(background.o)
 .debug_info    0x0000f8c1      0x2a8 C:/devkitPro/libnds/lib\libnds9.a(dynamicArray.o)
 .debug_info    0x0000fb69     0x1c98 C:/devkitPro/libnds/lib\libnds9.a(sprite_alloc.o)
 .debug_info    0x00011801       0xfd C:/devkitPro/libnds/lib\libnds9.a(system.o)
 .debug_info    0x000118fe     0x1f3f C:/devkitPro/calico/lib\libcalico_ds9.a(thread_cold.o)
 .debug_info    0x0001383d     0x133c C:/devkitPro/calico/lib\libcalico_ds9.a(thread_hot.32.o)
 .debug_info    0x00014b79       0x3b C:/devkitPro/calico/lib\libcalico_ds9.a(arm-context.32.o)
 .debug_info    0x00014bb4      0x396 C:/devkitPro/calico/lib\libcalico_ds9.a(arm-shims.32.o)
 .debug_info    0x00014f4a       0x67 C:/devkitPro/calico/lib\libcalico_ds9.a(arm-cache.32.o)
 .debug_info    0x00014fb1      0x1c1 C:/devkitPro/calico/lib\libcalico_ds9.a(keypad.o)
 .debug_info    0x00015172     0x1b5c C:/devkitPro/calico/lib\libcalico_ds9.a(pm.o)
 .debug_info    0x00016cce       0x3e C:/devkitPro/calico/lib\libcalico_ds9.a(bootstub_arm9.o)
 .debug_info    0x00016d0c       0x5d C:/devkitPro/calico/lib\libcalico_ds9.a(excpt_handler.32.o)
 .debug_info    0x00016d69      0x26a C:/devkitPro/calico/lib\libcalico_ds9.a(touch.o)
 .debug_info    0x00016fd3      0xcb0 C:/devkitPro/calico/lib\libcalico_ds9.a(tick.o)
 .debug_info    0x00017c83      0x865 C:/devkitPro/calico/lib\libcalico_ds9.a(mailbox.o)
 .debug_info    0x000184e8     0x15e3 C:/devkitPro/calico/lib\libcalico_ds9.a(newlib_syscalls.o)
 .debug_info    0x00019acb      0x462 C:/devkitPro/calico/lib\libcalico_ds9.a(startup.crt0.o)
 .debug_info    0x00019f2d       0x3b C:/devkitPro/calico/lib\libcalico_ds9.a(utils.crt0.o)
 .debug_info    0x00019f68       0x33 C:/devkitPro/calico/lib\libcalico_ds9.a(irq_handler.32.o)
 .debug_info    0x00019f9b     0x140d C:/devkitPro/calico/lib\libcalico_ds9.a(pxi.o)
 .debug_info    0x0001b3a8       0x33 C:/devkitPro/calico/lib\libcalico_ds9.a(mpu_setup.crt0.o)
 .debug_info    0x0001b3db      0x4fd C:/devkitPro/calico/lib\libcalico_ds9.a(sys_startup.o)
 .debug_info    0x0001b8d8      0x295 C:/devkitPro/calico/lib\libcalico_ds9.a(irq.o)
 .debug_info    0x0001bb6d     0x10f2 C:/devkitPro/calico/lib\libcalico_ds9.a(mutex.o)

.debug_abbrev   0x00000000     0x5715
 *(.debug_abbrev)
 .debug_abbrev  0x00000000      0x566 main.o
 .debug_abbrev  0x00000566      0x637 C:/devkitPro/libnds/lib\libnds9.a(console.o)
 .debug_abbrev  0x00000b9d      0x4d0 C:/devkitPro/libnds/lib\libnds9.a(gl2d.o)
 .debug_abbrev  0x0000106d      0x274 C:/devkitPro/libnds/lib\libnds9.a(keys.o)
 .debug_abbrev  0x000012e1      0x43e C:/devkitPro/libnds/lib\libnds9.a(sprite.o)
 .debug_abbrev  0x0000171f      0x26d C:/devkitPro/libnds/lib\libnds9.a(trig.o)
 .debug_abbrev  0x0000198c      0x314 C:/devkitPro/libnds/lib\libnds9.a(videoGL_base.o)
 .debug_abbrev  0x00001ca0      0x599 C:/devkitPro/libnds/lib\libnds9.a(videoGL.o)
 .debug_abbrev  0x00002239      0x354 C:/devkitPro/libnds/lib\libnds9.a(background.o)
 .debug_abbrev  0x0000258d      0x158 C:/devkitPro/libnds/lib\libnds9.a(dynamicArray.o)
 .debug_abbrev  0x000026e5      0x3bd C:/devkitPro/libnds/lib\libnds9.a(sprite_alloc.o)
 .debug_abbrev  0x00002aa2       0x91 C:/devkitPro/libnds/lib\libnds9.a(system.o)
 .debug_abbrev  0x00002b33      0x578 C:/devkitPro/calico/lib\libcalico_ds9.a(thread_cold.o)
 .debug_abbrev  0x000030ab      0x36e C:/devkitPro/calico/lib\libcalico_ds9.a(thread_hot.32.o)
 .debug_abbrev  0x00003419       0x26 C:/devkitPro/calico/lib\libcalico_ds9.a(arm-context.32.o)
 .debug_abbrev  0x0000343f      0x1b9 C:/devkitPro/calico/lib\libcalico_ds9.a(arm-shims.32.o)
 .debug_abbrev  0x000035f8       0x26 C:/devkitPro/calico/lib\libcalico_ds9.a(arm-cache.32.o)
 .debug_abbrev  0x0000361e       0xca C:/devkitPro/calico/lib\libcalico_ds9.a(keypad.o)
 .debug_abbrev  0x000036e8      0x686 C:/devkitPro/calico/lib\libcalico_ds9.a(pm.o)
 .debug_abbrev  0x00003d6e       0x26 C:/devkitPro/calico/lib\libcalico_ds9.a(bootstub_arm9.o)
 .debug_abbrev  0x00003d94       0x26 C:/devkitPro/calico/lib\libcalico_ds9.a(excpt_handler.32.o)
 .debug_abbrev  0x00003dba      0x114 C:/devkitPro/calico/lib\libcalico_ds9.a(touch.o)
 .debug_abbrev  0x00003ece      0x32a C:/devkitPro/calico/lib\libcalico_ds9.a(tick.o)
 .debug_abbrev  0x000041f8      0x2a9 C:/devkitPro/calico/lib\libcalico_ds9.a(mailbox.o)
 .debug_abbrev  0x000044a1      0x491 C:/devkitPro/calico/lib\libcalico_ds9.a(newlib_syscalls.o)
 .debug_abbrev  0x00004932      0x1d0 C:/devkitPro/calico/lib\libcalico_ds9.a(startup.crt0.o)
 .debug_abbrev  0x00004b02       0x26 C:/devkitPro/calico/lib\libcalico_ds9.a(utils.crt0.o)
 .debug_abbrev  0x00004b28       0x28 C:/devkitPro/calico/lib\libcalico_ds9.a(irq_handler.32.o)
 .debug_abbrev  0x00004b50      0x43a C:/devkitPro/calico/lib\libcalico_ds9.a(pxi.o)
 .debug_abbrev  0x00004f8a       0x28 C:/devkitPro/calico/lib\libcalico_ds9.a(mpu_setup.crt0.o)
 .debug_abbrev  0x00004fb2      0x1e8 C:/devkitPro/calico/lib\libcalico_ds9.a(sys_startup.o)
 .debug_abbrev  0x0000519a      0x1c2 C:/devkitPro/calico/lib\libcalico_ds9.a(irq.o)
 .debug_abbrev  0x0000535c      0x3b9 C:/devkitPro/calico/lib\libcalico_ds9.a(mutex.o)

.debug_line     0x00000000    0x13231
 *(.debug_line .debug_line.* .debug_line_end)
 .debug_line    0x00000000      0x8a3 main.o
 .debug_line    0x000008a3     0x167e C:/devkitPro/libnds/lib\libnds9.a(console.o)
 .debug_line    0x00001f21     0x3a86 C:/devkitPro/libnds/lib\libnds9.a(gl2d.o)
 .debug_line    0x000059a7      0x459 C:/devkitPro/libnds/lib\libnds9.a(keys.o)
 .debug_line    0x00005e00      0x9ac C:/devkitPro/libnds/lib\libnds9.a(sprite.o)
 .debug_line    0x000067ac      0x788 C:/devkitPro/libnds/lib\libnds9.a(trig.o)
 .debug_line    0x00006f34      0xa91 C:/devkitPro/libnds/lib\libnds9.a(videoGL_base.o)
 .debug_line    0x000079c5     0x251b C:/devkitPro/libnds/lib\libnds9.a(videoGL.o)
 .debug_line    0x00009ee0      0x63d C:/devkitPro/libnds/lib\libnds9.a(background.o)
 .debug_line    0x0000a51d      0x27d C:/devkitPro/libnds/lib\libnds9.a(dynamicArray.o)
 .debug_line    0x0000a79a     0x1bf2 C:/devkitPro/libnds/lib\libnds9.a(sprite_alloc.o)
 .debug_line    0x0000c38c      0x197 C:/devkitPro/libnds/lib\libnds9.a(system.o)
 .debug_line    0x0000c523      0xe43 C:/devkitPro/calico/lib\libcalico_ds9.a(thread_cold.o)