Archive member included to satisfy reference by file (symbol)

/opt/devkitpro/libnds/lib/libnds9.a(console.o)
                              main.o (consoleDemoInit)
/opt/devkitpro/libnds/lib/libnds9.a(gl2d.o)
                              main.o (glScreen2D)
/opt/devkitpro/libnds/lib/libnds9.a(keys.o)
                              main.o (scanKeys)
/opt/devkitpro/libnds/lib/libnds9.a(sprite.o)
                              main.o (oamInit)
/opt/devkitpro/libnds/lib/libnds9.a(trig.o)
                              /opt/devkitpro/libnds/lib/libnds9.a(gl2d.o) (sinLerp)
/opt/devkitpro/libnds/lib/libnds9.a(videoGL_base.o)
                              /opt/devkitpro/libnds/lib/libnds9.a(gl2d.o) (glMaterialf)
/opt/devkitpro/libnds/lib/libnds9.a(videoGL.o)
                              /opt/devkitpro/libnds/lib/libnds9.a(gl2d.o) (glGenTextures)
/opt/devkitpro/libnds/lib/libnds9.a(default_font.bin.o)
                              /opt/devkitpro/libnds/lib/libnds9.a(console.o) (default_font_bin)
/opt/devkitpro/libnds/lib/libnds9.a(background.o)
                              /opt/devkitpro/libnds/lib/libnds9.a(console.o) (bgState)
/opt/devkitpro/libnds/lib/libnds9.a(dynamicArray.o)
                              /opt/devkitpro/libnds/lib/libnds9.a(videoGL.o) (DynamicArrayInit)
/opt/devkitpro/libnds/lib/libnds9.a(sprite_alloc.o)
                              /opt/devkitpro/libnds/lib/libnds9.a(sprite.o) (oamAllocReset)
/opt/devkitpro/libnds/lib/libnds9.a(system.o)
                              /opt/devkitpro/libnds/lib/libnds9.a(videoGL_base.o) (powerOn)
/opt/devkitpro/libnds/lib/libnds9.a(video.o)
                              /opt/devkitpro/libnds/lib/libnds9.a(videoGL.o) (vramSetBanks_EFG)
/opt/devkitpro/calico/lib/libcalico_ds9.a(thread_cold.o)
                              main.o (threadIrqWait)
/opt/devkitpro/calico/lib/libcalico_ds9.a(thread_hot.32.o)
                              /opt/devkitpro/calico/lib/libcalico_ds9.a(thread_cold.o) (__sched_state)
/opt/devkitpro/calico/lib/libcalico_ds9.a(arm-copy-fill.32.o)
                              /opt/devkitpro/calico/lib/libcalico_ds9.a(thread_cold.o) (armCopyMem32)
/opt/devkitpro/calico/lib/libcalico_ds9.a(arm-context.32.o)
                              /opt/devkitpro/calico/lib/libcalico_ds9.a(thread_cold.o) (armContextSave)
/opt/devkitpro/calico/lib/libcalico_ds9.a(arm-shims.32.o)
                              /opt/devkitpro/calico/lib/libcalico_ds9.a(thread_cold.o) (armWaitForIrq)
/opt/devkitpro/calico/lib/libcalico_ds9.a(arm-cache.32.o)
                              /opt/devkitpro/libnds/lib/libnds9.a(sprite.o) (armDCacheFlush)
/opt/devkitpro/calico/lib/libcalico_ds9.a(bios.o)
                              /opt/devkitpro/libnds/lib/libnds9.a(videoGL.o) (svcCpuSet)
/opt/devkitpro/calico/lib/libcalico_ds9.a(keypad.o)
                              /opt/devkitpro/libnds/lib/libnds9.a(keys.o) (keypadGetState)
/opt/devkitpro/calico/lib/libcalico_ds9.a(pm.o)
                              main.o (pmMainLoop)
/opt/devkitpro/calico/lib/libcalico_ds9.a(bootstub_arm9.o)
                              (__ds9_bootstub)
/opt/devkitpro/calico/lib/libcalico_ds9.a(excpt_handler.32.o)
                              /opt/devkitpro/calico/lib/libcalico_ds9.a(bootstub_arm9.o) (__arm_excpt_rst)
/opt/devkitpro/calico/lib/libcalico_ds9.a(touch.o)
                              main.o (touchRead)
/opt/devkitpro/calico/lib/libcalico_ds9.a(tick.o)
                              /opt/devkitpro/calico/lib/libcalico_ds9.a(thread_cold.o) (tickTaskStart)
/opt/devkitpro/calico/lib/libcalico_ds9.a(mailbox.o)
                              /opt/devkitpro/calico/lib/libcalico_ds9.a(pm.o) (mailboxRecv)
/opt/devkitpro/calico/lib/libcalico_ds9.a(newlib_syscalls.o)
                              /opt/devkitpro/calico/lib/libcalico_ds9.a(bootstub_arm9.o) (__newlib_syscalls)
/opt/devkitpro/calico/lib/libcalico_ds9.a(startup.crt0.o)
                              /opt/devkitpro/calico/lib/libcalico_ds9.a(bootstub_arm9.o) (crt0Startup)
/opt/devkitpro/calico/lib/libcalico_ds9.a(utils.crt0.o)
                              /opt/devkitpro/calico/lib/libcalico_ds9.a(startup.crt0.o) (crt0CopyMem32)
/opt/devkitpro/calico/lib/libcalico_ds9.a(irq_handler.32.o)
                              /opt/devkitpro/calico/lib/libcalico_ds9.a(bootstub_arm9.o) (__arm_excpt_irq)
/opt/devkitpro/calico/lib/libcalico_ds9.a(pxi.o)
                              /opt/devkitpro/calico/lib/libcalico_ds9.a(startup.crt0.o) (_pxiInit)
/opt/devkitpro/calico/lib/libcalico_ds9.a(mpu_setup.crt0.o)
                              /opt/devkitpro/calico/lib/libcalico_ds9.a(startup.crt0.o) (crt0SetupMPU)
/opt/devkitpro/calico/lib/libcalico_ds9.a(sys_startup.o)
                              /opt/devkitpro/calico/lib/libcalico_ds9.a(startup.crt0.o) (systemStartup)
/opt/devkitpro/calico/lib/libcalico_ds9.a(irq.o)
                              /opt/devkitpro/calico/lib/libcalico_ds9.a(tick.o) (irqSet)
/opt/devkitpro/calico/lib/libcalico_ds9.a(mutex.o)
[...]
Memory Configuration

Name             Origin             Length             Attributes
lma9             0x02004000         0x0027c000
lma9i            0x02400000         0x00280000
vectors          0x00000000         0x00000020
itcm             0x01ff8020         0x00007fe0
main             0x02001000         0x00f7f000
dtcm             0x02ff0000         0x00003e80
dldi             0x0380b000         0x00004000
stub             0x0e000000         0x00004000
tls              0x00000000         0x00000400
*default*        0x00000000         0xffffffff

Linker script and memory map

                0x00000000                        __sync_synchronize = __sync_synchronize_none
LOAD /opt/devkitpro/devkitARM/bin/../lib/gcc/arm-none-eabi/14.2.0/thumb/crti.o
LOAD /opt/devkitpro/devkitARM/bin/../lib/gcc/arm-none-eabi/14.2.0/thumb/crtbegin.o
LOAD main.o
LOAD /opt/devkitpro/libnds/lib/libnds9.a
LOAD /opt/devkitpro/calico/lib/libcalico_ds9.a
LOAD /opt/devkitpro/devkitARM/bin/../lib/gcc/arm-none-eabi/14.2.0/../../../../arm-none-eabi/lib/thumb/libstdc++.a
LOAD /opt/devkitpro/devkitARM/bin/../lib/gcc/arm-none-eabi/14.2.0/../../../../arm-none-eabi/lib/thumb/libm.a
START GROUP
LOAD /opt/devkitpro/devkitARM/bin/../lib/gcc/arm-none-eabi/14.2.0/thumb/libgcc.a
LOAD /opt/devkitpro/devkitARM/bin/../lib/gcc/arm-none-eabi/14.2.0/../../../../arm-none-eabi/lib/thumb/libg.a
LOAD /opt/devkitpro/devkitARM/bin/../lib/gcc/arm-none-eabi/14.2.0/../../../../arm-none-eabi/lib/thumb/libc.a
LOAD /opt/devkitpro/devkitARM/bin/../lib/gcc/arm-none-eabi/14.2.0/../../../../arm-none-eabi/lib/thumb/libsysbase.a
END GROUP
LOAD /opt/devkitpro/devkitARM/bin/../lib/gcc/arm-none-eabi/14.2.0/thumb/crtend.o
LOAD /opt/devkitpro/devkitARM/bin/../lib/gcc/arm-none-eabi/14.2.0/thumb/crtn.o
                0x02ff3e80                        PROVIDE (__sp_usr = (ORIGIN (dtcm) + LENGTH (dtcm)))
                0x02ff3f80                        PROVIDE (__sp_irq = (__sp_usr + 0x100))
                0x02ff3fc0                        PROVIDE (__sp_svc = (__sp_irq + 0x40))
                0x02ff3ff8                        PROVIDE (__irq_flags = (__sp_svc + 0x38))
                [!provide]                        PROVIDE (__irq_vector = (__sp_svc + 0x3c))
                [!provide]                        PROVIDE (__arm_excpt_rst = 0xffff0000)
                [!provide]                        PROVIDE (__arm_excpt_und = 0xffff0004)
                0xffff0008                        PROVIDE (__arm_excpt_svc = 0xffff0008)
                [!provide]                        PROVIDE (__arm_excpt_pabt = 0xffff000c)
                [!provide]                        PROVIDE (__arm_excpt_dabt = 0xffff0010)
                [!provide]                        PROVIDE (__arm_excpt_irq = 0xffff0018)
                [!provide]                        PROVIDE (__arm_excpt_fiq = 0xffff001c)
                0x00000000                        PROVIDE (__end__ = 0x0)

.secure         0x0e000000      0x800 load address 0x02004000
                0x0e0007fc                        . = (. + 0x7fc)
 *fill*         0x0e000000      0x7fc 00000000
                0x0e0007fc        0x4 LONG 0x0

.bootstub       0x0e000800      0x190 load address 0x02004800
 *(.bootstub .bootstub.*)
 .bootstub.__ds9_bootstub
                0x0e000800      0x190 /opt/devkitpro/calico/lib/libcalico_ds9.a(bootstub_arm9.o)
                0x0e000800                __ds9_bootstub
                0x0e000990                        . = ALIGN (0x4)

.crt0           0x02001000      0x360 load address 0x02004990
 *(.crt0 .crt0.*)
 .crt0.__ds9_bootstub_trampoline
                0x02001000       0x20 /opt/devkitpro/calico/lib/libcalico_ds9.a(bootstub_arm9.o)
 *.crt0.*(.text .stub .text.* .gnu.linkonce.t.*)
 .text.crt0ProcessLoadList
                0x02001020       0x74 /opt/devkitpro/calico/lib/libcalico_ds9.a(startup.crt0.o)
                0x02001020                crt0ProcessLoadList
 .text.crt0Startup
                0x02001094      0x150 /opt/devkitpro/calico/lib/libcalico_ds9.a(startup.crt0.o)
                0x02001094                crt0Startup
 .text.crt0CopyMem32
                0x020011e4       0x4c /opt/devkitpro/calico/lib/libcalico_ds9.a(utils.crt0.o)
                0x020011e4                crt0CopyMem32
 .text.crt0FillMem32
                0x02001230       0x58 /opt/devkitpro/calico/lib/libcalico_ds9.a(utils.crt0.o)
                0x02001230                crt0FillMem32
 .text.crt0SetupMPU
                0x02001288       0xb4 /opt/devkitpro/calico/lib/libcalico_ds9.a(mpu_setup.crt0.o)
                0x02001288                crt0SetupMPU
 *fill*         0x0200133c        0x4 ff
 .text.crt0SetupMPU.__stub
                0x02001340        0x8 linker stubs
 *.crt0.*(.glue_7t .glue_7 .vfp11_veneer .v4_bx)
 *.crt0.*(.rodata .rodata.* .gnu.linkonce.r.*)
 *.crt0.*(.rodata1)
                0x02001360                        . = ALIGN (0x20)
 *fill*         0x02001348       0x18 ff
                0x02004990                        PROVIDE (__crt0_lma = LOADADDR (.crt0))
                0x02001000                        PROVIDE (__crt0_start = ADDR (.crt0))
                0x02001360                        PROVIDE (__crt0_end = (ADDR (.crt0) + SIZEOF (.crt0)))
                0x00000001                        ASSERT (((__crt0_end <= LOADADDR (.bootstub)) || (__crt0_start >= (LOADADDR (.bootstub) + SIZEOF (.bootstub)))), Error: crt0 section overlaps initial bootstrap)

.dldi           0x0380b000        0x0 load address 0x02004cf0
 *(.dldi)
                0x00000000                        PROVIDE (__dldi_lma = SIZEOF (.dldi)?LOADADDR (.dldi):0x0)

.vectors        0x00000000       0x20 load address 0x02004cf0
 *(.vectors)
 .vectors       0x00000000       0x20 /opt/devkitpro/calico/lib/libcalico_ds9.a(bootstub_arm9.o)

.itcm           0x01ff8020      0x6a8 load address 0x02004d10
 *(.itcm .itcm.*)
 .itcm          0x01ff8020       0x30 /opt/devkitpro/calico/lib/libcalico_ds9.a(bootstub_arm9.o)
                0x01ff8038                __excpt_vectors
 *.itcm.*(.text .stub .text.* .gnu.linkonce.t.*)
 *.32.o(.text .stub .text.* .gnu.linkonce.t.*)
 .text.threadReschedule
                0x01ff8050       0x88 /opt/devkitpro/calico/lib/libcalico_ds9.a(thread_hot.32.o)
 .text.threadBlock
                0x01ff80d8       0xd4 /opt/devkitpro/calico/lib/libcalico_ds9.a(thread_hot.32.o)
                0x01ff80d8                threadBlock
 .text.threadUnblockOneByValue
                0x01ff81ac       0xc0 /opt/devkitpro/calico/lib/libcalico_ds9.a(thread_hot.32.o)
                0x01ff81ac                threadUnblockOneByValue
 .text.threadUnblockAllByValue
                0x01ff826c      0x144 /opt/devkitpro/calico/lib/libcalico_ds9.a(thread_hot.32.o)
                0x01ff826c                threadUnblockAllByValue
 .text.threadUnblockAllByMask
                0x01ff83b0      0x134 /opt/devkitpro/calico/lib/libcalico_ds9.a(thread_hot.32.o)
                0x01ff83b0                threadUnblockAllByMask
 .text.armContextSave
                0x01ff84e4       0x2c /opt/devkitpro/calico/lib/libcalico_ds9.a(arm-context.32.o)
                0x01ff84e4                armContextSave
 .text.armContextLoad
                0x01ff8510       0x20 /opt/devkitpro/calico/lib/libcalico_ds9.a(arm-context.32.o)
                0x01ff8510                armContextLoad
                0x01ff8514                armContextLoadFromSvc
 .text.armWaitForIrq
                0x01ff8530        0x8 /opt/devkitpro/calico/lib/libcalico_ds9.a(arm-shims.32.o)
                0x01ff8530                armWaitForIrq
 .text.armDrainWriteBuffer
                0x01ff8538        0xc /opt/devkitpro/calico/lib/libcalico_ds9.a(arm-cache.32.o)
                0x01ff8538                armDrainWriteBuffer
 .text.armDCacheFlushAll
                0x01ff8544       0x28 /opt/devkitpro/calico/lib/libcalico_ds9.a(arm-cache.32.o)
                0x01ff8544                armDCacheFlushAll
 .text.armDCacheFlush
                0x01ff856c       0x1c /opt/devkitpro/calico/lib/libcalico_ds9.a(arm-cache.32.o)
                0x01ff856c                armDCacheFlush
 .text.armICacheInvalidateAll
                0x01ff8588        0xc /opt/devkitpro/calico/lib/libcalico_ds9.a(arm-cache.32.o)
                0x01ff8588                armICacheInvalidateAll
 .text.__excpt_entry
                0x01ff8594       0x50 /opt/devkitpro/calico/lib/libcalico_ds9.a(excpt_handler.32.o)
                0x01ff8594                __arm_excpt_rst
                0x01ff8598                __arm_excpt_pabt
                0x01ff859c                __arm_excpt_und
                0x01ff85a8                __arm_excpt_dabt
 .text.__arm_excpt_irq
                0x01ff85e4       0xe4 /opt/devkitpro/calico/lib/libcalico_ds9.a(irq_handler.32.o)
                0x01ff85e4                __arm_excpt_irq
 *.itcm.*(.glue_7t .glue_7 .vfp11_veneer .v4_bx)
 *.32.o(.glue_7t .glue_7 .vfp11_veneer .v4_bx)
 *.itcm.*(.rodata .rodata.* .gnu.linkonce.r.*)
 *.32.o(.rodata .rodata.* .gnu.linkonce.r.*)
 *.itcm.*(.rodata1)
 *.32.o(.rodata1)
                0x01ff86c8                        . = ALIGN (0x4)
                0x02004cf0                        PROVIDE (__itcm_lma = LOADADDR (.vectors))
                0x01ff8000                        PROVIDE (__itcm_start = (ADDR (.itcm) - SIZEOF (.vectors)))
                0x01ff86c8                        PROVIDE (__itcm_end = (ADDR (.itcm) + SIZEOF (.itcm)))
                0x00000001                        ASSERT (((__itcm_lma + SIZEOF (.vectors)) == LOADADDR (.itcm)), Error: gap between vectors and itcm)

.dtcm           0x02ff0000        0x0 load address 0x020053b8
 *(.dtcm .dtcm.*)
 *.32.o(.data .data.* .gnu.linkonce.d.*)
 *.32.o(.data1)
                0x02ff0000                        . = ALIGN (0x4)
                [!provide]                        PROVIDE (__dtcm_lma = LOADADDR (.dtcm))
                0x02ff0000                        PROVIDE (__dtcm_start = ADDR (.dtcm))
                0x02ff0000                        PROVIDE (__dtcm_end = (ADDR (.dtcm) + SIZEOF (.dtcm)))

.dtcm.bss       0x02ff0000       0x98 load address 0x020053b8
 *(.sbss .sbss.*)
 *.32.o(.dynbss)
 *.32.o(.bss .bss.* .gnu.linkonce.b.*)
 .bss.__irq_table
                0x02ff0000       0x80 /opt/devkitpro/calico/lib/libcalico_ds9.a(thread_hot.32.o)
                0x02ff0000                __irq_table
 .bss.__sched_state
                0x02ff0080       0x18 /opt/devkitpro/calico/lib/libcalico_ds9.a(thread_hot.32.o)
                0x02ff0080                __sched_state
 *.32.o(COMMON)
                0x02ff0098                        . = ALIGN (0x4)
                [!provide]                        PROVIDE (__dtcm_bss_start = ADDR (.dtcm.bss))
                0x02ff0098                        PROVIDE (__dtcm_bss_end = (ADDR (.dtcm.bss) + SIZEOF (.dtcm.bss)))

.main           0x02001360     0xf3a8 load address 0x020053b8
 *(SORT_NONE(.init))
 .init          0x02001360        0x4 /opt/devkitpro/devkitARM/bin/../lib/gcc/arm-none-eabi/14.2.0/thumb/crti.o
                0x02001360                _init
 .init          0x02001364        0x8 /opt/devkitpro/devkitARM/bin/../lib/gcc/arm-none-eabi/14.2.0/thumb/crtn.o
 EXCLUDE_FILE(*.twl.*) *(.text.unlikely .text.*_unlikely .text.unlikely.*)
 EXCLUDE_FILE(*.twl.*) *(.text.exit .text.exit.*)
 .text.exit     0x0200136c       0x24 /opt/devkitpro/devkitARM/bin/../lib/gcc/arm-none-eabi/14.2.0/../../../../arm-none-eabi/lib/thumb/libg.a(libc_a-exit.o)
                0x0200136c                exit
 EXCLUDE_FILE(*.twl.*) *(.text.startup .text.startup.*)
 .text.startup.main
                0x02001390       0xc8 main.o
                0x02001390                main
 EXCLUDE_FILE(*.twl.*) *(.text.hot .text.hot.*)
 EXCLUDE_FILE(*.twl.*) *(.text .iplt .stub .text.* .gnu.linkonce.t.*)
 .text.__do_global_dtors_aux
                0x02001458       0x2c /opt/devkitpro/devkitARM/bin/../lib/gcc/arm-none-eabi/14.2.0/thumb/crtbegin.o
 .text.frame_dummy
                0x02001484       0x24 /opt/devkitpro/devkitARM/bin/../lib/gcc/arm-none-eabi/14.2.0/thumb/crtbegin.o
 .iplt          0x020014a8        0x0 /opt/devkitpro/devkitARM/bin/../lib/gcc/arm-none-eabi/14.2.0/thumb/crtbegin.o
 .text._Z9drawStagei.part.0
                0x020014a8       0x58 main.o
 .text._Z14checkCollisionR3Pos
                0x02001500       0x5c main.o
                0x02001500                checkCollision(Pos&)
 .text._Z9drawFrameR3PosS0_iR9TouchDataRi
                0x0200155c      0x264 main.o
                0x0200155c                drawFrame(Pos&, Pos&, int, TouchData&, int&)
 .text.newRow   0x020017c0       0xdc /opt/devkitpro/libnds/lib/libnds9.a(console.o)
 .text.consolePrintChar
                0x0200189c       0xe0 /opt/devkitpro/libnds/lib/libnds9.a(console.o)
                0x0200189c                consolePrintChar
 .text.con_write
                0x0200197c      0x320 /opt/devkitpro/libnds/lib/libnds9.a(console.o)
                0x0200197c                con_write
 .text.consoleLoadFont
                0x02001c9c      0x314 /opt/devkitpro/libnds/lib/libnds9.a(console.o)
                0x02001c9c                consoleLoadFont
 .text.consoleInit
                0x02001fb0      0x18c /opt/devkitpro/libnds/lib/libnds9.a(console.o)
                0x02001fb0                consoleInit
 .text.consoleDemoInit
                0x0200213c       0x40 /opt/devkitpro/libnds/lib/libnds9.a(console.o)
                0x0200213c                consoleDemoInit
 .text.SetOrtho
                0x0200217c      0x184 /opt/devkitpro/libnds/lib/libnds9.a(gl2d.o)
                0x0200217c                SetOrtho
 .text.glScreen2D
                0x02002300      0x53c /opt/devkitpro/libnds/lib/libnds9.a(gl2d.o)
                0x02002300                glScreen2D
 .text.glBegin2D
                0x0200283c       0x84 /opt/devkitpro/libnds/lib/libnds9.a(gl2d.o)
                0x0200283c                glBegin2D
 .text.glEnd2D  0x020028c0       0x1c /opt/devkitpro/libnds/lib/libnds9.a(gl2d.o)
                0x020028c0                glEnd2D
 .text.glLine   0x020028dc       0x88 /opt/devkitpro/libnds/lib/libnds9.a(gl2d.o)
                0x020028dc                glLine
 .text.glBoxFilled
                0x02002964       0x98 /opt/devkitpro/libnds/lib/libnds9.a(gl2d.o)
                0x02002964                glBoxFilled
 .text.scanKeys
                0x020029fc       0x6c /opt/devkitpro/libnds/lib/libnds9.a(keys.o)
                0x020029fc                scanKeys
 .text.keysHeld
                0x02002a68        0xc /opt/devkitpro/libnds/lib/libnds9.a(keys.o)
                0x02002a68                keysHeld
 .text.oamInit  0x02002a74      0x138 /opt/devkitpro/libnds/lib/libnds9.a(sprite.o)
                0x02002a74                oamInit
 .text.sinLutLookup
                0x02002bac       0x4c /opt/devkitpro/libnds/lib/libnds9.a(trig.o)
                0x02002bac                sinLutLookup
 .text.sinLerp  0x02002bf8       0x38 /opt/devkitpro/libnds/lib/libnds9.a(trig.o)
                0x02002bf8                sinLerp
 .text.cosLerp  0x02002c30       0x48 /opt/devkitpro/libnds/lib/libnds9.a(trig.o)
                0x02002c30                cosLerp
 .text.tanLerp  0x02002c78       0xb0 /opt/devkitpro/libnds/lib/libnds9.a(trig.o)
                0x02002c78                tanLerp
 .text.glMaterialf
                0x02002d28       0x7c /opt/devkitpro/libnds/lib/libnds9.a(videoGL_base.o)
                0x02002d28                glMaterialf
 .text.glInit   0x02002da4       0xdc /opt/devkitpro/libnds/lib/libnds9.a(videoGL_base.o)
                0x02002da4                glInit
 .text.vramBlock_init
                0x02002e80       0x5c /opt/devkitpro/libnds/lib/libnds9.a(videoGL.o)
                0x02002e80                vramBlock_init
 .text._glInitGlobals
                0x02002edc       0xc8 /opt/devkitpro/libnds/lib/libnds9.a(videoGL.o)
                0x02002edc                _glInitGlobals
 .text.glBindTexture
                0x02002fa4       0x5c /opt/devkitpro/libnds/lib/libnds9.a(videoGL.o)
                0x02002fa4                glBindTexture
 .text.checkIfText
                0x02003000       0x6c /opt/devkitpro/libnds/lib/libnds9.a(background.o)
                0x02003000                checkIfText
 .text.bgUpdate
                0x0200306c       0xf4 /opt/devkitpro/libnds/lib/libnds9.a(background.o)
                0x0200306c                bgUpdate
 .text.bgInit_call
                0x02003160       0xb0 /opt/devkitpro/libnds/lib/libnds9.a(background.o)
                0x02003160                bgInit_call
 .text.bgInitSub_call
                0x02003210       0xb8 /opt/devkitpro/libnds/lib/libnds9.a(background.o)
                0x02003210                bgInitSub_call
 .text.DynamicArrayInit
                0x020032c8       0x18 /opt/devkitpro/libnds/lib/libnds9.a(dynamicArray.o)
                0x020032c8                DynamicArrayInit
 .text.DynamicArrayGet
                0x020032e0       0x18 /opt/devkitpro/libnds/lib/libnds9.a(dynamicArray.o)
                0x020032e0                DynamicArrayGet
 .text.DynamicArraySet
                0x020032f8       0x48 /opt/devkitpro/libnds/lib/libnds9.a(dynamicArray.o)
                0x020032f8                DynamicArraySet
 .text.oamAllocReset
                0x02003340       0x1c /opt/devkitpro/libnds/lib/libnds9.a(sprite_alloc.o)
                0x02003340                oamAllocReset
 .text.powerOn  0x0200335c       0x18 /opt/devkitpro/libnds/lib/libnds9.a(system.o)
                0x0200335c                powerOn
 .text.threadExit
                0x02003374       0x98 /opt/devkitpro/calico/lib/libcalico_ds9.a(thread_cold.o)
                0x02003374                threadExit
 .text._threadTickTask
                0x0200340c       0x10 /opt/devkitpro/calico/lib/libcalico_ds9.a(thread_cold.o)
 .text._threadInit
                0x0200341c       0x98 /opt/devkitpro/calico/lib/libcalico_ds9.a(thread_cold.o)
                0x0200341c                _threadInit
 .text.threadPrepare
                0x020034b4       0x98 /opt/devkitpro/calico/lib/libcalico_ds9.a(thread_cold.o)
                0x020034b4                threadPrepare
 .text.threadStart
                0x0200354c       0xc0 /opt/devkitpro/calico/lib/libcalico_ds9.a(thread_cold.o)
                0x0200354c                threadStart
 .text.threadIrqWait
                0x0200360c       0x98 /opt/devkitpro/calico/lib/libcalico_ds9.a(thread_cold.o)
                0x0200360c                threadIrqWait
 .text.threadSleepTicks
                0x020036a4       0x58 /opt/devkitpro/calico/lib/libcalico_ds9.a(thread_cold.o)
                0x020036a4                threadSleepTicks
 .text.keypadGetState
                0x020036fc       0x28 /opt/devkitpro/calico/lib/libcalico_ds9.a(keypad.o)
                0x020036fc                keypadGetState
 .text._pmCallEventHandlers
                0x02003724       0x40 /opt/devkitpro/calico/lib/libcalico_ds9.a(pm.o)
 .text._pmPxiThreadMain
                0x02003764       0xa0 /opt/devkitpro/calico/lib/libcalico_ds9.a(pm.o)
 .text._pmResetPxiHandler
                0x02003804       0x28 /opt/devkitpro/calico/lib/libcalico_ds9.a(pm.o)
 .text.systemUserExit
                0x0200382c        0x4 /opt/devkitpro/calico/lib/libcalico_ds9.a(pm.o)
                0x0200382c                systemUserExit
 .text.systemErrorExit
                0x02003830        0x4 /opt/devkitpro/calico/lib/libcalico_ds9.a(pm.o)
                0x02003830                systemErrorExit
 .text.__syscall_exit
                0x02003834      0x138 /opt/devkitpro/calico/lib/libcalico_ds9.a(pm.o)
                0x02003834                __syscall_exit
 .text.pmInit   0x0200396c       0x58 /opt/devkitpro/calico/lib/libcalico_ds9.a(pm.o)
                0x0200396c                pmInit
 .text.pmEnterSleep
                0x020039c4       0xcc /opt/devkitpro/calico/lib/libcalico_ds9.a(pm.o)
                0x020039c4                pmEnterSleep
 .text.pmMainLoop
                0x02003a90       0x60 /opt/devkitpro/calico/lib/libcalico_ds9.a(pm.o)
                0x02003a90                pmMainLoop
 .text.touchRead
                0x02003af0       0x58 /opt/devkitpro/calico/lib/libcalico_ds9.a(touch.o)
                0x02003af0                touchRead
 .text._tickCountIsr
                0x02003b48       0x1c /opt/devkitpro/calico/lib/libcalico_ds9.a(tick.o)
 .text._tickTaskSchedule.part.0.isra.0
                0x02003b64       0x98 /opt/devkitpro/calico/lib/libcalico_ds9.a(tick.o)
 .text.tickInit
                0x02003bfc       0x8c /opt/devkitpro/calico/lib/libcalico_ds9.a(tick.o)
                0x02003bfc                tickInit
 .text.tickGetCount
                0x02003c88       0x6c /opt/devkitpro/calico/lib/libcalico_ds9.a(tick.o)
                0x02003c88                tickGetCount
 .text._tickTaskIsr
                0x02003cf4      0x110 /opt/devkitpro/calico/lib/libcalico_ds9.a(tick.o)
 .text.tickTaskStart
                0x02003e04      0x11c /opt/devkitpro/calico/lib/libcalico_ds9.a(tick.o)
                0x02003e04                tickTaskStart
 .text.mailboxTrySend
                0x02003f20       0x9c /opt/devkitpro/calico/lib/libcalico_ds9.a(mailbox.o)
                0x02003f20                mailboxTrySend
 .text.mailboxRecv
                0x02003fbc       0x8c /opt/devkitpro/calico/lib/libcalico_ds9.a(mailbox.o)
                0x02003fbc                mailboxRecv
 .text.__syscall_getreent
                0x02004048       0x14 /opt/devkitpro/calico/lib/libcalico_ds9.a(newlib_syscalls.o)
                0x02004048                __syscall_getreent
 .text.__errno  0x0200405c       0x24 /opt/devkitpro/calico/lib/libcalico_ds9.a(newlib_syscalls.o)
                0x0200405c                __errno
 .text.__syscall_lock_acquire
                0x02004080        0x4 /opt/devkitpro/calico/lib/libcalico_ds9.a(newlib_syscalls.o)
                0x02004080                __syscall_lock_acquire
 .text.__syscall_lock_release
                0x02004084        0x4 /opt/devkitpro/calico/lib/libcalico_ds9.a(newlib_syscalls.o)
                0x02004084                __syscall_lock_release
 .text.__syscall_lock_acquire_recursive
                0x02004088       0x40 /opt/devkitpro/calico/lib/libcalico_ds9.a(newlib_syscalls.o)
                0x02004088                __syscall_lock_acquire_recursive
 .text.__syscall_lock_release_recursive
                0x020040c8       0x18 /opt/devkitpro/calico/lib/libcalico_ds9.a(newlib_syscalls.o)
                0x020040c8                __syscall_lock_release_recursive
 .text._pxiMailboxHandler
                0x020040e0        0x4 /opt/devkitpro/calico/lib/libcalico_ds9.a(pxi.o)
 .text._pxiRecvUnhandled
                0x020040e4        0x4 /opt/devkitpro/calico/lib/libcalico_ds9.a(pxi.o)
                0x020040e4                _pxiRecvUnhandled
 .text._pxiRecvIrqHandler
                0x020040e8      0x154 /opt/devkitpro/calico/lib/libcalico_ds9.a(pxi.o)
 .text._pxiInit
                0x0200423c       0x58 /opt/devkitpro/calico/lib/libcalico_ds9.a(pxi.o)
                0x0200423c                _pxiInit
 .text.pxiSetHandler
                0x02004294       0x74 /opt/devkitpro/calico/lib/libcalico_ds9.a(pxi.o)
                0x02004294                pxiSetHandler
 .text.pxiSetMailbox
                0x02004308       0x68 /opt/devkitpro/calico/lib/libcalico_ds9.a(pxi.o)
                0x02004308                pxiSetMailbox
 .text.pxiWaitRemote
                0x02004370       0x38 /opt/devkitpro/calico/lib/libcalico_ds9.a(pxi.o)
                0x02004370                pxiWaitRemote
 .text.pxiSendPacket
                0x020043a8       0x50 /opt/devkitpro/calico/lib/libcalico_ds9.a(pxi.o)
                0x020043a8                pxiSendPacket
 .text.systemUserStartup
                0x020043f8        0x4 /opt/devkitpro/calico/lib/libcalico_ds9.a(sys_startup.o)
                0x020043f8                systemUserStartup
 .text.systemStartup
                0x020043fc      0x104 /opt/devkitpro/calico/lib/libcalico_ds9.a(sys_startup.o)
                0x020043fc                systemStartup
 .text.irqSet   0x02004500       0x64 /opt/devkitpro/calico/lib/libcalico_ds9.a(irq.o)
                0x02004500                irqSet
 .text.threadUpdateDynamicPrio
                0x02004564      0x1c4 /opt/devkitpro/calico/lib/libcalico_ds9.a(mutex.o)
 .text.threadRemoveWaiter
                0x02004728      0x1a8 /opt/devkitpro/calico/lib/libcalico_ds9.a(mutex.o)
 .text.mutexLock
                0x020048d0      0x144 /opt/devkitpro/calico/lib/libcalico_ds9.a(mutex.o)
                0x020048d0                mutexLock
 .text.mutexUnlock
                0x02004a14       0xbc /opt/devkitpro/calico/lib/libcalico_ds9.a(mutex.o)
                0x02004a14                mutexUnlock
 .text          0x02004ad0      0x150 /opt/devkitpro/devkitARM/bin/../lib/gcc/arm-none-eabi/14.2.0/thumb/libgcc.a(_divsi3.o)
                0x02004ad0                __aeabi_idiv
                0x02004ad0                __divsi3
                0x02004c00                __aeabi_idivmod
 .text          0x02004c20        0x4 /opt/devkitpro/devkitARM/bin/../lib/gcc/arm-none-eabi/14.2.0/thumb/libgcc.a(_dvmd_tls.o)
                0x02004c20                __aeabi_ldiv0
                0x02004c20                __aeabi_idiv0
 .text          0x02004c24      0x424 /opt/devkitpro/devkitARM/bin/../lib/gcc/arm-none-eabi/14.2.0/thumb/libgcc.a(_arm_addsubdf3.o)
                0x02004c24                __aeabi_drsub
                0x02004c2c                __subdf3
                0x02004c2c                __aeabi_dsub
                0x02004c30                __aeabi_dadd
                0x02004c30                __adddf3
                0x02004f40                __aeabi_ui2d
                0x02004f40                __floatunsidf
                0x02004f64                __floatsidf
                0x02004f64                __aeabi_i2d
                0x02004f8c                __extendsfdf2
                0x02004f8c                __aeabi_f2d
                0x02004fd4                __aeabi_ul2d
                0x02004fd4                __floatundidf
                0x02004fe8                __aeabi_l2d
                0x02004fe8                __floatdidf
 .text          0x02005048       0x5c /opt/devkitpro/devkitARM/bin/../lib/gcc/arm-none-eabi/14.2.0/thumb/libgcc.a(_arm_fixdfsi.o)
                0x02005048                __fixdfsi
                0x02005048                __aeabi_d2iz
 .text          0x020050a4       0x3c /opt/devkitpro/devkitARM/bin/../lib/gcc/arm-none-eabi/14.2.0/thumb/libgcc.a(_aeabi_uldivmod.o)
                0x020050a4                __aeabi_uldivmod
 .text.__muldi3
                0x020050e0       0x64 /opt/devkitpro/devkitARM/bin/../lib/gcc/arm-none-eabi/14.2.0/thumb/libgcc.a(_muldi3.o)
                0x020050e0                __aeabi_lmul
                0x020050e0                __muldi3
 .text.__udivmoddi4
                0x02005144      0x19c /opt/devkitpro/devkitARM/bin/../lib/gcc/arm-none-eabi/14.2.0/thumb/libgcc.a(_udivmoddi4.o)
                0x02005144                __udivmoddi4
 .text          0x020052e0       0x28 /opt/devkitpro/devkitARM/bin/../lib/gcc/arm-none-eabi/14.2.0/thumb/libgcc.a(_clzdi2.o)
                0x020052e0                __clzdi2
 .text          0x02005308       0x48 /opt/devkitpro/devkitARM/bin/../lib/gcc/arm-none-eabi/14.2.0/thumb/libgcc.a(_clzsi2.o)
                0x02005308                __clzsi2
 .text.srand    0x02005350       0x18 /opt/devkitpro/devkitARM/bin/../lib/gcc/arm-none-eabi/14.2.0/../../../../arm-none-eabi/lib/thumb/libg.a(libc_a-rand.o)
                0x02005350                srand
 .text.rand     0x02005368       0x34 /opt/devkitpro/devkitARM/bin/../lib/gcc/arm-none-eabi/14.2.0/../../../../arm-none-eabi/lib/thumb/libg.a(libc_a-rand.o)
                0x02005368                rand
 .text.calloc   0x0200539c       0x18 /opt/devkitpro/devkitARM/bin/../lib/gcc/arm-none-eabi/14.2.0/../../../../arm-none-eabi/lib/thumb/libg.a(libc_a-calloc.o)
                0x0200539c                calloc
 .text.siscanf  0x020053b4       0x50 /opt/devkitpro/devkitARM/bin/../lib/gcc/arm-none-eabi/14.2.0/../../../../arm-none-eabi/lib/thumb/libg.a(libc_a-siscanf.o)
                0x020053b4                siscanf
 .text.__sread  0x02005404       0x34 /opt/devkitpro/devkitARM/bin/../lib/gcc/arm-none-eabi/14.2.0/../../../../arm-none-eabi/lib/thumb/libg.a(libc_a-stdio.o)
                0x02005404                __sread
 .text.__seofread
                0x02005438        0x4 /opt/devkitpro/devkitARM/bin/../lib/gcc/arm-none-eabi/14.2.0/../../../../arm-none-eabi/lib/thumb/libg.a(libc_a-stdio.o)
                0x02005438                __seofread
 .text.__swrite
                0x0200543c       0x4c /opt/devkitpro/devkitARM/bin/../lib/gcc/arm-none-eabi/14.2.0/../../../../arm-none-eabi/lib/thumb/libg.a(libc_a-stdio.o)
                0x0200543c                __swrite
 .text.__sseek  0x02005488       0x3c /opt/devkitpro/devkitARM/bin/../lib/gcc/arm-none-eabi/14.2.0/../../../../arm-none-eabi/lib/thumb/libg.a(libc_a-stdio.o)
                0x02005488                __sseek
 .text.__sclose
                0x020054c4       0x10 /opt/devkitpro/devkitARM/bin/../lib/gcc/arm-none-eabi/14.2.0/../../../../arm-none-eabi/lib/thumb/libg.a(libc_a-stdio.o)
                0x020054c4                __sclose
 .text._calloc_r
                0x020054d4       0xb8 /opt/devkitpro/devkitARM/bin/../lib/gcc/arm-none-eabi/14.2.0/../../../../arm-none-eabi/lib/thumb/libg.a(libc_a-callocr.o)
                0x020054d4                _calloc_r
 .text.realloc  0x0200558c       0x18 /opt/devkitpro/devkitARM/bin/../lib/gcc/arm-none-eabi/14.2.0/../../../../arm-none-eabi/lib/thumb/libg.a(libc_a-realloc.o)
                0x0200558c                realloc
 .text._malloc_r
                0x020055a4      0x588 /opt/devkitpro/devkitARM/bin/../lib/gcc/arm-none-eabi/14.2.0/../../../../arm-none-eabi/lib/thumb/libg.a(libc_a-mallocr.o)
                0x020055a4                _malloc_r
 .text._malloc_trim_r
                0x02005b2c       0xac /opt/devkitpro/devkitARM/bin/../lib/gcc/arm-none-eabi/14.2.0/../../../../arm-none-eabi/lib/thumb/libg.a(libc_a-freer.o)
                0x02005b2c                _malloc_trim_r
 .text._free_r  0x02005bd8      0x1f4 /opt/devkitpro/devkitARM/bin/../lib/gcc/arm-none-eabi/14.2.0/../../../../arm-none-eabi/lib/thumb/libg.a(libc_a-freer.o)
                0x02005bd8                _free_r
 .text.setvbuf  0x02005dcc      0x1ac /opt/devkitpro/devkitARM/bin/../lib/gcc/arm-none-eabi/14.2.0/../../../../arm-none-eabi/lib/thumb/libg.a(libc_a-setvbuf.o)
                0x02005dcc                setvbuf
 .text.malloc   0x02005f78       0x28 /opt/devkitpro/devkitARM/bin/../lib/gcc/arm-none-eabi/14.2.0/../../../../arm-none-eabi/lib/thumb/libg.a(libc_a-malloc.o)
                0x02005f78                malloc
 .text.free     0x02005fa0       0x14 /opt/devkitpro/devkitARM/bin/../lib/gcc/arm-none-eabi/14.2.0/../../../../arm-none-eabi/lib/thumb/libg.a(libc_a-malloc.o)
                0x02005fa0                free
 .text.memcpy   0x02005fb4       0xb0 /opt/devkitpro/devkitARM/bin/../lib/gcc/arm-none-eabi/14.2.0/../../../../arm-none-eabi/lib/thumb/libg.a(libc_a-memcpy-stub.o)
                0x02005fb4                memcpy
 .text.memset   0x02006064       0x98 /opt/devkitpro/devkitARM/bin/../lib/gcc/arm-none-eabi/14.2.0/../../../../arm-none-eabi/lib/thumb/libg.a(libc_a-memset.o)
                0x02006064                memset
 .text._realloc_r
                0x020060fc      0x384 /opt/devkitpro/devkitARM/bin/../lib/gcc/arm-none-eabi/14.2.0/../../../../arm-none-eabi/lib/thumb/libg.a(libc_a-reallocr.o)
                0x020060fc                _realloc_r
 .text.__malloc_lock
                0x02006480       0x14 /opt/devkitpro/devkitARM/bin/../lib/gcc/arm-none-eabi/14.2.0/../../../../arm-none-eabi/lib/thumb/libg.a(libc_a-mlock.o)
                0x02006480                __malloc_lock
 .text.__malloc_unlock
                0x02006494       0x14 /opt/devkitpro/devkitARM/bin/../lib/gcc/arm-none-eabi/14.2.0/../../../../arm-none-eabi/lib/thumb/libg.a(libc_a-mlock.o)
                0x02006494                __malloc_unlock
 .text.__call_exitprocs
                0x020064a8        0xc /opt/devkitpro/devkitARM/bin/../lib/gcc/arm-none-eabi/14.2.0/../../../../arm-none-eabi/lib/thumb/libg.a(libc_a-exit.o)
                0x020064a8                __call_exitprocs
 .text.iprintf  0x020064b4       0x24 /opt/devkitpro/devkitARM/bin/../lib/gcc/arm-none-eabi/14.2.0/../../../../arm-none-eabi/lib/thumb/libg.a(libc_a-iprintf.o)
                0x020064b4                iprintf
 .text.__libc_init_array
                0x020064d8       0x54 /opt/devkitpro/devkitARM/bin/../lib/gcc/arm-none-eabi/14.2.0/../../../../arm-none-eabi/lib/thumb/libg.a(libc_a-init.o)
                0x020064d8                __libc_init_array
 .text.__sflush_r
                0x0200652c      0x194 /opt/devkitpro/devkitARM/bin/../lib/gcc/arm-none-eabi/14.2.0/../../../../arm-none-eabi/lib/thumb/libg.a(libc_a-fflush.o)
                0x0200652c                __sflush_r
 .text._fflush_r
                0x020066c0       0x70 /opt/devkitpro/devkitARM/bin/../lib/gcc/arm-none-eabi/14.2.0/../../../../arm-none-eabi/lib/thumb/libg.a(libc_a-fflush.o)
                0x020066c0                _fflush_r
 .text.strlen   0x02006730       0x60 /opt/devkitpro/devkitARM/bin/../lib/gcc/arm-none-eabi/14.2.0/../../../../arm-none-eabi/lib/thumb/libg.a(libc_a-strlen-stub.o)
                0x02006730                strlen
 .text.memmove  0x02006790       0xcc /opt/devkitpro/devkitARM/bin/../lib/gcc/arm-none-eabi/14.2.0/../../../../arm-none-eabi/lib/thumb/libg.a(libc_a-memmove.o)
                0x02006790                memmove
 .text.get_arg  0x0200685c      0x428 /opt/devkitpro/devkitARM/bin/../lib/gcc/arm-none-eabi/14.2.0/../../../../arm-none-eabi/lib/thumb/libg.a(libc_a-vfiprintf.o)
 .text._vfiprintf_r
                0x02006c84     0x1724 /opt/devkitpro/devkitARM/bin/../lib/gcc/arm-none-eabi/14.2.0/../../../../arm-none-eabi/lib/thumb/libg.a(libc_a-vfiprintf.o)
                0x02006c84                _vfiprintf_r
 .text.__sbprintf
                0x020083a8       0x7c /opt/devkitpro/devkitARM/bin/../lib/gcc/arm-none-eabi/14.2.0/../../../../arm-none-eabi/lib/thumb/libg.a(libc_a-vfiprintf.o)
 .text._memalign_r
                0x02008424      0x128 /opt/devkitpro/devkitARM/bin/../lib/gcc/arm-none-eabi/14.2.0/../../../../arm-none-eabi/lib/thumb/libg.a(libc_a-malignr.o)
                0x02008424                _memalign_r
 .text.memchr   0x0200854c       0x80 /opt/devkitpro/devkitARM/bin/../lib/gcc/arm-none-eabi/14.2.0/../../../../arm-none-eabi/lib/thumb/libg.a(libc_a-memchr-stub.o)
                0x0200854c                memchr
 .text.get_arg  0x020085cc       0x3e /opt/devkitpro/devkitARM/bin/../lib/gcc/arm-none-eabi/14.2.0/../../../../arm-none-eabi/lib/thumb/libg.a(libc_a-svfiscanf.o)
 .text._sungetc_r
                0x0200860a       0x7e /opt/devkitpro/devkitARM/bin/../lib/gcc/arm-none-eabi/14.2.0/../../../../arm-none-eabi/lib/thumb/libg.a(libc_a-svfiscanf.o)
                0x0200860a                _sungetc_r
 .text.__ssrefill_r
                0x02008688       0x42 /opt/devkitpro/devkitARM/bin/../lib/gcc/arm-none-eabi/14.2.0/../../../../arm-none-eabi/lib/thumb/libg.a(libc_a-svfiscanf.o)
                0x02008688                __ssrefill_r
 .text._sfread_r
                0x020086ca       0x88 /opt/devkitpro/devkitARM/bin/../lib/gcc/arm-none-eabi/14.2.0/../../../../arm-none-eabi/lib/thumb/libg.a(libc_a-svfiscanf.o)
                0x020086ca                _sfread_r
 *fill*         0x02008752        0x2 ff
 .text.__ssvfiscanf_r
                0x02008754     0x1a88 /opt/devkitpro/devkitARM/bin/../lib/gcc/arm-none-eabi/14.2.0/../../../../arm-none-eabi/lib/thumb/libg.a(libc_a-svfiscanf.o)
                0x02008754                __ssvfiscanf_r
 .text._strtoul_l.isra.0
                0x0200a1dc      0x154 /opt/devkitpro/devkitARM/bin/../lib/gcc/arm-none-eabi/14.2.0/../../../../arm-none-eabi/lib/thumb/libg.a(libc_a-strtoul.o)
 .text._strtoul_r
                0x0200a330       0x20 /opt/devkitpro/devkitARM/bin/../lib/gcc/arm-none-eabi/14.2.0/../../../../arm-none-eabi/lib/thumb/libg.a(libc_a-strtoul.o)
                0x0200a330                _strtoul_r
 .text.__libc_fini_array
                0x0200a350       0x30 /opt/devkitpro/devkitARM/bin/../lib/gcc/arm-none-eabi/14.2.0/../../../../arm-none-eabi/lib/thumb/libg.a(libc_a-fini.o)
                0x0200a350                __libc_fini_array
 .text.__sprint_r
                0x0200a380       0x24 /opt/devkitpro/devkitARM/bin/../lib/gcc/arm-none-eabi/14.2.0/../../../../arm-none-eabi/lib/thumb/libg.a(libc_a-sprint_r.o)
                0x0200a380                __sprint_r
 .text.iswspace
                0x0200a3a4       0x10 /opt/devkitpro/devkitARM/bin/../lib/gcc/arm-none-eabi/14.2.0/../../../../arm-none-eabi/lib/thumb/libg.a(libc_a-iswspace.o)
                0x0200a3a4                iswspace
 .text.__sccl   0x0200a3b4       0xa0 /opt/devkitpro/devkitARM/bin/../lib/gcc/arm-none-eabi/14.2.0/../../../../arm-none-eabi/lib/thumb/libg.a(libc_a-sccl.o)
                0x0200a3b4                __sccl
 .text._localeconv_r
                0x0200a454       0x1c /opt/devkitpro/devkitARM/bin/../lib/gcc/arm-none-eabi/14.2.0/../../../../arm-none-eabi/lib/thumb/libg.a(libc_a-localeconv.o)
                0x0200a454                _localeconv_r
 .text.__smakebuf_r
                0x0200a470       0xdc /opt/devkitpro/devkitARM/bin/../lib/gcc/arm-none-eabi/14.2.0/../../../../arm-none-eabi/lib/thumb/libg.a(libc_a-makebuf.o)
                0x0200a470                __smakebuf_r
 .text.__swhatbuf_r
                0x0200a54c       0x5c /opt/devkitpro/devkitARM/bin/../lib/gcc/arm-none-eabi/14.2.0/../../../../arm-none-eabi/lib/thumb/libg.a(libc_a-makebuf.o)
                0x0200a54c                __swhatbuf_r
 .text.stdio_exit_handler
                0x0200a5a8       0x20 /opt/devkitpro/devkitARM/bin/../lib/gcc/arm-none-eabi/14.2.0/../../../../arm-none-eabi/lib/thumb/libg.a(libc_a-findfp.o)
 .text.cleanup_stdio
                0x0200a5c8       0x40 /opt/devkitpro/devkitARM/bin/../lib/gcc/arm-none-eabi/14.2.0/../../../../arm-none-eabi/lib/thumb/libg.a(libc_a-findfp.o)
 .text.global_stdio_init.part.0
                0x0200a608      0x128 /opt/devkitpro/devkitARM/bin/../lib/gcc/arm-none-eabi/14.2.0/../../../../arm-none-eabi/lib/thumb/libg.a(libc_a-findfp.o)
 .text.__sinit  0x0200a730       0x3c /opt/devkitpro/devkitARM/bin/../lib/gcc/arm-none-eabi/14.2.0/../../../../arm-none-eabi/lib/thumb/libg.a(libc_a-findfp.o)
                0x0200a730                __sinit
 .text.__sfp_lock_acquire
                0x0200a76c       0x14 /opt/devkitpro/devkitARM/bin/../lib/gcc/arm-none-eabi/14.2.0/../../../../arm-none-eabi/lib/thumb/libg.a(libc_a-findfp.o)
                0x0200a76c                __sfp_lock_acquire
 .text.__sfp_lock_release
                0x0200a780       0x14 /opt/devkitpro/devkitARM/bin/../lib/gcc/arm-none-eabi/14.2.0/../../../../arm-none-eabi/lib/thumb/libg.a(libc_a-findfp.o)
                0x0200a780                __sfp_lock_release
 .text._wcrtomb_r
                0x0200a794       0x84 /opt/devkitpro/devkitARM/bin/../lib/gcc/arm-none-eabi/14.2.0/../../../../arm-none-eabi/lib/thumb/libg.a(libc_a-wcrtomb.o)
                0x0200a794                _wcrtomb_r
 .text._strtol_l.part.0
                0x0200a818      0x25c /opt/devkitpro/devkitARM/bin/../lib/gcc/arm-none-eabi/14.2.0/../../../../arm-none-eabi/lib/thumb/libg.a(libc_a-strtol.o)
 .text._strtol_r
                0x0200aa74       0x34 /opt/devkitpro/devkitARM/bin/../lib/gcc/arm-none-eabi/14.2.0/../../../../arm-none-eabi/lib/thumb/libg.a(libc_a-strtol.o)
                0x0200aa74                _strtol_r
 .text._fwalk_sglue
                0x0200aaa8       0x4c /opt/devkitpro/devkitARM/bin/../lib/gcc/arm-none-eabi/14.2.0/../../../../arm-none-eabi/lib/thumb/libg.a(libc_a-fwalk.o)
                0x0200aaa8                _fwalk_sglue
 .text.strncpy  0x0200aaf4       0x68 /opt/devkitpro/devkitARM/bin/../lib/gcc/arm-none-eabi/14.2.0/../../../../arm-none-eabi/lib/thumb/libg.a(libc_a-strncpy.o)
                0x0200aaf4                strncpy
 .text._strtoull_l.isra.0
                0x0200ab5c      0x1bc /opt/devkitpro/devkitARM/bin/../lib/gcc/arm-none-eabi/14.2.0/../../../../arm-none-eabi/lib/thumb/libg.a(libc_a-strtoull.o)
 .text._strtoull_r
                0x0200ad18       0x20 /opt/devkitpro/devkitARM/bin/../lib/gcc/arm-none-eabi/14.2.0/../../../../arm-none-eabi/lib/thumb/libg.a(libc_a-strtoull.o)
                0x0200ad18                _strtoull_r
 .text._wcsrtombs_r
                0x0200ad38       0x1c /opt/devkitpro/devkitARM/bin/../lib/gcc/arm-none-eabi/14.2.0/../../../../arm-none-eabi/lib/thumb/libg.a(libc_a-wcsrtombs.o)
                0x0200ad38                _wcsrtombs_r
 .text._mbrtowc_r
                0x0200ad54       0x90 /opt/devkitpro/devkitARM/bin/../lib/gcc/arm-none-eabi/14.2.0/../../../../arm-none-eabi/lib/thumb/libg.a(libc_a-mbrtowc.o)
                0x0200ad54                _mbrtowc_r
 .text.__swsetup_r
                0x0200ade4      0x100 /opt/devkitpro/devkitARM/bin/../lib/gcc/arm-none-eabi/14.2.0/../../../../arm-none-eabi/lib/thumb/libg.a(libc_a-wsetup.o)
                0x0200ade4                __swsetup_r
 .text.__submore
                0x0200aee4       0x88 /opt/devkitpro/devkitARM/bin/../lib/gcc/arm-none-eabi/14.2.0/../../../../arm-none-eabi/lib/thumb/libg.a(libc_a-ungetc.o)
                0x0200aee4                __submore
 .text.iswspace_l
                0x0200af6c       0x28 /opt/devkitpro/devkitARM/bin/../lib/gcc/arm-none-eabi/14.2.0/../../../../arm-none-eabi/lib/thumb/libg.a(libc_a-iswspace_l.o)
                0x0200af6c                iswspace_l
 .text.__sfvwrite_r
                0x0200af94      0x304 /opt/devkitpro/devkitARM/bin/../lib/gcc/arm-none-eabi/14.2.0/../../../../arm-none-eabi/lib/thumb/libg.a(libc_a-fvwrite.o)
                0x0200af94                __sfvwrite_r
 .text._strtoll_l.isra.0
                0x0200b298      0x30c /opt/devkitpro/devkitARM/bin/../lib/gcc/arm-none-eabi/14.2.0/../../../../arm-none-eabi/lib/thumb/libg.a(libc_a-strtoll.o)
 .text._strtoll_r
                0x0200b5a4       0x20 /opt/devkitpro/devkitARM/bin/../lib/gcc/arm-none-eabi/14.2.0/../../../../arm-none-eabi/lib/thumb/libg.a(libc_a-strtoll.o)
                0x0200b5a4                _strtoll_r
 .text.__locale_mb_cur_max
                0x0200b5c4       0x20 /opt/devkitpro/devkitARM/bin/../lib/gcc/arm-none-eabi/14.2.0/../../../../arm-none-eabi/lib/thumb/libg.a(libc_a-locale.o)
                0x0200b5c4                __locale_mb_cur_max
 .text._wcsnrtombs_l
                0x0200b5e4      0x10c /opt/devkitpro/devkitARM/bin/../lib/gcc/arm-none-eabi/14.2.0/../../../../arm-none-eabi/lib/thumb/libg.a(libc_a-wcsnrtombs.o)
                0x0200b5e4                _wcsnrtombs_l
 .text._wcsnrtombs_r
                0x0200b6f0       0x40 /opt/devkitpro/devkitARM/bin/../lib/gcc/arm-none-eabi/14.2.0/../../../../arm-none-eabi/lib/thumb/libg.a(libc_a-wcsnrtombs.o)
                0x0200b6f0                _wcsnrtombs_r
 .text.__utf8_mbtowc
                0x0200b730      0x234 /opt/devkitpro/devkitARM/bin/../lib/gcc/arm-none-eabi/14.2.0/../../../../arm-none-eabi/lib/thumb/libg.a(libc_a-mbtowc_r.o)
                0x0200b730                __utf8_mbtowc
 .text._fclose_r
                0x0200b964       0xd4 /opt/devkitpro/devkitARM/bin/../lib/gcc/arm-none-eabi/14.2.0/../../../../arm-none-eabi/lib/thumb/libg.a(libc_a-fclose.o)
                0x0200b964                _fclose_r
 .text.category
                0x0200ba38       0x58 /opt/devkitpro/devkitARM/bin/../lib/gcc/arm-none-eabi/14.2.0/../../../../arm-none-eabi/lib/thumb/libg.a(libc_a-categories.o)
                0x0200ba38                category
 .text.__utf8_wctomb
                0x0200ba90       0xb4 /opt/devkitpro/devkitARM/bin/../lib/gcc/arm-none-eabi/14.2.0/../../../../arm-none-eabi/lib/thumb/libg.a(libc_a-wctomb_r.o)
                0x0200ba90                __utf8_wctomb
 .text._exit    0x0200bb44       0x14 /opt/devkitpro/devkitARM/bin/../lib/gcc/arm-none-eabi/14.2.0/../../../../arm-none-eabi/lib/thumb/libsysbase.a(libsysbase_libsysbase_a-_exit.o)
                0x0200bb44                _exit
 .text._fstat_r
                0x0200bb58       0x58 /opt/devkitpro/devkitARM/bin/../lib/gcc/arm-none-eabi/14.2.0/../../../../arm-none-eabi/lib/thumb/libsysbase.a(libsysbase_libsysbase_a-fstat.o)
                0x0200bb58                _fstat_r
 .text.__getreent
                0x0200bbb0       0x20 /opt/devkitpro/devkitARM/bin/../lib/gcc/arm-none-eabi/14.2.0/../../../../arm-none-eabi/lib/thumb/libsysbase.a(libsysbase_libsysbase_a-getreent.o)
                0x0200bbb0                __getreent
 .text.__get_handle
                0x0200bbd0       0x34 /opt/devkitpro/devkitARM/bin/../lib/gcc/arm-none-eabi/14.2.0/../../../../arm-none-eabi/lib/thumb/libsysbase.a(libsysbase_libsysbase_a-handle_manager.o)
                0x0200bbd0                __get_handle
 .text._close_r
                0x0200bc04       0xb8 /opt/devkitpro/devkitARM/bin/../lib/gcc/arm-none-eabi/14.2.0/../../../../arm-none-eabi/lib/thumb/libsysbase.a(libsysbase_libsysbase_a-handle_manager.o)
                0x0200bc04                _close_r
 .text.null_write
                0x0200bcbc        0x4 /opt/devkitpro/devkitARM/bin/../lib/gcc/arm-none-eabi/14.2.0/../../../../arm-none-eabi/lib/thumb/libsysbase.a(libsysbase_libsysbase_a-iosupport.o)
 .text._isatty_r
                0x0200bcc0        0x4 /opt/devkitpro/devkitARM/bin/../lib/gcc/arm-none-eabi/14.2.0/../../../../arm-none-eabi/lib/thumb/libsysbase.a(libsysbase_libsysbase_a-isatty.o)
                0x0200bcc0                _isatty_r
 .text._lseek_r
                0x0200bcc4       0x60 /opt/devkitpro/devkitARM/bin/../lib/gcc/arm-none-eabi/14.2.0/../../../../arm-none-eabi/lib/thumb/libsysbase.a(libsysbase_libsysbase_a-lseek.o)
                0x0200bcc4                _lseek_r
 .text._read_r  0x0200bd24       0x58 /opt/devkitpro/devkitARM/bin/../lib/gcc/arm-none-eabi/14.2.0/../../../../arm-none-eabi/lib/thumb/libsysbase.a(libsysbase_libsysbase_a-read.o)
                0x0200bd24                _read_r
 .text._sbrk_r  0x0200bd7c       0x54 /opt/devkitpro/devkitARM/bin/../lib/gcc/arm-none-eabi/14.2.0/../../../../arm-none-eabi/lib/thumb/libsysbase.a(libsysbase_libsysbase_a-sbrk.o)
                0x0200bd7c                _sbrk_r
 .text.__libc_lock_acquire
                0x0200bdd0       0x18 /opt/devkitpro/devkitARM/bin/../lib/gcc/arm-none-eabi/14.2.0/../../../../arm-none-eabi/lib/thumb/libsysbase.a(libsysbase_libsysbase_a-syscall_support.o)
                0x0200bdd0                __libc_lock_acquire
 .text.__libc_lock_release
                0x0200bde8       0x18 /opt/devkitpro/devkitARM/bin/../lib/gcc/arm-none-eabi/14.2.0/../../../../arm-none-eabi/lib/thumb/libsysbase.a(libsysbase_libsysbase_a-syscall_support.o)
                0x0200bde8                __libc_lock_release
 .text.__libc_lock_acquire_recursive
                0x0200be00       0x18 /opt/devkitpro/devkitARM/bin/../lib/gcc/arm-none-eabi/14.2.0/../../../../arm-none-eabi/lib/thumb/libsysbase.a(libsysbase_libsysbase_a-syscall_support.o)
                0x0200be00                __libc_lock_acquire_recursive
 .text.__libc_lock_release_recursive
                0x0200be18       0x18 /opt/devkitpro/devkitARM/bin/../lib/gcc/arm-none-eabi/14.2.0/../../../../arm-none-eabi/lib/thumb/libsysbase.a(libsysbase_libsysbase_a-syscall_support.o)
                0x0200be18                __libc_lock_release_recursive
 .text._write_r
                0x0200be30       0x58 /opt/devkitpro/devkitARM/bin/../lib/gcc/arm-none-eabi/14.2.0/../../../../arm-none-eabi/lib/thumb/libsysbase.a(libsysbase_libsysbase_a-write.o)
                0x0200be30                _write_r
 .text          0x0200be88       0x14 /opt/devkitpro/devkitARM/bin/../lib/gcc/arm-none-eabi/14.2.0/thumb/libgcc.a(_thumb1_case_uqi.o)
                0x0200be88                __gnu_thumb1_case_uqi
 .text          0x0200be9c       0x14 /opt/devkitpro/devkitARM/bin/../lib/gcc/arm-none-eabi/14.2.0/thumb/libgcc.a(_thumb1_case_uhi.o)
                0x0200be9c                __gnu_thumb1_case_uhi
 .text          0x0200beb0      0x11c /opt/devkitpro/devkitARM/bin/../lib/gcc/arm-none-eabi/14.2.0/thumb/libgcc.a(_udivsi3.o)
                0x0200beb0                __udivsi3
                0x0200beb0                __aeabi_uidiv
                0x0200bfac                __aeabi_uidivmod
 EXCLUDE_FILE(*.twl.*) *(.glue_7t .glue_7 .vfp11_veneer .v4_bx)
 .glue_7        0x0200bfcc        0x0 linker stubs
 .glue_7t       0x0200bfcc        0x0 linker stubs
 .vfp11_veneer  0x0200bfcc        0x0 linker stubs
 .v4_bx         0x0200bfcc        0x0 linker stubs
 *(SORT_NONE(.fini))
 .fini          0x0200bfcc        0x4 /opt/devkitpro/devkitARM/bin/../lib/gcc/arm-none-eabi/14.2.0/thumb/crti.o
                0x0200bfcc                _fini
 .fini          0x0200bfd0        0x8 /opt/devkitpro/devkitARM/bin/../lib/gcc/arm-none-eabi/14.2.0/thumb/crtn.o
 .fini.__stub   0x0200bfd8       0x10 linker stubs
 EXCLUDE_FILE(*.twl.*) *(.rodata .rodata.* .gnu.linkonce.r.*)
 .rodata._Z9drawFrameR3PosS0_iR9TouchDataRi.str1.4
                0x0200bfe8       0xd8 main.o
                                 0x1c (size before relaxing)
 .rodata.main.str1.4
                0x0200c0c0       0x28 main.o
 .rodata.con_write.str1.4
                0x0200c0c0       0x30 /opt/devkitpro/libnds/lib/libnds9.a(console.o)
 .rodata.con_write
                0x0200c0c0       0xd4 /opt/devkitpro/libnds/lib/libnds9.a(console.o)
 .rodata.str1.4
                0x0200c194       0x14 /opt/devkitpro/libnds/lib/libnds9.a(console.o)
 .rodata.dotab_stdout
                0x0200c194       0x80 /opt/devkitpro/libnds/lib/libnds9.a(console.o)
 .rodata.TAN_LUT
                0x0200c214      0x204 /opt/devkitpro/libnds/lib/libnds9.a(trig.o)
                0x0200c214                TAN_LUT
 .rodata.SIN_LUT
                0x0200c418      0x102 /opt/devkitpro/libnds/lib/libnds9.a(trig.o)
                0x0200c418                SIN_LUT
 *fill*         0x0200c51a        0x2 ff
 .rodata.glMaterialf
                0x0200c51c       0x44 /opt/devkitpro/libnds/lib/libnds9.a(videoGL_base.o)
 .rodata.default_font_bin
                0x0200c560      0x800 /opt/devkitpro/libnds/lib/libnds9.a(default_font.bin.o)
                0x0200c560                default_font_bin
                0x0200cd60                default_font_bin_end
 .rodata._vfiprintf_r.str1.1
                0x0200cd60       0x29 /opt/devkitpro/devkitARM/bin/../lib/gcc/arm-none-eabi/14.2.0/../../../../arm-none-eabi/lib/thumb/libg.a(libc_a-vfiprintf.o)
 *fill*         0x0200cd89        0x3 ff
 .rodata.zeroes.0
                0x0200cd8c       0x10 /opt/devkitpro/devkitARM/bin/../lib/gcc/arm-none-eabi/14.2.0/../../../../arm-none-eabi/lib/thumb/libg.a(libc_a-vfiprintf.o)
 .rodata.blanks.1
                0x0200cd9c       0x10 /opt/devkitpro/devkitARM/bin/../lib/gcc/arm-none-eabi/14.2.0/../../../../arm-none-eabi/lib/thumb/libg.a(libc_a-vfiprintf.o)
 .rodata.basefix.0
                0x0200cdac       0x22 /opt/devkitpro/devkitARM/bin/../lib/gcc/arm-none-eabi/14.2.0/../../../../arm-none-eabi/lib/thumb/libg.a(libc_a-svfiscanf.o)
 *fill*         0x0200cdce        0x2 ff
 .rodata._ctype_
                0x0200cdd0      0x101 /opt/devkitpro/devkitARM/bin/../lib/gcc/arm-none-eabi/14.2.0/../../../../arm-none-eabi/lib/thumb/libg.a(libc_a-ctype_.o)
                0x0200cdd0                _ctype_
 *fill*         0x0200ced1        0x3 ff
 .rodata.__action_table
                0x0200ced4       0x6c /opt/devkitpro/devkitARM/bin/../lib/gcc/arm-none-eabi/14.2.0/../../../../arm-none-eabi/lib/thumb/libg.a(libc_a-svfiprintf.o)
                0x0200ced4                __action_table
 .rodata.__state_table
                0x0200cf40       0x6c /opt/devkitpro/devkitARM/bin/../lib/gcc/arm-none-eabi/14.2.0/../../../../arm-none-eabi/lib/thumb/libg.a(libc_a-svfiprintf.o)
                0x0200cf40                __state_table
 .rodata.__chclass
                0x0200cfac      0x100 /opt/devkitpro/devkitARM/bin/../lib/gcc/arm-none-eabi/14.2.0/../../../../arm-none-eabi/lib/thumb/libg.a(libc_a-svfiprintf.o)
                0x0200cfac                __chclass
 .rodata._mbrtowc_r.str1.4
                0x0200d0ac        0x1 /opt/devkitpro/devkitARM/bin/../lib/gcc/arm-none-eabi/14.2.0/../../../../arm-none-eabi/lib/thumb/libg.a(libc_a-mbrtowc.o)
 .rodata.str1.4
                0x0200d0ac       0x4c /opt/devkitpro/devkitARM/bin/../lib/gcc/arm-none-eabi/14.2.0/../../../../arm-none-eabi/lib/thumb/libg.a(libc_a-locale.o)
 .rodata.categories
                0x0200d0ac     0x35dc /opt/devkitpro/devkitARM/bin/../lib/gcc/arm-none-eabi/14.2.0/../../../../arm-none-eabi/lib/thumb/libg.a(libc_a-categories.o)
 .rodata.AddDevice.str1.4
                0x02010688        0x8 /opt/devkitpro/devkitARM/bin/../lib/gcc/arm-none-eabi/14.2.0/../../../../arm-none-eabi/lib/thumb/libsysbase.a(libsysbase_libsysbase_a-iosupport.o)
 .rodata.dotab_stdnull
                0x02010688       0x80 /opt/devkitpro/devkitARM/bin/../lib/gcc/arm-none-eabi/14.2.0/../../../../arm-none-eabi/lib/thumb/libsysbase.a(libsysbase_libsysbase_a-iosupport.o)
                0x02010688                dotab_stdnull
 EXCLUDE_FILE(*.twl.*) *(.rodata1)
                0x02010708                        . = ALIGN (0x4)

.main.rw        0x02010708     0x1840 load address 0x02014760
 EXCLUDE_FILE(*.twl.*) *(.data .data.* .gnu.linkonce.d.*)
 .data.firstConsoleInit.0
                0x02010708        0x1 /opt/devkitpro/libnds/lib/libnds9.a(console.o)
 *fill*         0x02010709        0x3 ff
 .data.currentConsole
                0x0201070c        0x4 /opt/devkitpro/libnds/lib/libnds9.a(console.o)
                0x0201070c                currentConsole
 .data.defaultConsole
                0x02010710       0x5c /opt/devkitpro/libnds/lib/libnds9.a(console.o)
                0x02010710                defaultConsole
 .data.count    0x0201076c        0x1 /opt/devkitpro/libnds/lib/libnds9.a(keys.o)
 .data.repeat   0x0201076d        0x1 /opt/devkitpro/libnds/lib/libnds9.a(keys.o)
 .data.delay    0x0201076e        0x1 /opt/devkitpro/libnds/lib/libnds9.a(keys.o)
 *fill*         0x0201076f        0x1 ff
 .data.oamMain  0x02010770       0x18 /opt/devkitpro/libnds/lib/libnds9.a(sprite.o)
                0x02010770                oamMain
 .data.bgTransform
                0x02010788       0x20 /opt/devkitpro/libnds/lib/libnds9.a(background.o)
                0x02010788                bgTransform
 .data.bgScrollTable
                0x020107a8       0x20 /opt/devkitpro/libnds/lib/libnds9.a(background.o)
                0x020107a8                bgScrollTable
 .data.bgControl
                0x020107c8       0x20 /opt/devkitpro/libnds/lib/libnds9.a(background.o)
                0x020107c8                bgControl
 .data.__malloc_sbrk_base
                0x020107e8        0x4 /opt/devkitpro/devkitARM/bin/../lib/gcc/arm-none-eabi/14.2.0/../../../../arm-none-eabi/lib/thumb/libg.a(libc_a-mallocr.o)
                0x020107e8                __malloc_sbrk_base
 .data.__malloc_trim_threshold
                0x020107ec        0x4 /opt/devkitpro/devkitARM/bin/../lib/gcc/arm-none-eabi/14.2.0/../../../../arm-none-eabi/lib/thumb/libg.a(libc_a-mallocr.o)
                0x020107ec                __malloc_trim_threshold
 .data.__malloc_av_
                0x020107f0      0x408 /opt/devkitpro/devkitARM/bin/../lib/gcc/arm-none-eabi/14.2.0/../../../../arm-none-eabi/lib/thumb/libg.a(libc_a-mallocr.o)
                0x020107f0                __malloc_av_
 .data._impure_ptr
                0x02010bf8        0x4 /opt/devkitpro/devkitARM/bin/../lib/gcc/arm-none-eabi/14.2.0/../../../../arm-none-eabi/lib/thumb/libg.a(libc_a-impure.o)
                0x02010bf8                _impure_ptr
 *fill*         0x02010bfc        0x4 ff
 .data._impure_data
                0x02010c00      0x120 /opt/devkitpro/devkitARM/bin/../lib/gcc/arm-none-eabi/14.2.0/../../../../arm-none-eabi/lib/thumb/libg.a(libc_a-impure.o)
                0x02010c00                _impure_data
 .data.__sglue  0x02010d20        0xc /opt/devkitpro/devkitARM/bin/../lib/gcc/arm-none-eabi/14.2.0/../../../../arm-none-eabi/lib/thumb/libg.a(libc_a-findfp.o)
                0x02010d20                __sglue
 .data.__global_locale
                0x02010d2c      0x16c /opt/devkitpro/devkitARM/bin/../lib/gcc/arm-none-eabi/14.2.0/../../../../arm-none-eabi/lib/thumb/libg.a(libc_a-locale.o)
                0x02010d2c                __global_locale
 .data.handles  0x02010e98     0x1000 /opt/devkitpro/devkitARM/bin/../lib/gcc/arm-none-eabi/14.2.0/../../../../arm-none-eabi/lib/thumb/libsysbase.a(libsysbase_libsysbase_a-handle_manager.o)
 .data.__stderr_handle
                0x02011e98        0xc /opt/devkitpro/devkitARM/bin/../lib/gcc/arm-none-eabi/14.2.0/../../../../arm-none-eabi/lib/thumb/libsysbase.a(libsysbase_libsysbase_a-handle_manager.o)
 .data.__stdout_handle
                0x02011ea4        0xc /opt/devkitpro/devkitARM/bin/../lib/gcc/arm-none-eabi/14.2.0/../../../../arm-none-eabi/lib/thumb/libsysbase.a(libsysbase_libsysbase_a-handle_manager.o)
 .data.__stdin_handle
                0x02011eb0        0xc /opt/devkitpro/devkitARM/bin/../lib/gcc/arm-none-eabi/14.2.0/../../../../arm-none-eabi/lib/thumb/libsysbase.a(libsysbase_libsysbase_a-handle_manager.o)
 .data.devoptab_list
                0x02011ebc       0x8c /opt/devkitpro/devkitARM/bin/../lib/gcc/arm-none-eabi/14.2.0/../../../../arm-none-eabi/lib/thumb/libsysbase.a(libsysbase_libsysbase_a-iosupport.o)
                0x02011ebc                devoptab_list
 EXCLUDE_FILE(*.twl.*) *(.data1)
 EXCLUDE_FILE(*.twl.*) *(.igot.plt)
 .igot.plt      0x02011f48        0x0 /opt/devkitpro/devkitARM/bin/../lib/gcc/arm-none-eabi/14.2.0/thumb/crtbegin.o
                0x02011f48                        . = ALIGN (0x4)

.ARM.extab
 *(.ARM.extab* .gnu.linkonce.armextab.*)

.ARM.exidx      0x02011f48        0x0 load address 0x02015fa0
 *(.ARM.exidx* .gnu.linkonce.armexidx.*)
                [!provide]                        PROVIDE (__exidx_start = ADDR (.ARM.exidx))
                [!provide]                        PROVIDE (__exidx_end = (ADDR (.ARM.exidx) + SIZEOF (.ARM.exidx)))

.eh_frame_hdr
 *(.eh_frame_hdr)
 *(.eh_frame_entry .eh_frame_entry.*)

.eh_frame       0x02011f48        0x4 load address 0x02015fa0
 *(.eh_frame)
 .eh_frame      0x02011f48        0x0 /opt/devkitpro/devkitARM/bin/../lib/gcc/arm-none-eabi/14.2.0/thumb/crtbegin.o
 .eh_frame      0x02011f48        0x4 /opt/devkitpro/devkitARM/bin/../lib/gcc/arm-none-eabi/14.2.0/thumb/crtend.o
 *(.eh_frame.*)

.gcc_except_table
 *(.gcc_except_table .gcc_except_table.*)

.gnu_extab
 *(.gnu_extab*)

.tinfo          0x02011f4c        0xc load address 0x02015fa4
                0x02011f4c        0x4 LONG 0x2011f60 __tls_start
                0x02011f50        0x4 LONG 0x0 SIZEOF (.main.tls)
                0x02011f54        0x4 LONG 0x0 SIZEOF (.tdata)
                0x02011f4c                        PROVIDE (__tls_info = ADDR (.tinfo))

.preinit_array  0x02011f58        0x0 load address 0x02015fb0
                0x02011f58                        PROVIDE (__preinit_array_start = .)
 *(.preinit_array)
                0x02011f58                        PROVIDE (__preinit_array_end = .)

.init_array     0x02011f58        0x4 load address 0x02015fb0
                0x02011f58                        PROVIDE (__init_array_start = .)
 *(SORT_BY_INIT_PRIORITY(.init_array.*) SORT_BY_INIT_PRIORITY(.ctors.*))
 *(.init_array .ctors)
 .init_array    0x02011f58        0x4 /opt/devkitpro/devkitARM/bin/../lib/gcc/arm-none-eabi/14.2.0/thumb/crtbegin.o
                0x02011f5c                        PROVIDE (__init_array_end = .)

.fini_array     0x02011f5c        0x4 load address 0x02015fb4
                0x02011f5c                        PROVIDE (__fini_array_start = .)
 *(SORT_BY_INIT_PRIORITY(.fini_array.*) SORT_BY_INIT_PRIORITY(.dtors.*))
 *(.fini_array .dtors)
 .fini_array    0x02011f5c        0x4 /opt/devkitpro/devkitARM/bin/../lib/gcc/arm-none-eabi/14.2.0/thumb/crtbegin.o
                0x02011f60                        PROVIDE (__fini_array_end = .)
                [!provide]                        PROVIDE (__main_lma = LOADADDR (.main))
                0x02001360                        PROVIDE (__main_start = ADDR (.main))
                0x02011f60                        PROVIDE (__main_end = (ADDR (.fini_array) + SIZEOF (.fini_array)))

.tdata          0x00000000        0x0 load address 0x02015fb8
 *(.tdata .tdata.* .gnu.linkonce.td.*)
                0x00000000                        . = ALIGN (0x4)

.tbss           0x00000000        0x0 load address 0x02015fb8
 *(.tbss .tbss.* .gnu.linkonce.tb.*)
 *(.tcommon)
                0x00000000                        . = ALIGN (0x4)
                0x00000001                        ASSERT (((ALIGNOF (.tdata) <= 0x8) || (ALIGNOF (.tbss) <= 0x8)), Error: TLS is overaligned (up to 8-byte alignment is supported))
                0x00000001                        ASSERT (((ADDR (.tbss) + SIZEOF (.tbss)) <= (ORIGIN (tls) + LENGTH (tls))), Error: TLS section too large)

.main.tls       0x02011f60        0x0
                0x02011f60                        . = (. + ((ADDR (.tbss) + SIZEOF (.tbss)) - ADDR (.tdata)))
                [!provide]                        PROVIDE (__tls_lma = LOADADDR (.tdata))
                0x02011f60                        PROVIDE (__tls_start = ADDR (.main.tls))
                0x02011f60                        PROVIDE (__tls_end = (ADDR (.main.tls) + SIZEOF (.tdata)))

.main.bss       0x02011f60      0xd7c
 EXCLUDE_FILE(*.twl.*) *(.dynbss)
 EXCLUDE_FILE(*.twl.*) *(.bss .bss.* .gnu.linkonce.b.*)
 .bss.completed.1
                0x02011f60        0x1 /opt/devkitpro/devkitARM/bin/../lib/gcc/arm-none-eabi/14.2.0/thumb/crtbegin.o
 *fill*         0x02011f61        0x3 
 .bss.object.0  0x02011f64       0x18 /opt/devkitpro/devkitARM/bin/../lib/gcc/arm-none-eabi/14.2.0/thumb/crtbegin.o
 .bss.currentCopy
                0x02011f7c       0x5c /opt/devkitpro/libnds/lib/libnds9.a(console.o)
                0x02011f7c                currentCopy
 .bss.gCurrentTexture
                0x02011fd8        0x4 /opt/devkitpro/libnds/lib/libnds9.a(gl2d.o)
                0x02011fd8                gCurrentTexture
 .bss.g_depth   0x02011fdc        0x2 /opt/devkitpro/libnds/lib/libnds9.a(gl2d.o)
 .bss.keysrepeat
                0x02011fde        0x2 /opt/devkitpro/libnds/lib/libnds9.a(keys.o)
 .bss.s_keypad  0x02011fe0        0x4 /opt/devkitpro/libnds/lib/libnds9.a(keys.o)
 .bss.OamMemory
                0x02011fe4      0x400 /opt/devkitpro/libnds/lib/libnds9.a(sprite.o)
                0x02011fe4                OamMemory
 .bss.specular_emission.0
                0x020123e4        0x4 /opt/devkitpro/libnds/lib/libnds9.a(videoGL_base.o)
 .bss.diffuse_ambient.1
                0x020123e8        0x4 /opt/devkitpro/libnds/lib/libnds9.a(videoGL_base.o)
 .bss.glCurClearColor
                0x020123ec        0x4 /opt/devkitpro/libnds/lib/libnds9.a(videoGL_base.o)
                0x020123ec                glCurClearColor
 .bss.glGlobalData
                0x020123f0       0x4c /opt/devkitpro/libnds/lib/libnds9.a(videoGL.o)
                0x020123f0                glGlobalData
 .bss.bgIsTextLut
                0x0201243c        0x8 /opt/devkitpro/libnds/lib/libnds9.a(background.o)
                0x0201243c                bgIsTextLut
 .bss.bgState   0x02012444      0x140 /opt/devkitpro/libnds/lib/libnds9.a(background.o)
                0x02012444                bgState
 .bss.s_sleepThreads
                0x02012584        0x8 /opt/devkitpro/calico/lib/libcalico_ds9.a(thread_cold.o)
 .bss.s_joinThreads
                0x0201258c        0x8 /opt/devkitpro/calico/lib/libcalico_ds9.a(thread_cold.o)
 .bss.s_idleThread
                0x02012594       0x70 /opt/devkitpro/calico/lib/libcalico_ds9.a(thread_cold.o)
 .bss.s_mainThread
                0x02012604       0x70 /opt/devkitpro/calico/lib/libcalico_ds9.a(thread_cold.o)
 *fill*         0x02012674        0x4 
 .bss.s_pmPxiThreadStack
                0x02012678      0x200 /opt/devkitpro/calico/lib/libcalico_ds9.a(pm.o)
 .bss.s_pmPxiThread
                0x02012878       0x70 /opt/devkitpro/calico/lib/libcalico_ds9.a(pm.o)
 .bss.s_pmState
                0x020128e8        0x8 /opt/devkitpro/calico/lib/libcalico_ds9.a(pm.o)
 .bss.s_firstTask
                0x020128f0        0x4 /opt/devkitpro/calico/lib/libcalico_ds9.a(tick.o)
 *fill*         0x020128f4        0x4 
 .bss.s_highTickCount
                0x020128f8        0x8 /opt/devkitpro/calico/lib/libcalico_ds9.a(tick.o)
 .bss.s_tickInit
                0x02012900        0x1 /opt/devkitpro/calico/lib/libcalico_ds9.a(tick.o)
 *fill*         0x02012901        0x3 
 .bss.s_mailboxRecvQueue
                0x02012904        0x8 /opt/devkitpro/calico/lib/libcalico_ds9.a(mailbox.o)
 .bss.s_defaultErrno.0
                0x0201290c        0x4 /opt/devkitpro/calico/lib/libcalico_ds9.a(newlib_syscalls.o)
 .bss.g_isTwlMode
                0x02012910        0x1 /opt/devkitpro/calico/lib/libcalico_ds9.a(startup.crt0.o)
                0x02012910                g_isTwlMode
 *fill*         0x02012911        0x3 
 .bss.s_pxiChannels
                0x02012914      0x1f0 /opt/devkitpro/calico/lib/libcalico_ds9.a(pxi.o)
 .bss.s_pxiRecvState
                0x02012b04        0x4 /opt/devkitpro/calico/lib/libcalico_ds9.a(pxi.o)
 .bss.s_pxiRecvQueue
                0x02012b08        0x8 /opt/devkitpro/calico/lib/libcalico_ds9.a(pxi.o)
 .bss.s_pxiSendMutex
                0x02012b10        0x4 /opt/devkitpro/calico/lib/libcalico_ds9.a(pxi.o)
 .bss.__malloc_current_mallinfo
                0x02012b14       0x28 /opt/devkitpro/devkitARM/bin/../lib/gcc/arm-none-eabi/14.2.0/../../../../arm-none-eabi/lib/thumb/libg.a(libc_a-mallocr.o)
                0x02012b14                __malloc_current_mallinfo
 .bss.__malloc_max_total_mem
                0x02012b3c        0x4 /opt/devkitpro/devkitARM/bin/../lib/gcc/arm-none-eabi/14.2.0/../../../../arm-none-eabi/lib/thumb/libg.a(libc_a-mallocr.o)
                0x02012b3c                __malloc_max_total_mem
 .bss.__malloc_max_sbrked_mem
                0x02012b40        0x4 /opt/devkitpro/devkitARM/bin/../lib/gcc/arm-none-eabi/14.2.0/../../../../arm-none-eabi/lib/thumb/libg.a(libc_a-mallocr.o)
                0x02012b40                __malloc_max_sbrked_mem
 .bss.__malloc_top_pad
                0x02012b44        0x4 /opt/devkitpro/devkitARM/bin/../lib/gcc/arm-none-eabi/14.2.0/../../../../arm-none-eabi/lib/thumb/libg.a(libc_a-mallocr.o)
                0x02012b44                __malloc_top_pad
 .bss.__malloc_recursive_mutex
                0x02012b48        0xc /opt/devkitpro/devkitARM/bin/../lib/gcc/arm-none-eabi/14.2.0/../../../../arm-none-eabi/lib/thumb/libg.a(libc_a-mlock.o)
 .bss.__sfp_recursive_mutex
                0x02012b54        0xc /opt/devkitpro/devkitARM/bin/../lib/gcc/arm-none-eabi/14.2.0/../../../../arm-none-eabi/lib/thumb/libg.a(libc_a-findfp.o)
 .bss.__sf      0x02012b60      0x168 /opt/devkitpro/devkitARM/bin/../lib/gcc/arm-none-eabi/14.2.0/../../../../arm-none-eabi/lib/thumb/libg.a(libc_a-findfp.o)
                0x02012b60                __sf
 .bss.__stdio_exit_handler
                0x02012cc8        0x4 /opt/devkitpro/devkitARM/bin/../lib/gcc/arm-none-eabi/14.2.0/../../../../arm-none-eabi/lib/thumb/libg.a(libc_a-findfp.o)
                0x02012cc8                __stdio_exit_handler
 .bss.__hndl_lock
                0x02012ccc        0x4 /opt/devkitpro/devkitARM/bin/../lib/gcc/arm-none-eabi/14.2.0/../../../../arm-none-eabi/lib/thumb/libsysbase.a(libsysbase_libsysbase_a-handle_manager.o)
 .bss.fake_heap_start
                0x02012cd0        0x4 /opt/devkitpro/devkitARM/bin/../lib/gcc/arm-none-eabi/14.2.0/../../../../arm-none-eabi/lib/thumb/libsysbase.a(libsysbase_libsysbase_a-malloc_vars.o)
                0x02012cd0                fake_heap_start
 .bss.fake_heap_end
                0x02012cd4        0x4 /opt/devkitpro/devkitARM/bin/../lib/gcc/arm-none-eabi/14.2.0/../../../../arm-none-eabi/lib/thumb/libsysbase.a(libsysbase_libsysbase_a-malloc_vars.o)
                0x02012cd4                fake_heap_end
 .bss.heap_start.0
                0x02012cd8        0x4 /opt/devkitpro/devkitARM/bin/../lib/gcc/arm-none-eabi/14.2.0/../../../../arm-none-eabi/lib/thumb/libsysbase.a(libsysbase_libsysbase_a-sbrk.o)
 EXCLUDE_FILE(*.twl.*) *(COMMON)
                0x02012cdc                        . = ALIGN (0x4)
                [!provide]                        PROVIDE (__main_bss_start = ADDR (.main.bss))
                0x02012cdc                        PROVIDE (__main_bss_end = (ADDR (.main.bss) + SIZEOF (.main.bss)))
                0x02012cdc                        . = .
                0x02012cdc                        PROVIDE (__heap_start_ntr = .)
                0x00000001                        ASSERT ((. <= 0x2380000), Error: DS-mode sections overflow DS ARM9 memory size (3.5 MB))

.twl            0x02012ce0        0x0 load address 0x02400000
 *(.twl .twl.*)
 *.twl.*(.text .stub .text.* .gnu.linkonce.t.*)
 *.twl.*(.glue_7t .glue_7 .vfp11_veneer .v4_bx)
 *.twl.*(.rodata .rodata.* .gnu.linkonce.r.*)
 *.twl.*(.rodata1)
                0x02012ce0                        . = ALIGN (0x4)

.twl.rw         0x02012ce0        0x0 load address 0x02400000
 *.twl.*(.data .data.* .gnu.linkonce.d.*)
 *.twl.*(.data1)
                0x02012ce0                        . = ALIGN (0x4)
                0x02400000                        PROVIDE (__twl_lma = LOADADDR (.twl))
                0x02012ce0                        PROVIDE (__twl_start = ADDR (.twl))
                0x02012ce0                        PROVIDE (__twl_end = (ADDR (.twl.rw) + SIZEOF (.twl.rw)))

.twl.bss        0x02012ce0        0x0 load address 0x02400000
 *(.twl_bss .twl_bss.*)
 *.twl.*(.dynbss)
 *.twl.*(.bss .bss.* .gnu.linkonce.b.*)
 *.twl.*(COMMON)
                0x02012ce0                        . = ALIGN (0x4)
                [!provide]                        PROVIDE (__twl_bss_start = ADDR (.twl.bss))
                0x02012ce0                        PROVIDE (__twl_bss_end = (ADDR (.twl.bss) + SIZEOF (.twl.bss)))
                0x02012ce0                        . = .
                0x02012ce0                        PROVIDE (__heap_start_twl = .)

.loadlist       0x0e000990       0x30 load address 0x02015fb8
                0x0e000990        0x4 LONG 0x1ff8000 __itcm_start
                0x0e000994        0x4 LONG 0x1ff86c8 __itcm_end
                0x0e000998        0x4 LONG 0x1ff86c8 __itcm_end
                0x0e00099c        0x4 LONG 0x2ff0000 __dtcm_start
                0x0e0009a0        0x4 LONG 0x2ff0000 __dtcm_end
                0x0e0009a4        0x4 LONG 0x2ff0098 __dtcm_bss_end
                0x0e0009a8        0x4 LONG 0x2001360 __main_start
                0x0e0009ac        0x4 LONG 0x2011f60 __main_end
                0x0e0009b0        0x4 LONG 0x2011f60 __main_end
                0x0e0009b4        0x4 LONG 0x2011f60 __tls_start
                0x0e0009b8        0x4 LONG 0x2011f60 __tls_end
                0x0e0009bc        0x4 LONG 0x2012cdc __main_bss_end
                0x02004cf0                        PROVIDE (__loadlist_lma = __itcm_lma)
                0x02015fb8                        PROVIDE (__loadlist_start = LOADADDR (.loadlist))
                0x02015fe8                        PROVIDE (__loadlist_end = (LOADADDR (.loadlist) + SIZEOF (.loadlist)))

.twl.loadlist   0x0e0009c0        0xc load address 0x02400000
                0x0e0009c0        0x4 LONG 0x2012ce0 __twl_start
                0x0e0009c4        0x4 LONG 0x2012ce0 __twl_end
                0x0e0009c8        0x4 LONG 0x2012ce0 __twl_bss_end
                0x02400000                        PROVIDE (__twl_loadlist_lma = __twl_lma)
                0x02400000                        PROVIDE (__twl_loadlist_start = LOADADDR (.twl.loadlist))
                0x0240000c                        PROVIDE (__twl_loadlist_end = (LOADADDR (.twl.loadlist) + SIZEOF (.twl.loadlist)))

.rel.dyn        0x0e0009cc        0x0 load address 0x0240000c
 .rel.iplt      0x0e0009cc        0x0 /opt/devkitpro/devkitARM/bin/../lib/gcc/arm-none-eabi/14.2.0/thumb/crtbegin.o

.stab
 *(.stab)

.stabstr
 *(.stabstr)

.stab.excl
 *(.stab.excl)

.stab.exclstr
 *(.stab.exclstr)

.stab.index
 *(.stab.index)

.stab.indexstr
 *(.stab.indexstr)

.comment        0x00000000       0x23
 *(.comment)
 .comment       0x00000000       0x23 /opt/devkitpro/devkitARM/bin/../lib/gcc/arm-none-eabi/14.2.0/thumb/crtbegin.o
                                 0x24 (size before relaxing)
 .comment       0x00000023       0x24 main.o
 .comment       0x00000023       0x24 /opt/devkitpro/libnds/lib/libnds9.a(console.o)
 .comment       0x00000023       0x24 /opt/devkitpro/libnds/lib/libnds9.a(gl2d.o)
 .comment       0x00000023       0x24 /opt/devkitpro/libnds/lib/libnds9.a(keys.o)
 .comment       0x00000023       0x24 /opt/devkitpro/libnds/lib/libnds9.a(sprite.o)
 .comment       0x00000023       0x24 /opt/devkitpro/libnds/lib/libnds9.a(trig.o)
 .comment       0x00000023       0x24 /opt/devkitpro/libnds/lib/libnds9.a(videoGL_base.o)
 .comment       0x00000023       0x24 /opt/devkitpro/libnds/lib/libnds9.a(videoGL.o)
 .comment       0x00000023       0x24 /opt/devkitpro/libnds/lib/libnds9.a(background.o)
 .comment       0x00000023       0x24 /opt/devkitpro/libnds/lib/libnds9.a(dynamicArray.o)
 .comment       0x00000023       0x24 /opt/devkitpro/libnds/lib/libnds9.a(sprite_alloc.o)
 .comment       0x00000023       0x24 /opt/devkitpro/libnds/lib/libnds9.a(system.o)
 .comment       0x00000023       0x24 /opt/devkitpro/calico/lib/libcalico_ds9.a(thread_cold.o)
 .comment       0x00000023       0x24 /opt/devkitpro/calico/lib/libcalico_ds9.a(thread_hot.32.o)
 .comment       0x00000023       0x24 /opt/devkitpro/calico/lib/libcalico_ds9.a(arm-shims.32.o)
 .comment       0x00000023       0x24 /opt/devkitpro/calico/lib/libcalico_ds9.a(keypad.o)
 .comment       0x00000023       0x24 /opt/devkitpro/calico/lib/libcalico_ds9.a(pm.o)
 .comment       0x00000023       0x24 /opt/devkitpro/calico/lib/libcalico_ds9.a(touch.o)
 .comment       0x00000023       0x24 /opt/devkitpro/calico/lib/libcalico_ds9.a(tick.o)
 .comment       0x00000023       0x24 /opt/devkitpro/calico/lib/libcalico_ds9.a(mailbox.o)
 .comment       0x00000023       0x24 /opt/devkitpro/calico/lib/libcalico_ds9.a(newlib_syscalls.o)
 .comment       0x00000023       0x24 /opt/devkitpro/calico/lib/libcalico_ds9.a(startup.crt0.o)
 .comment       0x00000023       0x24 /opt/devkitpro/calico/lib/libcalico_ds9.a(pxi.o)
 .comment       0x00000023       0x24 /opt/devkitpro/calico/lib/libcalico_ds9.a(sys_startup.o)
 .comment       0x00000023       0x24 /opt/devkitpro/calico/lib/libcalico_ds9.a(irq.o)
 .comment       0x00000023       0x24 /opt/devkitpro/calico/lib/libcalico_ds9.a(mutex.o)
 .comment       0x00000023       0x24 /opt/devkitpro/devkitARM/bin/../lib/gcc/arm-none-eabi/14.2.0/thumb/libgcc.a(_muldi3.o)
 .comment       0x00000023       0x24 /opt/devkitpro/devkitARM/bin/../lib/gcc/arm-none-eabi/14.2.0/thumb/libgcc.a(_udivmoddi4.o)
 .comment       0x00000023       0x24 /opt/devkitpro/devkitARM/bin/../lib/gcc/arm-none-eabi/14.2.0/../../../../arm-none-eabi/lib/thumb/libg.a(libc_a-rand.o)
 .comment       0x00000023       0x24 /opt/devkitpro/devkitARM/bin/../lib/gcc/arm-none-eabi/14.2.0/../../../../arm-none-eabi/lib/thumb/libg.a(libc_a-calloc.o)
 .comment       0x00000023       0x24 /opt/devkitpro/devkitARM/bin/../lib/gcc/arm-none-eabi/14.2.0/../../../../arm-none-eabi/lib/thumb/libg.a(libc_a-siscanf.o)
 .comment       0x00000023       0x24 /opt/devkitpro/devkitARM/bin/../lib/gcc/arm-none-eabi/14.2.0/../../../../arm-none-eabi/lib/thumb/libg.a(libc_a-stdio.o)
 .comment       0x00000023       0x24 /opt/devkitpro/devkitARM/bin/../lib/gcc/arm-none-eabi/14.2.0/../../../../arm-none-eabi/lib/thumb/libg.a(libc_a-callocr.o)
 .comment       0x00000023       0x24 /opt/devkitpro/devkitARM/bin/../lib/gcc/arm-none-eabi/14.2.0/../../../../arm-none-eabi/lib/thumb/libg.a(libc_a-realloc.o)
 .comment       0x00000023       0x24 /opt/devkitpro/devkitARM/bin/../lib/gcc/arm-none-eabi/14.2.0/../../../../arm-none-eabi/lib/thumb/libg.a(libc_a-mallocr.o)
 .comment       0x00000023       0x24 /opt/devkitpro/devkitARM/bin/../lib/gcc/arm-none-eabi/14.2.0/../../../../arm-none-eabi/lib/thumb/libg.a(libc_a-freer.o)
 .comment       0x00000023       0x24 /opt/devkitpro/devkitARM/bin/../lib/gcc/arm-none-eabi/14.2.0/../../../../arm-none-eabi/lib/thumb/libg.a(libc_a-setvbuf.o)
 .comment       0x00000023       0x24 /opt/devkitpro/devkitARM/bin/../lib/gcc/arm-none-eabi/14.2.0/../../../../arm-none-eabi/lib/thumb/libg.a(libc_a-malloc.o)
 .comment       0x00000023       0x24 /opt/devkitpro/devkitARM/bin/../lib/gcc/arm-none-eabi/14.2.0/../../../../arm-none-eabi/lib/thumb/libg.a(libc_a-memcpy-stub.o)
 .comment       0x00000023       0x24 /opt/devkitpro/devkitARM/bin/../lib/gcc/arm-none-eabi/14.2.0/../../../../arm-none-eabi/lib/thumb/libg.a(libc_a-memset.o)
 .comment       0x00000023       0x24 /opt/devkitpro/devkitARM/bin/../lib/gcc/arm-none-eabi/14.2.0/../../../../arm-none-eabi/lib/thumb/libg.a(libc_a-reallocr.o)
 .comment       0x00000023       0x24 /opt/devkitpro/devkitARM/bin/../lib/gcc/arm-none-eabi/14.2.0/../../../../arm-none-eabi/lib/thumb/libg.a(libc_a-mlock.o)
 .comment       0x00000023       0x24 /opt/devkitpro/devkitARM/bin/../lib/gcc/arm-none-eabi/14.2.0/../../../../arm-none-eabi/lib/thumb/libg.a(libc_a-exit.o)
 .comment       0x00000023       0x24 /opt/devkitpro/devkitARM/bin/../lib/gcc/arm-none-eabi/14.2.0/../../../../arm-none-eabi/lib/thumb/libg.a(libc_a-iprintf.o)
 .comment       0x00000023       0x24 /opt/devkitpro/devkitARM/bin/../lib/gcc/arm-none-eabi/14.2.0/../../../../arm-none-eabi/lib/thumb/libg.a(libc_a-init.o)
 .comment       0x00000023       0x24 /opt/devkitpro/devkitARM/bin/../lib/gcc/arm-none-eabi/14.2.0/../../../../arm-none-eabi/lib/thumb/libg.a(libc_a-fflush.o)
 .comment       0x00000023       0x24 /opt/devkitpro/devkitARM/bin/../lib/gcc/arm-none-eabi/14.2.0/../../../../arm-none-eabi/lib/thumb/libg.a(libc_a-strlen-stub.o)
 .comment       0x00000023       0x24 /opt/devkitpro/devkitARM/bin/../lib/gcc/arm-none-eabi/14.2.0/../../../../arm-none-eabi/lib/thumb/libg.a(libc_a-memmove.o)
 .comment       0x00000023       0x24 /opt/devkitpro/devkitARM/bin/../lib/gcc/arm-none-eabi/14.2.0/../../../../arm-none-eabi/lib/thumb/libg.a(libc_a-impure.o)
 .comment       0x00000023       0x24 /opt/devkitpro/devkitARM/bin/../lib/gcc/arm-none-eabi/14.2.0/../../../../arm-none-eabi/lib/thumb/libg.a(libc_a-vfiprintf.o)
 .comment       0x00000023       0x24 /opt/devkitpro/devkitARM/bin/../lib/gcc/arm-none-eabi/14.2.0/../../../../arm-none-eabi/lib/thumb/libg.a(libc_a-malignr.o)
 .comment       0x00000023       0x24 /opt/devkitpro/devkitARM/bin/../lib/gcc/arm-none-eabi/14.2.0/../../../../arm-none-eabi/lib/thumb/libg.a(libc_a-memchr-stub.o)
 .comment       0x00000023       0x24 /opt/devkitpro/devkitARM/bin/../lib/gcc/arm-none-eabi/14.2.0/../../../../arm-none-eabi/lib/thumb/libg.a(libc_a-svfiscanf.o)
 .comment       0x00000023       0x24 /opt/devkitpro/devkitARM/bin/../lib/gcc/arm-none-eabi/14.2.0/../../../../arm-none-eabi/lib/thumb/libg.a(libc_a-strtoul.o)
 .comment       0x00000023       0x24 /opt/devkitpro/devkitARM/bin/../lib/gcc/arm-none-eabi/14.2.0/../../../../arm-none-eabi/lib/thumb/libg.a(libc_a-fini.o)
 .comment       0x00000023       0x24 /opt/devkitpro/devkitARM/bin/../lib/gcc/arm-none-eabi/14.2.0/../../../../arm-none-eabi/lib/thumb/libg.a(libc_a-sprint_r.o)
 .comment       0x00000023       0x24 /opt/devkitpro/devkitARM/bin/../lib/gcc/arm-none-eabi/14.2.0/../../../../arm-none-eabi/lib/thumb/libg.a(libc_a-iswspace.o)
 .comment       0x00000023       0x24 /opt/devkitpro/devkitARM/bin/../lib/gcc/arm-none-eabi/14.2.0/../../../../arm-none-eabi/lib/thumb/libg.a(libc_a-sccl.o)
 .comment       0x00000023       0x24 /opt/devkitpro/devkitARM/bin/../lib/gcc/arm-none-eabi/14.2.0/../../../../arm-none-eabi/lib/thumb/libg.a(libc_a-localeconv.o)
 .comment       0x00000023       0x24 /opt/devkitpro/devkitARM/bin/../lib/gcc/arm-none-eabi/14.2.0/../../../../arm-none-eabi/lib/thumb/libg.a(libc_a-makebuf.o)
 .comment       0x00000023       0x24 /opt/devkitpro/devkitARM/bin/../lib/gcc/arm-none-eabi/14.2.0/../../../../arm-none-eabi/lib/thumb/libg.a(libc_a-findfp.o)
 .comment       0x00000023       0x24 /opt/devkitpro/devkitARM/bin/../lib/gcc/arm-none-eabi/14.2.0/../../../../arm-none-eabi/lib/thumb/libg.a(libc_a-wcrtomb.o)
 .comment       0x00000023       0x24 /opt/devkitpro/devkitARM/bin/../lib/gcc/arm-none-eabi/14.2.0/../../../../arm-none-eabi/lib/thumb/libg.a(libc_a-strtol.o)
 .comment       0x00000023       0x24 /opt/devkitpro/devkitARM/bin/../lib/gcc/arm-none-eabi/14.2.0/../../../../arm-none-eabi/lib/thumb/libg.a(libc_a-ctype_.o)
 .comment       0x00000023       0x24 /opt/devkitpro/devkitARM/bin/../lib/gcc/arm-none-eabi/14.2.0/../../../../arm-none-eabi/lib/thumb/libg.a(libc_a-fwalk.o)
 .comment       0x00000023       0x24 /opt/devkitpro/devkitARM/bin/../lib/gcc/arm-none-eabi/14.2.0/../../../../arm-none-eabi/lib/thumb/libg.a(libc_a-strncpy.o)
 .comment       0x00000023       0x24 /opt/devkitpro/devkitARM/bin/../lib/gcc/arm-none-eabi/14.2.0/../../../../arm-none-eabi/lib/thumb/libg.a(libc_a-strtoull.o)
 .comment       0x00000023       0x24 /opt/devkitpro/devkitARM/bin/../lib/gcc/arm-none-eabi/14.2.0/../../../../arm-none-eabi/lib/thumb/libg.a(libc_a-wcsrtombs.o)
 .comment       0x00000023       0x24 /opt/devkitpro/devkitARM/bin/../lib/gcc/arm-none-eabi/14.2.0/../../../../arm-none-eabi/lib/thumb/libg.a(libc_a-svfiprintf.o)
 .comment       0x00000023       0x24 /opt/devkitpro/devkitARM/bin/../lib/gcc/arm-none-eabi/14.2.0/../../../../arm-none-eabi/lib/thumb/libg.a(libc_a-mbrtowc.o)
 .comment       0x00000023       0x24 /opt/devkitpro/devkitARM/bin/../lib/gcc/arm-none-eabi/14.2.0/../../../../arm-none-eabi/lib/thumb/libg.a(libc_a-wsetup.o)
 .comment       0x00000023       0x24 /opt/devkitpro/devkitARM/bin/../lib/gcc/arm-none-eabi/14.2.0/../../../../arm-none-eabi/lib/thumb/libg.a(libc_a-ungetc.o)
 .comment       0x00000023       0x24 /opt/devkitpro/devkitARM/bin/../lib/gcc/arm-none-eabi/14.2.0/../../../../arm-none-eabi/lib/thumb/libg.a(libc_a-iswspace_l.o)
 .comment       0x00000023       0x24 /opt/devkitpro/devkitARM/bin/../lib/gcc/arm-none-eabi/14.2.0/../../../../arm-none-eabi/lib/thumb/libg.a(libc_a-fvwrite.o)
 .comment       0x00000023       0x24 /opt/devkitpro/devkitARM/bin/../lib/gcc/arm-none-eabi/14.2.0/../../../../arm-none-eabi/lib/thumb/libg.a(libc_a-strtoll.o)
 .comment       0x00000023       0x24 /opt/devkitpro/devkitARM/bin/../lib/gcc/arm-none-eabi/14.2.0/../../../../arm-none-eabi/lib/thumb/libg.a(libc_a-locale.o)
 .comment       0x00000023       0x24 /opt/devkitpro/devkitARM/bin/../lib/gcc/arm-none-eabi/14.2.0/../../../../arm-none-eabi/lib/thumb/libg.a(libc_a-wcsnrtombs.o)
 .comment       0x00000023       0x24 /opt/devkitpro/devkitARM/bin/../lib/gcc/arm-none-eabi/14.2.0/../../../../arm-none-eabi/lib/thumb/libg.a(libc_a-mbtowc_r.o)
 .comment       0x00000023       0x24 /opt/devkitpro/devkitARM/bin/../lib/gcc/arm-none-eabi/14.2.0/../../../../arm-none-eabi/lib/thumb/libg.a(libc_a-fclose.o)
 .comment       0x00000023       0x24 /opt/devkitpro/devkitARM/bin/../lib/gcc/arm-none-eabi/14.2.0/../../../../arm-none-eabi/lib/thumb/libg.a(libc_a-categories.o)
 .comment       0x00000023       0x24 /opt/devkitpro/devkitARM/bin/../lib/gcc/arm-none-eabi/14.2.0/../../../../arm-none-eabi/lib/thumb/libg.a(libc_a-wctomb_r.o)
 .comment       0x00000023       0x24 /opt/devkitpro/devkitARM/bin/../lib/gcc/arm-none-eabi/14.2.0/../../../../arm-none-eabi/lib/thumb/libsysbase.a(libsysbase_libsysbase_a-_exit.o)
 .comment       0x00000023       0x24 /opt/devkitpro/devkitARM/bin/../lib/gcc/arm-none-eabi/14.2.0/../../../../arm-none-eabi/lib/thumb/libsysbase.a(libsysbase_libsysbase_a-fstat.o)
 .comment       0x00000023       0x24 /opt/devkitpro/devkitARM/bin/../lib/gcc/arm-none-eabi/14.2.0/../../../../arm-none-eabi/lib/thumb/libsysbase.a(libsysbase_libsysbase_a-getreent.o)
 .comment       0x00000023       0x24 /opt/devkitpro/devkitARM/bin/../lib/gcc/arm-none-eabi/14.2.0/../../../../arm-none-eabi/lib/thumb/libsysbase.a(libsysbase_libsysbase_a-handle_manager.o)
 .comment       0x00000023       0x24 /opt/devkitpro/devkitARM/bin/../lib/gcc/arm-none-eabi/14.2.0/../../../../arm-none-eabi/lib/thumb/libsysbase.a(libsysbase_libsysbase_a-iosupport.o)
 .comment       0x00000023       0x24 /opt/devkitpro/devkitARM/bin/../lib/gcc/arm-none-eabi/14.2.0/../../../../arm-none-eabi/lib/thumb/libsysbase.a(libsysbase_libsysbase_a-isatty.o)
 .comment       0x00000023       0x24 /opt/devkitpro/devkitARM/bin/../lib/gcc/arm-none-eabi/14.2.0/../../../../arm-none-eabi/lib/thumb/libsysbase.a(libsysbase_libsysbase_a-lseek.o)
 .comment       0x00000023       0x24 /opt/devkitpro/devkitARM/bin/../lib/gcc/arm-none-eabi/14.2.0/../../../../arm-none-eabi/lib/thumb/libsysbase.a(libsysbase_libsysbase_a-malloc_vars.o)
 .comment       0x00000023       0x24 /opt/devkitpro/devkitARM/bin/../lib/gcc/arm-none-eabi/14.2.0/../../../../arm-none-eabi/lib/thumb/libsysbase.a(libsysbase_libsysbase_a-read.o)
 .comment       0x00000023       0x24 /opt/devkitpro/devkitARM/bin/../lib/gcc/arm-none-eabi/14.2.0/../../../../arm-none-eabi/lib/thumb/libsysbase.a(libsysbase_libsysbase_a-sbrk.o)
 .comment       0x00000023       0x24 /opt/devkitpro/devkitARM/bin/../lib/gcc/arm-none-eabi/14.2.0/../../../../arm-none-eabi/lib/thumb/libsysbase.a(libsysbase_libsysbase_a-syscall_support.o)
 .comment       0x00000023       0x24 /opt/devkitpro/devkitARM/bin/../lib/gcc/arm-none-eabi/14.2.0/../../../../arm-none-eabi/lib/thumb/libsysbase.a(libsysbase_libsysbase_a-write.o)
 .comment       0x00000023       0x24 /opt/devkitpro/devkitARM/bin/../lib/gcc/arm-none-eabi/14.2.0/thumb/crtend.o

.gnu.build.attributes
 *(.gnu.build.attributes .gnu.build.attributes.*)

.debug
 *(.debug)

.line
 *(.line)

.debug_srcinfo
 *(.debug_srcinfo)

.debug_sfnames
 *(.debug_sfnames)

.debug_aranges  0x00000000      0xa88
 *(.debug_aranges)
 .debug_aranges
                0x00000000       0x40 main.o
 .debug_aranges
                0x00000040       0x80 /opt/devkitpro/libnds/lib/libnds9.a(console.o)
 .debug_aranges
                0x000000c0       0xc8 /opt/devkitpro/libnds/lib/libnds9.a(gl2d.o)
 .debug_aranges
                0x00000188       0x50 /opt/devkitpro/libnds/lib/libnds9.a(keys.o)
 .debug_aranges
                0x000001d8       0x60 /opt/devkitpro/libnds/lib/libnds9.a(sprite.o)
 .debug_aranges
                0x00000238       0x60 /opt/devkitpro/libnds/lib/libnds9.a(trig.o)
 .debug_aranges
                0x00000298       0x38 /opt/devkitpro/libnds/lib/libnds9.a(videoGL_base.o)
 .debug_aranges
                0x000002d0      0x128 /opt/devkitpro/libnds/lib/libnds9.a(videoGL.o)
 .debug_aranges
                0x000003f8       0x40 /opt/devkitpro/libnds/lib/libnds9.a(background.o)
 .debug_aranges
                0x00000438       0x38 /opt/devkitpro/libnds/lib/libnds9.a(dynamicArray.o)
 .debug_aranges
                0x00000470       0x38 /opt/devkitpro/libnds/lib/libnds9.a(sprite_alloc.o)
 .debug_aranges
                0x000004a8       0x28 /opt/devkitpro/libnds/lib/libnds9.a(system.o)
 .debug_aranges
                0x000004d0       0x88 /opt/devkitpro/calico/lib/libcalico_ds9.a(thread_cold.o)
 .debug_aranges
                0x00000558       0x50 /opt/devkitpro/calico/lib/libcalico_ds9.a(thread_hot.32.o)
 .debug_aranges
                0x000005a8       0x28 /opt/devkitpro/calico/lib/libcalico_ds9.a(arm-context.32.o)
 .debug_aranges
                0x000005d0       0x70 /opt/devkitpro/calico/lib/libcalico_ds9.a(arm-shims.32.o)
 .debug_aranges
                0x00000640       0x48 /opt/devkitpro/calico/lib/libcalico_ds9.a(arm-cache.32.o)
 .debug_aranges
                0x00000688       0x20 /opt/devkitpro/calico/lib/libcalico_ds9.a(keypad.o)
 .debug_aranges
                0x000006a8       0xa0 /opt/devkitpro/calico/lib/libcalico_ds9.a(pm.o)
 .debug_aranges
                0x00000748       0x38 /opt/devkitpro/calico/lib/libcalico_ds9.a(bootstub_arm9.o)
 .debug_aranges
                0x00000780       0x20 /opt/devkitpro/calico/lib/libcalico_ds9.a(excpt_handler.32.o)
 .debug_aranges
                0x000007a0       0x20 /opt/devkitpro/calico/lib/libcalico_ds9.a(touch.o)
 .debug_aranges
                0x000007c0       0x50 /opt/devkitpro/calico/lib/libcalico_ds9.a(tick.o)
 .debug_aranges
                0x00000810       0x30 /opt/devkitpro/calico/lib/libcalico_ds9.a(mailbox.o)
 .debug_aranges
                0x00000840       0xa8 /opt/devkitpro/calico/lib/libcalico_ds9.a(newlib_syscalls.o)
 .debug_aranges
                0x000008e8       0x28 /opt/devkitpro/calico/lib/libcalico_ds9.a(startup.crt0.o)
 .debug_aranges
                0x00000910       0x28 /opt/devkitpro/calico/lib/libcalico_ds9.a(utils.crt0.o)
 .debug_aranges
                0x00000938       0x20 /opt/devkitpro/calico/lib/libcalico_ds9.a(irq_handler.32.o)
 .debug_aranges
                0x00000958       0x78 /opt/devkitpro/calico/lib/libcalico_ds9.a(pxi.o)
 .debug_aranges
                0x000009d0       0x20 /opt/devkitpro/calico/lib/libcalico_ds9.a(mpu_setup.crt0.o)
 .debug_aranges
                0x000009f0       0x28 /opt/devkitpro/calico/lib/libcalico_ds9.a(sys_startup.o)
 .debug_aranges
                0x00000a18       0x20 /opt/devkitpro/calico/lib/libcalico_ds9.a(irq.o)
 .debug_aranges
                0x00000a38       0x50 /opt/devkitpro/calico/lib/libcalico_ds9.a(mutex.o)

.debug_pubnames
 *(.debug_pubnames)

.debug_info     0x00000000    0x1cc2a
 *(.debug_info .gnu.linkonce.wi.*)
 .debug_info    0x00000000     0x1887 main.o
 .debug_info    0x00001887     0x2aa7 /opt/devkitpro/libnds/lib/libnds9.a(console.o)
 .debug_info    0x0000432e     0x5022 /opt/devkitpro/libnds/lib/libnds9.a(gl2d.o)
 .debug_info    0x00009350      0x48a /opt/devkitpro/libnds/lib/libnds9.a(keys.o)
 .debug_info    0x000097da     0x1249 /opt/devkitpro/libnds/lib/libnds9.a(sprite.o)
 .debug_info    0x0000aa23      0x78f /opt/devkitpro/libnds/lib/libnds9.a(trig.o)
 .debug_info    0x0000b1b2      0xdeb /opt/devkitpro/libnds/lib/libnds9.a(videoGL_base.o)
 .debug_info    0x0000bf9d     0x2eb1 /opt/devkitpro/libnds/lib/libnds9.a(videoGL.o)
 .debug_info    0x0000ee4e      0xa3e /opt/devkitpro/libnds/lib/libnds9.a(background.o)
 .debug_info    0x0000f88c      0x2a8 /opt/devkitpro/libnds/lib/libnds9.a(dynamicArray.o)
 .debug_info    0x0000fb34     0x1c98 /opt/devkitpro/libnds/lib/libnds9.a(sprite_alloc.o)
 .debug_info    0x000117cc       0xfd /opt/devkitpro/libnds/lib/libnds9.a(system.o)
 .debug_info    0x000118c9     0x1f3f /opt/devkitpro/calico/lib/libcalico_ds9.a(thread_cold.o)
 .debug_info    0x00013808     0x133c /opt/devkitpro/calico/lib/libcalico_ds9.a(thread_hot.32.o)
 .debug_info    0x00014b44       0x3b /opt/devkitpro/calico/lib/libcalico_ds9.a(arm-context.32.o)
 .debug_info    0x00014b7f      0x396 /opt/devkitpro/calico/lib/libcalico_ds9.a(arm-shims.32.o)
 .debug_info    0x00014f15       0x67 /opt/devkitpro/calico/lib/libcalico_ds9.a(arm-cache.32.o)
 .debug_info    0x00014f7c      0x1c1 /opt/devkitpro/calico/lib/libcalico_ds9.a(keypad.o)
 .debug_info    0x0001513d     0x1b5c /opt/devkitpro/calico/lib/libcalico_ds9.a(pm.o)
 .debug_info    0x00016c99       0x3e /opt/devkitpro/calico/lib/libcalico_ds9.a(bootstub_arm9.o)
 .debug_info    0x00016cd7       0x5d /opt/devkitpro/calico/lib/libcalico_ds9.a(excpt_handler.32.o)
 .debug_info    0x00016d34      0x26a /opt/devkitpro/calico/lib/libcalico_ds9.a(touch.o)
 .debug_info    0x00016f9e      0xcb0 /opt/devkitpro/calico/lib/libcalico_ds9.a(tick.o)
 .debug_info    0x00017c4e      0x865 /opt/devkitpro/calico/lib/libcalico_ds9.a(mailbox.o)
 .debug_info    0x000184b3     0x15e3 /opt/devkitpro/calico/lib/libcalico_ds9.a(newlib_syscalls.o)
 .debug_info    0x00019a96      0x462 /opt/devkitpro/calico/lib/libcalico_ds9.a(startup.crt0.o)
 .debug_info    0x00019ef8       0x3b /opt/devkitpro/calico/lib/libcalico_ds9.a(utils.crt0.o)
 .debug_info    0x00019f33       0x33 /opt/devkitpro/calico/lib/libcalico_ds9.a(irq_handler.32.o)
 .debug_info    0x00019f66     0x140d /opt/devkitpro/calico/lib/libcalico_ds9.a(pxi.o)
 .debug_info    0x0001b373       0x33 /opt/devkitpro/calico/lib/libcalico_ds9.a(mpu_setup.crt0.o)
 .debug_info    0x0001b3a6      0x4fd /opt/devkitpro/calico/lib/libcalico_ds9.a(sys_startup.o)
 .debug_info    0x0001b8a3      0x295 /opt/devkitpro/calico/lib/libcalico_ds9.a(irq.o)
 .debug_info    0x0001bb38     0x10f2 /opt/devkitpro/calico/lib/libcalico_ds9.a(mutex.o)

.debug_abbrev   0x00000000     0x5700
 *(.debug_abbrev)
 .debug_abbrev  0x00000000      0x551 main.o
 .debug_abbrev  0x00000551      0x637 /opt/devkitpro/libnds/lib/libnds9.a(console.o)
 .debug_abbrev  0x00000b88      0x4d0 /opt/devkitpro/libnds/lib/libnds9.a(gl2d.o)
 .debug_abbrev  0x00001058      0x274 /opt/devkitpro/libnds/lib/libnds9.a(keys.o)
 .debug_abbrev  0x000012cc      0x43e /opt/devkitpro/libnds/lib/libnds9.a(sprite.o)
 .debug_abbrev  0x0000170a      0x26d /opt/devkitpro/libnds/lib/libnds9.a(trig.o)
 .debug_abbrev  0x00001977      0x314 /opt/devkitpro/libnds/lib/libnds9.a(videoGL_base.o)
 .debug_abbrev  0x00001c8b      0x599 /opt/devkitpro/libnds/lib/libnds9.a(videoGL.o)
 .debug_abbrev  0x00002224      0x354 /opt/devkitpro/libnds/lib/libnds9.a(background.o)
 .debug_abbrev  0x00002578      0x158 /opt/devkitpro/libnds/lib/libnds9.a(dynamicArray.o)
 .debug_abbrev  0x000026d0      0x3bd /opt/devkitpro/libnds/lib/libnds9.a(sprite_alloc.o)
 .debug_abbrev  0x00002a8d       0x91 /opt/devkitpro/libnds/lib/libnds9.a(system.o)
 .debug_abbrev  0x00002b1e      0x578 /opt/devkitpro/calico/lib/libcalico_ds9.a(thread_cold.o)
 .debug_abbrev  0x00003096      0x36e /opt/devkitpro/calico/lib/libcalico_ds9.a(thread_hot.32.o)
 .debug_abbrev  0x00003404       0x26 /opt/devkitpro/calico/lib/libcalico_ds9.a(arm-context.32.o)
 .debug_abbrev  0x0000342a      0x1b9 /opt/devkitpro/calico/lib/libcalico_ds9.a(arm-shims.32.o)
 .debug_abbrev  0x000035e3       0x26 /opt/devkitpro/calico/lib/libcalico_ds9.a(arm-cache.32.o)